{"event": "startup_confirmed", "job": "PORT-Synthetic_GS3-Drums", "gpu": "2", "pid": 580323, "phase": "train", "step": 100}
{"event": "startup_confirmed", "job": "PORT-Synthetic_GS3-Lego", "gpu": "1", "pid": 580324, "phase": "train", "step": 100}
{"event": "phasefinish", "job": "PORT-Synthetic_GS3-Drums", "gpu": "2", "phase": "train", "pid": 580323}
{"event": "startup_confirmed", "job": "PORT-Synthetic_GS3-Drums", "gpu": "2", "pid": 582216, "phase": "appearance", "step": 100}
{"event": "phasefinish", "job": "PORT-Synthetic_GS3-Lego", "gpu": "1", "phase": "train", "pid": 580324}
{"event": "startup_confirmed", "job": "PORT-Synthetic_GS3-Lego", "gpu": "1", "pid": 582345, "phase": "appearance", "step": 100}
{"event": "phasefinish", "job": "PORT-Synthetic_GS3-Drums", "gpu": "2", "phase": "appearance", "pid": 582216}
{"event": "phasefinish", "job": "PORT-Synthetic_GS3-Lego", "gpu": "1", "phase": "appearance", "pid": 582345}
{"event": "phasefinish", "job": "PORT-Synthetic_GS3-Drums", "gpu": "2", "phase": "eval", "pid": 582953}
{"event": "jobfinish", "job": "PORT-Synthetic_GS3-Drums", "gpu": "2"}
{"event": "phasefinish", "job": "PORT-Synthetic_GS3-Lego", "gpu": "1", "phase": "eval", "pid": 583033}
{"event": "jobfinish", "job": "PORT-Synthetic_GS3-Lego", "gpu": "1"}
{"event": "startup_confirmed", "job": "PORT-Synthetic_GS3-Hotdog", "gpu": "2", "pid": 583099, "phase": "train", "step": 100}
{"event": "startup_confirmed", "job": "PORT-Synthetic_GS3-AnisoMetal", "gpu": "1", "pid": 583250, "phase": "train", "step": 100}
{"event": "phasefinish", "job": "PORT-Synthetic_GS3-Hotdog", "gpu": "2", "phase": "train", "pid": 583099}
{"event": "startup_confirmed", "job": "PORT-Synthetic_GS3-Hotdog", "gpu": "2", "pid": 584798, "phase": "appearance", "step": 100}
{"event": "phasefinish", "job": "PORT-Synthetic_GS3-Hotdog", "gpu": "2", "phase": "appearance", "pid": 584798}
{"event": "phasefinish", "job": "PORT-Synthetic_GS3-AnisoMetal", "gpu": "1", "phase": "train", "pid": 583250}
{"event": "phasefinish", "job": "PORT-Synthetic_GS3-Hotdog", "gpu": "2", "phase": "eval", "pid": 585355}
{"event": "jobfinish", "job": "PORT-Synthetic_GS3-Hotdog", "gpu": "2"}
{"event": "startup_confirmed", "job": "PORT-Synthetic_GS3-AnisoMetal", "gpu": "1", "pid": 585408, "phase": "appearance", "step": 100}
{"event": "startup_confirmed", "job": "PORT-Synthetic_GS3-FurBall", "gpu": "2", "pid": 585502, "phase": "train", "step": 100}
{"event": "phasefinish", "job": "PORT-Synthetic_GS3-AnisoMetal", "gpu": "1", "phase": "appearance", "pid": 585408}
{"event": "phasefinish", "job": "PORT-Synthetic_GS3-AnisoMetal", "gpu": "1", "phase": "eval", "pid": 586254}
{"event": "jobfinish", "job": "PORT-Synthetic_GS3-AnisoMetal", "gpu": "1"}
{"event": "startup_confirmed", "job": "PORT-Synthetic_GS3-Translucent", "gpu": "1", "pid": 586388, "phase": "train", "step": 100}
{"event": "phasefinish", "job": "PORT-Synthetic_GS3-FurBall", "gpu": "2", "phase": "train", "pid": 585502}
{"event": "startup_confirmed", "job": "PORT-Synthetic_GS3-FurBall", "gpu": "2", "pid": 587169, "phase": "appearance", "step": 100}
{"event": "phasefinish", "job": "PORT-Synthetic_GS3-FurBall", "gpu": "2", "phase": "appearance", "pid": 587169}
{"event": "phasefinish", "job": "PORT-Synthetic_GS3-FurBall", "gpu": "2", "phase": "eval", "pid": 587869}
{"event": "jobfinish", "job": "PORT-Synthetic_GS3-FurBall", "gpu": "2"}
{"event": "startup_confirmed", "job": "PORT-Real_NRHints-Cat", "gpu": "2", "pid": 587994, "phase": "train", "step": 100}
{"event": "phasefinish", "job": "PORT-Synthetic_GS3-Translucent", "gpu": "1", "phase": "train", "pid": 586388}
{"event": "startup_confirmed", "job": "PORT-Synthetic_GS3-Translucent", "gpu": "1", "pid": 588351, "phase": "appearance", "step": 100}
{"event": "phasefinish", "job": "PORT-Synthetic_GS3-Translucent", "gpu": "1", "phase": "appearance", "pid": 588351}
{"event": "phasefinish", "job": "PORT-Synthetic_GS3-Translucent", "gpu": "1", "phase": "eval", "pid": 589069}
{"event": "jobfinish", "job": "PORT-Synthetic_GS3-Translucent", "gpu": "1"}
{"event": "startup_confirmed", "job": "PORT-Real_NRHints-CatSmall", "gpu": "1", "pid": 589183, "phase": "train", "step": 100}
{"event": "phasefinish", "job": "PORT-Real_NRHints-Cat", "gpu": "2", "phase": "train", "pid": 587994}
{"event": "startup_confirmed", "job": "PORT-Real_NRHints-Cat", "gpu": "2", "pid": 590008, "phase": "appearance", "step": 100}
{"event": "phasefinish", "job": "PORT-Real_NRHints-CatSmall", "gpu": "1", "phase": "train", "pid": 589183}
{"event": "phasefinish", "job": "PORT-Real_NRHints-Cat", "gpu": "2", "phase": "appearance", "pid": 590008}
{"event": "phasefinish", "job": "PORT-Real_NRHints-Cat", "gpu": "2", "phase": "eval", "pid": 590860}
{"event": "jobfinish", "job": "PORT-Real_NRHints-Cat", "gpu": "2"}
{"event": "startup_confirmed", "job": "PORT-Real_NRHints-CatSmall", "gpu": "1", "pid": 590768, "phase": "appearance", "step": 100}
{"event": "startup_confirmed", "job": "PORT-Real_NRHints-CupFabric", "gpu": "2", "pid": 590911, "phase": "train", "step": 100}
{"event": "phasefinish", "job": "PORT-Real_NRHints-CatSmall", "gpu": "1", "phase": "appearance", "pid": 590768}
{"event": "phasefinish", "job": "PORT-Real_NRHints-CatSmall", "gpu": "1", "phase": "eval", "pid": 591453}
{"event": "jobfinish", "job": "PORT-Real_NRHints-CatSmall", "gpu": "1"}
{"event": "startup_confirmed", "job": "PORT-Real_NRHints-Fish", "gpu": "1", "pid": 591557, "phase": "train", "step": 100}
{"event": "phasefinish", "job": "PORT-Real_NRHints-CupFabric", "gpu": "2", "phase": "train", "pid": 590911}
{"event": "startup_confirmed", "job": "PORT-Real_NRHints-CupFabric", "gpu": "2", "pid": 592350, "phase": "appearance", "step": 100}
{"event": "phasefinish", "job": "PORT-Real_NRHints-CupFabric", "gpu": "2", "phase": "appearance", "pid": 592350}
{"event": "phasefinish", "job": "PORT-Real_NRHints-Fish", "gpu": "1", "phase": "train", "pid": 591557}
{"event": "startup_confirmed", "job": "PORT-Real_NRHints-Fish", "gpu": "1", "pid": 593012, "phase": "appearance", "step": 100}
{"event": "phasefinish", "job": "PORT-Real_NRHints-CupFabric", "gpu": "2", "phase": "eval", "pid": 592930}
{"event": "jobfinish", "job": "PORT-Real_NRHints-CupFabric", "gpu": "2"}
{"event": "startup_confirmed", "job": "PORT-Real_NRHints-FurScene", "gpu": "2", "pid": 593070, "phase": "train", "step": 100}
{"event": "phasefinish", "job": "PORT-Real_NRHints-Fish", "gpu": "1", "phase": "appearance", "pid": 593012}
{"event": "phasefinish", "job": "PORT-Real_NRHints-Fish", "gpu": "1", "phase": "eval", "pid": 593584}
{"event": "jobfinish", "job": "PORT-Real_NRHints-Fish", "gpu": "1"}
{"event": "startup_confirmed", "job": "PORT-Real_NRHints-Pikachu", "gpu": "1", "pid": 593642, "phase": "train", "step": 100}
{"event": "phasefinish", "job": "PORT-Real_NRHints-FurScene", "gpu": "2", "phase": "train", "pid": 593070}
{"event": "startup_confirmed", "job": "PORT-Real_NRHints-FurScene", "gpu": "2", "pid": 594748, "phase": "appearance", "step": 100}
{"event": "phasefinish", "job": "PORT-Real_NRHints-Pikachu", "gpu": "1", "phase": "train", "pid": 593642}
{"event": "phasefinish", "job": "PORT-Real_NRHints-FurScene", "gpu": "2", "phase": "appearance", "pid": 594748}
{"event": "phasefinish", "job": "PORT-Real_NRHints-FurScene", "gpu": "2", "phase": "eval", "pid": 595409}
{"event": "jobfinish", "job": "PORT-Real_NRHints-FurScene", "gpu": "2"}
{"event": "startup_confirmed", "job": "PORT-Real_NRHints-Pixiu", "gpu": "2", "pid": 595472, "phase": "train", "step": 100}
{"event": "startup_confirmed", "job": "PORT-Real_NRHints-Pikachu", "gpu": "1", "pid": 595270, "phase": "appearance", "step": 100}
{"event": "phasefinish", "job": "PORT-Real_NRHints-Pikachu", "gpu": "1", "phase": "appearance", "pid": 595270}
{"event": "phasefinish", "job": "PORT-Real_NRHints-Pikachu", "gpu": "1", "phase": "eval", "pid": 595954}
{"event": "jobfinish", "job": "PORT-Real_NRHints-Pikachu", "gpu": "1"}
{"event": "startup_confirmed", "job": "PORT-Synthetic_SSS-GS-bunny_small", "gpu": "1", "pid": 596080, "phase": "train", "step": 100}
{"event": "phasefinish", "job": "PORT-Real_NRHints-Pixiu", "gpu": "2", "phase": "train", "pid": 595472}
{"event": "startup_confirmed", "job": "PORT-Real_NRHints-Pixiu", "gpu": "2", "pid": 596891, "phase": "appearance", "step": 100}
{"event": "phasefinish", "job": "PORT-Synthetic_SSS-GS-bunny_small", "gpu": "1", "phase": "train", "pid": 596080}
{"event": "startup_confirmed", "job": "PORT-Synthetic_SSS-GS-bunny_small", "gpu": "1", "pid": 597228, "phase": "appearance", "step": 100}
{"event": "phasefinish", "job": "PORT-Real_NRHints-Pixiu", "gpu": "2", "phase": "appearance", "pid": 596891}
{"event": "phasefinish", "job": "PORT-Real_NRHints-Pixiu", "gpu": "2", "phase": "eval", "pid": 597414}
{"event": "jobfinish", "job": "PORT-Real_NRHints-Pixiu", "gpu": "2"}
{"event": "startup_confirmed", "job": "PORT-Synthetic_SSS-GS-candle_small", "gpu": "2", "pid": 597480, "phase": "train", "step": 100}
{"event": "phasefinish", "job": "PORT-Synthetic_SSS-GS-bunny_small", "gpu": "1", "phase": "appearance", "pid": 597228}
{"event": "phasefinish", "job": "PORT-Synthetic_SSS-GS-bunny_small", "gpu": "1", "phase": "eval", "pid": 597756}
{"event": "jobfinish", "job": "PORT-Synthetic_SSS-GS-bunny_small", "gpu": "1"}
{"event": "startup_confirmed", "job": "PORT-Synthetic_SSS-GS-dragon_small", "gpu": "1", "pid": 597822, "phase": "train", "step": 100}
{"event": "phasefinish", "job": "PORT-Synthetic_SSS-GS-candle_small", "gpu": "2", "phase": "train", "pid": 597480}
{"event": "startup_confirmed", "job": "PORT-Synthetic_SSS-GS-candle_small", "gpu": "2", "pid": 598708, "phase": "appearance", "step": 100}
{"event": "phasefinish", "job": "PORT-Synthetic_SSS-GS-dragon_small", "gpu": "1", "phase": "train", "pid": 597822}
{"event": "startup_confirmed", "job": "PORT-Synthetic_SSS-GS-dragon_small", "gpu": "1", "pid": 598995, "phase": "appearance", "step": 100}
{"event": "phasefinish", "job": "PORT-Synthetic_SSS-GS-candle_small", "gpu": "2", "phase": "appearance", "pid": 598708}
{"event": "phasefinish", "job": "PORT-Synthetic_SSS-GS-candle_small", "gpu": "2", "phase": "eval", "pid": 599166}
{"event": "jobfinish", "job": "PORT-Synthetic_SSS-GS-candle_small", "gpu": "2"}
{"event": "startup_confirmed", "job": "PORT-Synthetic_SSS-GS-soap_small", "gpu": "2", "pid": 599245, "phase": "train", "step": 100}
{"event": "phasefinish", "job": "PORT-Synthetic_SSS-GS-dragon_small", "gpu": "1", "phase": "appearance", "pid": 598995}
{"event": "phasefinish", "job": "PORT-Synthetic_SSS-GS-dragon_small", "gpu": "1", "phase": "eval", "pid": 599512}
{"event": "jobfinish", "job": "PORT-Synthetic_SSS-GS-dragon_small", "gpu": "1"}
{"event": "startup_confirmed", "job": "PORT-Synthetic_SSS-GS-statue_small", "gpu": "1", "pid": 599577, "phase": "train", "step": 100}
{"event": "phasefinish", "job": "PORT-Synthetic_SSS-GS-soap_small", "gpu": "2", "phase": "train", "pid": 599245}
{"event": "startup_confirmed", "job": "PORT-Synthetic_SSS-GS-soap_small", "gpu": "2", "pid": 600427, "phase": "appearance", "step": 100}
{"event": "phasefinish", "job": "PORT-Synthetic_SSS-GS-statue_small", "gpu": "1", "phase": "train", "pid": 599577}
{"event": "startup_confirmed", "job": "PORT-Synthetic_SSS-GS-statue_small", "gpu": "1", "pid": 600722, "phase": "appearance", "step": 100}
{"event": "phasefinish", "job": "PORT-Synthetic_SSS-GS-soap_small", "gpu": "2", "phase": "appearance", "pid": 600427}
{"event": "phasefinish", "job": "PORT-Synthetic_SSS-GS-soap_small", "gpu": "2", "phase": "eval", "pid": 600894}
{"event": "jobfinish", "job": "PORT-Synthetic_SSS-GS-soap_small", "gpu": "2"}
{"event": "phasefinish", "job": "PORT-Synthetic_SSS-GS-statue_small", "gpu": "1", "phase": "appearance", "pid": 600722}
{"event": "phasefinish", "job": "PORT-Synthetic_SSS-GS-statue_small", "gpu": "1", "phase": "eval", "pid": 601204}
{"event": "jobfinish", "job": "PORT-Synthetic_SSS-GS-statue_small", "gpu": "1"}
{"event": "queue_complete", "status": "/workspace/ubuntu2004_cuda12_1/projects/3dgs_relighting/PORT-GS/runs/lisa_staged_full_dataset_20261004/status.json"}
