Rc files read (in order):
  NONE
Latexmk: This is Latexmk, John Collins, 9 March 2026. Version 4.88.
Latexmk: applying rule 'xelatex'...
Rule 'xelatex':  Reasons for rerun
Changed files or newly in use/created:
  build/main.aux
  supp.tex
  tables/supp_shares.tex
Category 'changed_user':
  build/main.aux
  supp.tex
  tables/supp_shares.tex

------------
Run number 1 of rule 'xelatex'
------------
------------
Running 'xelatex -no-pdf -interaction=nonstopmode -halt-on-error -recorder -output-directory="build"  "supp.tex"'
------------
This is XeTeX, Version 3.141592653-2.6-0.999998 (TeX Live 2026) (preloaded format=xelatex)
 restricted \write18 enabled.
entering extended mode
(./supp.tex
LaTeX2e <2026-06-01>
L3 programming layer <2026-09-09>
(/workspace/ubuntu2004_cuda12_1/utils/tinytex/.TinyTeX/texmf-dist/tex/latex/base/article.cls
Document Class: article 2025/01/22 v1.4n Standard LaTeX document class
(/workspace/ubuntu2004_cuda12_1/utils/tinytex/.TinyTeX/texmf-dist/tex/latex/base/size10.clo)) (./cvpr.sty (/workspace/ubuntu2004_cuda12_1/utils/tinytex/.TinyTeX/texmf-dist/tex/latex/psnfss/times.sty) (/workspace/ubuntu2004_cuda12_1/utils/tinytex/.TinyTeX/texmf-dist/tex/latex/tools/xspace.sty) (/workspace/ubuntu2004_cuda12_1/utils/tinytex/.TinyTeX/texmf-dist/tex/latex/xcolor/xcolor.sty (/workspace/ubuntu2004_cuda12_1/utils/tinytex/.TinyTeX/texmf-dist/tex/latex/graphics-cfg/color.cfg) (/workspace/ubuntu2004_cuda12_1/utils/tinytex/.TinyTeX/texmf-dist/tex/latex/graphics-def/xetex.def) (/workspace/ubuntu2004_cuda12_1/utils/tinytex/.TinyTeX/texmf-dist/tex/latex/graphics/mathcolor.ltx)) (/workspace/ubuntu2004_cuda12_1/utils/tinytex/.TinyTeX/texmf-dist/tex/latex/graphics/dvipsnam.def) (/workspace/ubuntu2004_cuda12_1/utils/tinytex/.TinyTeX/texmf-dist/tex/latex/graphics/graphicx.sty (/workspace/ubuntu2004_cuda12_1/utils/tinytex/.TinyTeX/texmf-dist/tex/latex/graphics/keyval.sty) (/workspace/ubuntu2004_cuda12_1/utils/tinytex/.TinyTeX/texmf-dist/tex/latex/graphics/graphics.sty (/workspace/ubuntu2004_cuda12_1/utils/tinytex/.TinyTeX/texmf-dist/tex/latex/graphics/trig.sty) (/workspace/ubuntu2004_cuda12_1/utils/tinytex/.TinyTeX/texmf-dist/tex/latex/graphics-cfg/graphics.cfg))) (/workspace/ubuntu2004_cuda12_1/utils/tinytex/.TinyTeX/texmf-dist/tex/latex/amsmath/amsmath.sty
For additional information on amsmath, use the `?' option.
(/workspace/ubuntu2004_cuda12_1/utils/tinytex/.TinyTeX/texmf-dist/tex/latex/amsmath/amstext.sty (/workspace/ubuntu2004_cuda12_1/utils/tinytex/.TinyTeX/texmf-dist/tex/latex/amsmath/amsgen.sty)) (/workspace/ubuntu2004_cuda12_1/utils/tinytex/.TinyTeX/texmf-dist/tex/latex/amsmath/amsbsy.sty) (/workspace/ubuntu2004_cuda12_1/utils/tinytex/.TinyTeX/texmf-dist/tex/latex/amsmath/amsopn.sty)) (/workspace/ubuntu2004_cuda12_1/utils/tinytex/.TinyTeX/texmf-dist/tex/latex/amsfonts/amssymb.sty (/workspace/ubuntu2004_cuda12_1/utils/tinytex/.TinyTeX/texmf-dist/tex/latex/amsfonts/amsfonts.sty)) (/workspace/ubuntu2004_cuda12_1/utils/tinytex/.TinyTeX/texmf-dist/tex/latex/booktabs/booktabs.sty) (/workspace/ubuntu2004_cuda12_1/utils/tinytex/.TinyTeX/texmf-dist/tex/latex/natbib/natbib.sty) (/workspace/ubuntu2004_cuda12_1/utils/tinytex/.TinyTeX/texmf-dist/tex/latex/silence/silence.sty) (/workspace/ubuntu2004_cuda12_1/utils/tinytex/.TinyTeX/texmf-dist/tex/latex/etoolbox/etoolbox.sty) (/workspace/ubuntu2004_cuda12_1/utils/tinytex/.TinyTeX/texmf-dist/tex/latex/caption/caption.sty (/workspace/ubuntu2004_cuda12_1/utils/tinytex/.TinyTeX/texmf-dist/tex/latex/caption/caption3.sty)) (/workspace/ubuntu2004_cuda12_1/utils/tinytex/.TinyTeX/texmf-dist/tex/latex/caption/subcaption.sty) (/workspace/ubuntu2004_cuda12_1/utils/tinytex/.TinyTeX/texmf-dist/tex/latex/url/url.sty)
CVPR 8.5 x 11-Inch Proceedings Style `cvpr.sty'.
(/workspace/ubuntu2004_cuda12_1/utils/tinytex/.TinyTeX/texmf-dist/tex/latex/lineno/lineno.sty (/workspace/ubuntu2004_cuda12_1/utils/tinytex/.TinyTeX/texmf-dist/tex/latex/kvoptions/kvoptions.sty (/workspace/ubuntu2004_cuda12_1/utils/tinytex/.TinyTeX/texmf-dist/tex/generic/ltxcmds/ltxcmds.sty) (/workspace/ubuntu2004_cuda12_1/utils/tinytex/.TinyTeX/texmf-dist/tex/latex/kvsetkeys/kvsetkeys.sty))) (/workspace/ubuntu2004_cuda12_1/utils/tinytex/.TinyTeX/texmf-dist/tex/latex/enumitem/enumitem.sty)) (./preamble.tex (/workspace/ubuntu2004_cuda12_1/utils/tinytex/.TinyTeX/texmf-dist/tex/latex/sttools/cuted.sty) (/workspace/ubuntu2004_cuda12_1/utils/tinytex/.TinyTeX/texmf-dist/tex/latex/currfile/currfile.sty (/workspace/ubuntu2004_cuda12_1/utils/tinytex/.TinyTeX/texmf-dist/tex/latex/filehook/filehook.sty (/workspace/ubuntu2004_cuda12_1/utils/tinytex/.TinyTeX/texmf-dist/tex/latex/filehook/filehook-2020.sty))) (/workspace/ubuntu2004_cuda12_1/utils/tinytex/.TinyTeX/texmf-dist/tex/latex/multirow/multirow.sty) (/workspace/ubuntu2004_cuda12_1/utils/tinytex/.TinyTeX/texmf-dist/tex/latex/pgf/frontendlayer/tikz.sty (/workspace/ubuntu2004_cuda12_1/utils/tinytex/.TinyTeX/texmf-dist/tex/latex/pgf/basiclayer/pgf.sty (/workspace/ubuntu2004_cuda12_1/utils/tinytex/.TinyTeX/texmf-dist/tex/latex/pgf/utilities/pgfrcs.sty (/workspace/ubuntu2004_cuda12_1/utils/tinytex/.TinyTeX/texmf-dist/tex/generic/pgf/utilities/pgfutil-common.tex) (/workspace/ubuntu2004_cuda12_1/utils/tinytex/.TinyTeX/texmf-dist/tex/generic/pgf/utilities/pgfutil-latex.def) (/workspace/ubuntu2004_cuda12_1/utils/tinytex/.TinyTeX/texmf-dist/tex/generic/pgf/utilities/pgfrcs.code.tex (/workspace/ubuntu2004_cuda12_1/utils/tinytex/.TinyTeX/texmf-dist/tex/generic/pgf/pgf.revision.tex))) (/workspace/ubuntu2004_cuda12_1/utils/tinytex/.TinyTeX/texmf-dist/tex/latex/pgf/basiclayer/pgfcore.sty (/workspace/ubuntu2004_cuda12_1/utils/tinytex/.TinyTeX/texmf-dist/tex/latex/pgf/systemlayer/pgfsys.sty (/workspace/ubuntu2004_cuda12_1/utils/tinytex/.TinyTeX/texmf-dist/tex/generic/pgf/systemlayer/pgfsys.code.tex (/workspace/ubuntu2004_cuda12_1/utils/tinytex/.TinyTeX/texmf-dist/tex/generic/pgf/utilities/pgfkeys.code.tex (/workspace/ubuntu2004_cuda12_1/utils/tinytex/.TinyTeX/texmf-dist/tex/generic/pgf/utilities/pgfkeyslibraryfiltered.code.tex)) (/workspace/ubuntu2004_cuda12_1/utils/tinytex/.TinyTeX/texmf-dist/tex/generic/pgf/systemlayer/pgf.cfg) (/workspace/ubuntu2004_cuda12_1/utils/tinytex/.TinyTeX/texmf-dist/tex/generic/pgf/systemlayer/pgfsys-xetex.def (/workspace/ubuntu2004_cuda12_1/utils/tinytex/.TinyTeX/texmf-dist/tex/generic/pgf/systemlayer/pgfsys-dvipdfmx.def (/workspace/ubuntu2004_cuda12_1/utils/tinytex/.TinyTeX/texmf-dist/tex/generic/pgf/systemlayer/pgfsys-common-pdf.def)))) (/workspace/ubuntu2004_cuda12_1/utils/tinytex/.TinyTeX/texmf-dist/tex/generic/pgf/systemlayer/pgfsyssoftpath.code.tex) (/workspace/ubuntu2004_cuda12_1/utils/tinytex/.TinyTeX/texmf-dist/tex/generic/pgf/systemlayer/pgfsysprotocol.code.tex)) (/workspace/ubuntu2004_cuda12_1/utils/tinytex/.TinyTeX/texmf-dist/tex/generic/pgf/basiclayer/pgfcore.code.tex (/workspace/ubuntu2004_cuda12_1/utils/tinytex/.TinyTeX/texmf-dist/tex/generic/pgf/math/pgfmath.code.tex (/workspace/ubuntu2004_cuda12_1/utils/tinytex/.TinyTeX/texmf-dist/tex/generic/pgf/math/pgfmathutil.code.tex) (/workspace/ubuntu2004_cuda12_1/utils/tinytex/.TinyTeX/texmf-dist/tex/generic/pgf/math/pgfmathparser.code.tex) (/workspace/ubuntu2004_cuda12_1/utils/tinytex/.TinyTeX/texmf-dist/tex/generic/pgf/math/pgfmathfunctions.code.tex) (/workspace/ubuntu2004_cuda12_1/utils/tinytex/.TinyTeX/texmf-dist/tex/generic/pgf/math/pgfmathfunctions.basic.code.tex) (/workspace/ubuntu2004_cuda12_1/utils/tinytex/.TinyTeX/texmf-dist/tex/generic/pgf/math/pgfmathfunctions.trigonometric.code.tex) (/workspace/ubuntu2004_cuda12_1/utils/tinytex/.TinyTeX/texmf-dist/tex/generic/pgf/math/pgfmathfunctions.random.code.tex) (/workspace/ubuntu2004_cuda12_1/utils/tinytex/.TinyTeX/texmf-dist/tex/generic/pgf/math/pgfmathfunctions.comparison.code.tex) (/workspace/ubuntu2004_cuda12_1/utils/tinytex/.TinyTeX/texmf-dist/tex/generic/pgf/math/pgfmathfunctions.base.code.tex) (/workspace/ubuntu2004_cuda12_1/utils/tinytex/.TinyTeX/texmf-dist/tex/generic/pgf/math/pgfmathfunctions.round.code.tex) (/workspace/ubuntu2004_cuda12_1/utils/tinytex/.TinyTeX/texmf-dist/tex/generic/pgf/math/pgfmathfunctions.misc.code.tex) (/workspace/ubuntu2004_cuda12_1/utils/tinytex/.TinyTeX/texmf-dist/tex/generic/pgf/math/pgfmathfunctions.integerarithmetics.code.tex) (/workspace/ubuntu2004_cuda12_1/utils/tinytex/.TinyTeX/texmf-dist/tex/generic/pgf/math/pgfmathcalc.code.tex) (/workspace/ubuntu2004_cuda12_1/utils/tinytex/.TinyTeX/texmf-dist/tex/generic/pgf/math/pgfmathfloat.code.tex)) (/workspace/ubuntu2004_cuda12_1/utils/tinytex/.TinyTeX/texmf-dist/tex/generic/pgf/math/pgfint.code.tex) (/workspace/ubuntu2004_cuda12_1/utils/tinytex/.TinyTeX/texmf-dist/tex/generic/pgf/basiclayer/pgfcorepoints.code.tex) (/workspace/ubuntu2004_cuda12_1/utils/tinytex/.TinyTeX/texmf-dist/tex/generic/pgf/basiclayer/pgfcorepathconstruct.code.tex) (/workspace/ubuntu2004_cuda12_1/utils/tinytex/.TinyTeX/texmf-dist/tex/generic/pgf/basiclayer/pgfcorepathusage.code.tex) (/workspace/ubuntu2004_cuda12_1/utils/tinytex/.TinyTeX/texmf-dist/tex/generic/pgf/basiclayer/pgfcorescopes.code.tex) (/workspace/ubuntu2004_cuda12_1/utils/tinytex/.TinyTeX/texmf-dist/tex/generic/pgf/basiclayer/pgfcoregraphicstate.code.tex) (/workspace/ubuntu2004_cuda12_1/utils/tinytex/.TinyTeX/texmf-dist/tex/generic/pgf/basiclayer/pgfcoretransformations.code.tex) (/workspace/ubuntu2004_cuda12_1/utils/tinytex/.TinyTeX/texmf-dist/tex/generic/pgf/basiclayer/pgfcorequick.code.tex) (/workspace/ubuntu2004_cuda12_1/utils/tinytex/.TinyTeX/texmf-dist/tex/generic/pgf/basiclayer/pgfcoreobjects.code.tex) (/workspace/ubuntu2004_cuda12_1/utils/tinytex/.TinyTeX/texmf-dist/tex/generic/pgf/basiclayer/pgfcorepathprocessing.code.tex) (/workspace/ubuntu2004_cuda12_1/utils/tinytex/.TinyTeX/texmf-dist/tex/generic/pgf/basiclayer/pgfcorearrows.code.tex) (/workspace/ubuntu2004_cuda12_1/utils/tinytex/.TinyTeX/texmf-dist/tex/generic/pgf/basiclayer/pgfcoreshade.code.tex) (/workspace/ubuntu2004_cuda12_1/utils/tinytex/.TinyTeX/texmf-dist/tex/generic/pgf/basiclayer/pgfcoreimage.code.tex) (/workspace/ubuntu2004_cuda12_1/utils/tinytex/.TinyTeX/texmf-dist/tex/generic/pgf/basiclayer/pgfcoreexternal.code.tex) (/workspace/ubuntu2004_cuda12_1/utils/tinytex/.TinyTeX/texmf-dist/tex/generic/pgf/basiclayer/pgfcorelayers.code.tex) (/workspace/ubuntu2004_cuda12_1/utils/tinytex/.TinyTeX/texmf-dist/tex/generic/pgf/basiclayer/pgfcoretransparency.code.tex) (/workspace/ubuntu2004_cuda12_1/utils/tinytex/.TinyTeX/texmf-dist/tex/generic/pgf/basiclayer/pgfcorepatterns.code.tex) (/workspace/ubuntu2004_cuda12_1/utils/tinytex/.TinyTeX/texmf-dist/tex/generic/pgf/basiclayer/pgfcorerdf.code.tex))) (/workspace/ubuntu2004_cuda12_1/utils/tinytex/.TinyTeX/texmf-dist/tex/generic/pgf/modules/pgfmoduleshapes.code.tex) (/workspace/ubuntu2004_cuda12_1/utils/tinytex/.TinyTeX/texmf-dist/tex/generic/pgf/modules/pgfmoduleplot.code.tex) (/workspace/ubuntu2004_cuda12_1/utils/tinytex/.TinyTeX/texmf-dist/tex/latex/pgf/compatibility/pgfcomp-version-0-65.sty) (/workspace/ubuntu2004_cuda12_1/utils/tinytex/.TinyTeX/texmf-dist/tex/latex/pgf/compatibility/pgfcomp-version-1-18.sty)) (/workspace/ubuntu2004_cuda12_1/utils/tinytex/.TinyTeX/texmf-dist/tex/latex/pgf/utilities/pgffor.sty (/workspace/ubuntu2004_cuda12_1/utils/tinytex/.TinyTeX/texmf-dist/tex/latex/pgf/utilities/pgfkeys.sty (/workspace/ubuntu2004_cuda12_1/utils/tinytex/.TinyTeX/texmf-dist/tex/generic/pgf/utilities/pgfkeys.code.tex)) (/workspace/ubuntu2004_cuda12_1/utils/tinytex/.TinyTeX/texmf-dist/tex/latex/pgf/math/pgfmath.sty (/workspace/ubuntu2004_cuda12_1/utils/tinytex/.TinyTeX/texmf-dist/tex/generic/pgf/math/pgfmath.code.tex)) (/workspace/ubuntu2004_cuda12_1/utils/tinytex/.TinyTeX/texmf-dist/tex/generic/pgf/utilities/pgffor.code.tex)) (/workspace/ubuntu2004_cuda12_1/utils/tinytex/.TinyTeX/texmf-dist/tex/generic/pgf/frontendlayer/tikz/tikz.code.tex (/workspace/ubuntu2004_cuda12_1/utils/tinytex/.TinyTeX/texmf-dist/tex/generic/pgf/libraries/pgflibraryplothandlers.code.tex) (/workspace/ubuntu2004_cuda12_1/utils/tinytex/.TinyTeX/texmf-dist/tex/generic/pgf/modules/pgfmodulematrix.code.tex) (/workspace/ubuntu2004_cuda12_1/utils/tinytex/.TinyTeX/texmf-dist/tex/generic/pgf/frontendlayer/tikz/libraries/tikzlibrarytopaths.code.tex))) (/workspace/ubuntu2004_cuda12_1/utils/tinytex/.TinyTeX/texmf-dist/tex/generic/pgf/frontendlayer/tikz/libraries/tikzlibrarypositioning.code.tex) (/workspace/ubuntu2004_cuda12_1/utils/tinytex/.TinyTeX/texmf-dist/tex/generic/pgf/frontendlayer/tikz/libraries/tikzlibraryfit.code.tex) (/workspace/ubuntu2004_cuda12_1/utils/tinytex/.TinyTeX/texmf-dist/tex/generic/pgf/frontendlayer/tikz/libraries/tikzlibrarycalc.code.tex) (/workspace/ubuntu2004_cuda12_1/utils/tinytex/.TinyTeX/texmf-dist/tex/generic/pgf/libraries/pgflibraryarrows.meta.code.tex) (/workspace/ubuntu2004_cuda12_1/utils/tinytex/.TinyTeX/texmf-dist/tex/generic/pgf/frontendlayer/tikz/libraries/tikzlibrarybackgrounds.code.tex) (/workspace/ubuntu2004_cuda12_1/utils/tinytex/.TinyTeX/texmf-dist/tex/latex/microtype/microtype.sty (/workspace/ubuntu2004_cuda12_1/utils/tinytex/.TinyTeX/texmf-dist/tex/latex/microtype/microtype-xetex.def) (/workspace/ubuntu2004_cuda12_1/utils/tinytex/.TinyTeX/texmf-dist/tex/latex/microtype/microtype.cfg)) (/workspace/ubuntu2004_cuda12_1/utils/tinytex/.TinyTeX/texmf-dist/tex/latex/fontspec/fontspec.sty (/workspace/ubuntu2004_cuda12_1/utils/tinytex/.TinyTeX/texmf-dist/tex/latex/fontspec/fontspec-xetex.sty (/workspace/ubuntu2004_cuda12_1/utils/tinytex/.TinyTeX/texmf-dist/tex/latex/base/fontenc.sty) (/workspace/ubuntu2004_cuda12_1/utils/tinytex/.TinyTeX/texmf-dist/tex/latex/fontspec/fontspec.cfg)))) (/workspace/ubuntu2004_cuda12_1/utils/tinytex/.TinyTeX/texmf-dist/tex/latex/hyperref/xr-hyper.sty)
(/workspace/ubuntu2004_cuda12_1/utils/tinytex/.TinyTeX/texmf-dist/tex/latex/hyperref/hyperref.sty (/workspace/ubuntu2004_cuda12_1/utils/tinytex/.TinyTeX/texmf-dist/tex/generic/iftex/iftex.sty) (/workspace/ubuntu2004_cuda12_1/utils/tinytex/.TinyTeX/texmf-dist/tex/generic/kvdefinekeys/kvdefinekeys.sty) (/workspace/ubuntu2004_cuda12_1/utils/tinytex/.TinyTeX/texmf-dist/tex/generic/pdfescape/pdfescape.sty (/workspace/ubuntu2004_cuda12_1/utils/tinytex/.TinyTeX/texmf-dist/tex/generic/pdftexcmds/pdftexcmds.sty (/workspace/ubuntu2004_cuda12_1/utils/tinytex/.TinyTeX/texmf-dist/tex/generic/infwarerr/infwarerr.sty))) (/workspace/ubuntu2004_cuda12_1/utils/tinytex/.TinyTeX/texmf-dist/tex/latex/hycolor/hycolor.sty) (/workspace/ubuntu2004_cuda12_1/utils/tinytex/.TinyTeX/texmf-dist/tex/latex/hyperref/nameref.sty (/workspace/ubuntu2004_cuda12_1/utils/tinytex/.TinyTeX/texmf-dist/tex/latex/refcount/refcount.sty) (/workspace/ubuntu2004_cuda12_1/utils/tinytex/.TinyTeX/texmf-dist/tex/generic/gettitlestring/gettitlestring.sty)) (/workspace/ubuntu2004_cuda12_1/utils/tinytex/.TinyTeX/texmf-dist/tex/generic/stringenc/stringenc.sty) (/workspace/ubuntu2004_cuda12_1/utils/tinytex/.TinyTeX/texmf-dist/tex/latex/hyperref/pd1enc.def) (/workspace/ubuntu2004_cuda12_1/utils/tinytex/.TinyTeX/texmf-dist/tex/generic/intcalc/intcalc.sty) (/workspace/ubuntu2004_cuda12_1/utils/tinytex/.TinyTeX/texmf-dist/tex/latex/hyperref/puenc.def) (/workspace/ubuntu2004_cuda12_1/utils/tinytex/.TinyTeX/texmf-dist/tex/latex/hyperref/backref.sty (/workspace/ubuntu2004_cuda12_1/utils/tinytex/.TinyTeX/texmf-dist/tex/latex/rerunfilecheck/rerunfilecheck.sty (/workspace/ubuntu2004_cuda12_1/utils/tinytex/.TinyTeX/texmf-dist/tex/generic/uniquecounter/uniquecounter.sty (/workspace/ubuntu2004_cuda12_1/utils/tinytex/.TinyTeX/texmf-dist/tex/generic/bigintcalc/bigintcalc.sty)))) (/workspace/ubuntu2004_cuda12_1/utils/tinytex/.TinyTeX/texmf-dist/tex/generic/bitset/bitset.sty)) (/workspace/ubuntu2004_cuda12_1/utils/tinytex/.TinyTeX/texmf-dist/tex/latex/hyperref/hxetex.def) (/workspace/ubuntu2004_cuda12_1/utils/tinytex/.TinyTeX/texmf-dist/tex/latex/cleveref/cleveref.sty)
==> First Aid for cleveref.sty applied!
(/workspace/ubuntu2004_cuda12_1/utils/tinytex/.TinyTeX/texmf-dist/tex/latex/l3kernel/l3backend-xetex.def) (build/supp.aux) ABD: EveryShipout initializing macros

Package microtype Warning: Unknown slot number of character
(microtype)                `\k A'
(microtype)                in font encoding `TU' in inheritance list
(microtype)                `microtype.cfg/425(protrusion)'.


Package microtype Warning: Unknown slot number of character
(microtype)                `\k a'
(microtype)                in font encoding `TU' in inheritance list
(microtype)                `microtype.cfg/425(protrusion)'.


Package microtype Warning: Unknown slot number of character
(microtype)                `\'C'
(microtype)                in font encoding `TU' in inheritance list
(microtype)                `microtype.cfg/425(protrusion)'.


Package microtype Warning: Unknown slot number of character
(microtype)                `\v C'
(microtype)                in font encoding `TU' in inheritance list
(microtype)                `microtype.cfg/425(protrusion)'.


Package microtype Warning: Unknown slot number of character
(microtype)                `\'c'
(microtype)                in font encoding `TU' in inheritance list
(microtype)                `microtype.cfg/425(protrusion)'.


Package microtype Warning: Unknown slot number of character
(microtype)                `\v c'
(microtype)                in font encoding `TU' in inheritance list
(microtype)                `microtype.cfg/425(protrusion)'.


Package microtype Warning: Unknown slot number of character
(microtype)                `\v D'
(microtype)                in font encoding `TU' in inheritance list
(microtype)                `microtype.cfg/425(protrusion)'.


Package microtype Warning: Unknown slot number of character
(microtype)                `\v d'
(microtype)                in font encoding `TU' in inheritance list
(microtype)                `microtype.cfg/425(protrusion)'.


Package microtype Warning: Unknown slot number of character
(microtype)                `\k E'
(microtype)                in font encoding `TU' in inheritance list
(microtype)                `microtype.cfg/425(protrusion)'.


Package microtype Warning: Unknown slot number of character
(microtype)                `\k e'
(microtype)                in font encoding `TU' in inheritance list
(microtype)                `microtype.cfg/425(protrusion)'.


Package microtype Warning: Unknown slot number of character
(microtype)                `\u G'
(microtype)                in font encoding `TU' in inheritance list
(microtype)                `microtype.cfg/425(protrusion)'.


Package microtype Warning: Unknown slot number of character
(microtype)                `\u g'
(microtype)                in font encoding `TU' in inheritance list
(microtype)                `microtype.cfg/425(protrusion)'.


Package microtype Warning: Unknown slot number of character
(microtype)                `\.I'
(microtype)                in font encoding `TU' in inheritance list
(microtype)                `microtype.cfg/425(protrusion)'.


Package microtype Warning: Unknown slot number of character
(microtype)                `\'L'
(microtype)                in font encoding `TU' in inheritance list
(microtype)                `microtype.cfg/425(protrusion)'.


Package microtype Warning: Unknown slot number of character
(microtype)                `\v L'
(microtype)                in font encoding `TU' in inheritance list
(microtype)                `microtype.cfg/425(protrusion)'.


Package microtype Warning: Unknown slot number of character
(microtype)                `\'l'
(microtype)                in font encoding `TU' in inheritance list
(microtype)                `microtype.cfg/425(protrusion)'.


Package microtype Warning: Unknown slot number of character
(microtype)                `\v l'
(microtype)                in font encoding `TU' in inheritance list
(microtype)                `microtype.cfg/425(protrusion)'.


Package microtype Warning: Unknown slot number of character
(microtype)                `\H O'
(microtype)                in font encoding `TU' in inheritance list
(microtype)                `microtype.cfg/425(protrusion)'.


Package microtype Warning: Unknown slot number of character
(microtype)                `\H o'
(microtype)                in font encoding `TU' in inheritance list
(microtype)                `microtype.cfg/425(protrusion)'.


Package microtype Warning: Unknown slot number of character
(microtype)                `\'R'
(microtype)                in font encoding `TU' in inheritance list
(microtype)                `microtype.cfg/425(protrusion)'.


Package microtype Warning: Unknown slot number of character
(microtype)                `\v R'
(microtype)                in font encoding `TU' in inheritance list
(microtype)                `microtype.cfg/425(protrusion)'.


Package microtype Warning: Unknown slot number of character
(microtype)                `\'r'
(microtype)                in font encoding `TU' in inheritance list
(microtype)                `microtype.cfg/425(protrusion)'.


Package microtype Warning: Unknown slot number of character
(microtype)                `\v r'
(microtype)                in font encoding `TU' in inheritance list
(microtype)                `microtype.cfg/425(protrusion)'.


Package microtype Warning: Unknown slot number of character
(microtype)                `\'S'
(microtype)                in font encoding `TU' in inheritance list
(microtype)                `microtype.cfg/425(protrusion)'.


Package microtype Warning: Unknown slot number of character
(microtype)                `\c S'
(microtype)                in font encoding `TU' in inheritance list
(microtype)                `microtype.cfg/425(protrusion)'.


Package microtype Warning: Unknown slot number of character
(microtype)                `\v S'
(microtype)                in font encoding `TU' in inheritance list
(microtype)                `microtype.cfg/425(protrusion)'.


Package microtype Warning: Unknown slot number of character
(microtype)                `\'s'
(microtype)                in font encoding `TU' in inheritance list
(microtype)                `microtype.cfg/425(protrusion)'.


Package microtype Warning: Unknown slot number of character
(microtype)                `\c s'
(microtype)                in font encoding `TU' in inheritance list
(microtype)                `microtype.cfg/425(protrusion)'.


Package microtype Warning: Unknown slot number of character
(microtype)                `\v s'
(microtype)                in font encoding `TU' in inheritance list
(microtype)                `microtype.cfg/425(protrusion)'.


Package microtype Warning: Unknown slot number of character
(microtype)                `\c T'
(microtype)                in font encoding `TU' in inheritance list
(microtype)                `microtype.cfg/425(protrusion)'.


Package microtype Warning: Unknown slot number of character
(microtype)                `\v T'
(microtype)                in font encoding `TU' in inheritance list
(microtype)                `microtype.cfg/425(protrusion)'.


Package microtype Warning: Unknown slot number of character
(microtype)                `\c t'
(microtype)                in font encoding `TU' in inheritance list
(microtype)                `microtype.cfg/425(protrusion)'.


Package microtype Warning: Unknown slot number of character
(microtype)                `\v t'
(microtype)                in font encoding `TU' in inheritance list
(microtype)                `microtype.cfg/425(protrusion)'.


Package microtype Warning: Unknown slot number of character
(microtype)                `\H U'
(microtype)                in font encoding `TU' in inheritance list
(microtype)                `microtype.cfg/425(protrusion)'.


Package microtype Warning: Unknown slot number of character
(microtype)                `\r U'
(microtype)                in font encoding `TU' in inheritance list
(microtype)                `microtype.cfg/425(protrusion)'.


Package microtype Warning: Unknown slot number of character
(microtype)                `\H u'
(microtype)                in font encoding `TU' in inheritance list
(microtype)                `microtype.cfg/425(protrusion)'.


Package microtype Warning: Unknown slot number of character
(microtype)                `\r u'
(microtype)                in font encoding `TU' in inheritance list
(microtype)                `microtype.cfg/425(protrusion)'.


Package microtype Warning: Unknown slot number of character
(microtype)                `\"Y'
(microtype)                in font encoding `TU' in inheritance list
(microtype)                `microtype.cfg/425(protrusion)'.


Package microtype Warning: Unknown slot number of character
(microtype)                `\'Z'
(microtype)                in font encoding `TU' in inheritance list
(microtype)                `microtype.cfg/425(protrusion)'.


Package microtype Warning: Unknown slot number of character
(microtype)                `\.Z'
(microtype)                in font encoding `TU' in inheritance list
(microtype)                `microtype.cfg/425(protrusion)'.


Package microtype Warning: Unknown slot number of character
(microtype)                `\v Z'
(microtype)                in font encoding `TU' in inheritance list
(microtype)                `microtype.cfg/425(protrusion)'.


Package microtype Warning: Unknown slot number of character
(microtype)                `\'z'
(microtype)                in font encoding `TU' in inheritance list
(microtype)                `microtype.cfg/425(protrusion)'.


Package microtype Warning: Unknown slot number of character
(microtype)                `\.z'
(microtype)                in font encoding `TU' in inheritance list
(microtype)                `microtype.cfg/425(protrusion)'.


Package microtype Warning: Unknown slot number of character
(microtype)                `\v z'
(microtype)                in font encoding `TU' in inheritance list
(microtype)                `microtype.cfg/425(protrusion)'.

(build/supp.out) (build/supp.out) (/workspace/ubuntu2004_cuda12_1/utils/tinytex/.TinyTeX/texmf-dist/tex/latex/amsfonts/umsa.fd) (/workspace/ubuntu2004_cuda12_1/utils/tinytex/.TinyTeX/texmf-dist/tex/latex/microtype/mt-msa.cfg) (/workspace/ubuntu2004_cuda12_1/utils/tinytex/.TinyTeX/texmf-dist/tex/latex/amsfonts/umsb.fd) (/workspace/ubuntu2004_cuda12_1/utils/tinytex/.TinyTeX/texmf-dist/tex/latex/microtype/mt-msb.cfg) (/workspace/ubuntu2004_cuda12_1/utils/tinytex/.TinyTeX/texmf-dist/tex/latex/microtype/mt-cmr.cfg) [1] (./tables/per_scene.tex) (./tables/supp_shares.tex) (./tables/supp_history.tex) (./tables/supp_times.tex) (./tables/cost.tex) (./tables/refine.tex) (./tables/supp_registration.tex) (./tables/supp_masked.tex) [2] [3] [4] [5]

Package lineno Warning: Line number reference failed, re-run to get it right.

[6] (build/supp.aux)

LaTeX Warning: Label(s) may have changed. Rerun to get cross-references right.

 )
Output written on build/supp.xdv (6 pages, 195908 bytes).
Transcript written on build/supp.log.
Latexmk: Getting log file 'build/supp.log'
Latexmk: Examining 'build/supp.fls'
Latexmk: Examining 'build/supp.log'
Latexmk: References changed.
Latexmk: Log file says output to 'build/supp.xdv'
Latexmk: applying rule 'xelatex'...
Rule 'xelatex':  Reasons for rerun
Changed files or newly in use/created:
  build/supp.aux

------------
Run number 2 of rule 'xelatex'
------------
------------
Running 'xelatex -no-pdf -interaction=nonstopmode -halt-on-error -recorder -output-directory="build"  "supp.tex"'
------------
This is XeTeX, Version 3.141592653-2.6-0.999998 (TeX Live 2026) (preloaded format=xelatex)
 restricted \write18 enabled.
entering extended mode
(./supp.tex
LaTeX2e <2026-06-01>
L3 programming layer <2026-09-09>
(/workspace/ubuntu2004_cuda12_1/utils/tinytex/.TinyTeX/texmf-dist/tex/latex/base/article.cls
Document Class: article 2025/01/22 v1.4n Standard LaTeX document class
(/workspace/ubuntu2004_cuda12_1/utils/tinytex/.TinyTeX/texmf-dist/tex/latex/base/size10.clo)) (./cvpr.sty (/workspace/ubuntu2004_cuda12_1/utils/tinytex/.TinyTeX/texmf-dist/tex/latex/psnfss/times.sty) (/workspace/ubuntu2004_cuda12_1/utils/tinytex/.TinyTeX/texmf-dist/tex/latex/tools/xspace.sty) (/workspace/ubuntu2004_cuda12_1/utils/tinytex/.TinyTeX/texmf-dist/tex/latex/xcolor/xcolor.sty (/workspace/ubuntu2004_cuda12_1/utils/tinytex/.TinyTeX/texmf-dist/tex/latex/graphics-cfg/color.cfg) (/workspace/ubuntu2004_cuda12_1/utils/tinytex/.TinyTeX/texmf-dist/tex/latex/graphics-def/xetex.def) (/workspace/ubuntu2004_cuda12_1/utils/tinytex/.TinyTeX/texmf-dist/tex/latex/graphics/mathcolor.ltx)) (/workspace/ubuntu2004_cuda12_1/utils/tinytex/.TinyTeX/texmf-dist/tex/latex/graphics/dvipsnam.def) (/workspace/ubuntu2004_cuda12_1/utils/tinytex/.TinyTeX/texmf-dist/tex/latex/graphics/graphicx.sty (/workspace/ubuntu2004_cuda12_1/utils/tinytex/.TinyTeX/texmf-dist/tex/latex/graphics/keyval.sty) (/workspace/ubuntu2004_cuda12_1/utils/tinytex/.TinyTeX/texmf-dist/tex/latex/graphics/graphics.sty (/workspace/ubuntu2004_cuda12_1/utils/tinytex/.TinyTeX/texmf-dist/tex/latex/graphics/trig.sty) (/workspace/ubuntu2004_cuda12_1/utils/tinytex/.TinyTeX/texmf-dist/tex/latex/graphics-cfg/graphics.cfg))) (/workspace/ubuntu2004_cuda12_1/utils/tinytex/.TinyTeX/texmf-dist/tex/latex/amsmath/amsmath.sty
For additional information on amsmath, use the `?' option.
(/workspace/ubuntu2004_cuda12_1/utils/tinytex/.TinyTeX/texmf-dist/tex/latex/amsmath/amstext.sty (/workspace/ubuntu2004_cuda12_1/utils/tinytex/.TinyTeX/texmf-dist/tex/latex/amsmath/amsgen.sty)) (/workspace/ubuntu2004_cuda12_1/utils/tinytex/.TinyTeX/texmf-dist/tex/latex/amsmath/amsbsy.sty) (/workspace/ubuntu2004_cuda12_1/utils/tinytex/.TinyTeX/texmf-dist/tex/latex/amsmath/amsopn.sty)) (/workspace/ubuntu2004_cuda12_1/utils/tinytex/.TinyTeX/texmf-dist/tex/latex/amsfonts/amssymb.sty (/workspace/ubuntu2004_cuda12_1/utils/tinytex/.TinyTeX/texmf-dist/tex/latex/amsfonts/amsfonts.sty)) (/workspace/ubuntu2004_cuda12_1/utils/tinytex/.TinyTeX/texmf-dist/tex/latex/booktabs/booktabs.sty) (/workspace/ubuntu2004_cuda12_1/utils/tinytex/.TinyTeX/texmf-dist/tex/latex/natbib/natbib.sty) (/workspace/ubuntu2004_cuda12_1/utils/tinytex/.TinyTeX/texmf-dist/tex/latex/silence/silence.sty) (/workspace/ubuntu2004_cuda12_1/utils/tinytex/.TinyTeX/texmf-dist/tex/latex/etoolbox/etoolbox.sty) (/workspace/ubuntu2004_cuda12_1/utils/tinytex/.TinyTeX/texmf-dist/tex/latex/caption/caption.sty (/workspace/ubuntu2004_cuda12_1/utils/tinytex/.TinyTeX/texmf-dist/tex/latex/caption/caption3.sty)) (/workspace/ubuntu2004_cuda12_1/utils/tinytex/.TinyTeX/texmf-dist/tex/latex/caption/subcaption.sty) (/workspace/ubuntu2004_cuda12_1/utils/tinytex/.TinyTeX/texmf-dist/tex/latex/url/url.sty)
CVPR 8.5 x 11-Inch Proceedings Style `cvpr.sty'.
(/workspace/ubuntu2004_cuda12_1/utils/tinytex/.TinyTeX/texmf-dist/tex/latex/lineno/lineno.sty (/workspace/ubuntu2004_cuda12_1/utils/tinytex/.TinyTeX/texmf-dist/tex/latex/kvoptions/kvoptions.sty (/workspace/ubuntu2004_cuda12_1/utils/tinytex/.TinyTeX/texmf-dist/tex/generic/ltxcmds/ltxcmds.sty) (/workspace/ubuntu2004_cuda12_1/utils/tinytex/.TinyTeX/texmf-dist/tex/latex/kvsetkeys/kvsetkeys.sty))) (/workspace/ubuntu2004_cuda12_1/utils/tinytex/.TinyTeX/texmf-dist/tex/latex/enumitem/enumitem.sty)) (./preamble.tex (/workspace/ubuntu2004_cuda12_1/utils/tinytex/.TinyTeX/texmf-dist/tex/latex/sttools/cuted.sty) (/workspace/ubuntu2004_cuda12_1/utils/tinytex/.TinyTeX/texmf-dist/tex/latex/currfile/currfile.sty (/workspace/ubuntu2004_cuda12_1/utils/tinytex/.TinyTeX/texmf-dist/tex/latex/filehook/filehook.sty (/workspace/ubuntu2004_cuda12_1/utils/tinytex/.TinyTeX/texmf-dist/tex/latex/filehook/filehook-2020.sty))) (/workspace/ubuntu2004_cuda12_1/utils/tinytex/.TinyTeX/texmf-dist/tex/latex/multirow/multirow.sty) (/workspace/ubuntu2004_cuda12_1/utils/tinytex/.TinyTeX/texmf-dist/tex/latex/pgf/frontendlayer/tikz.sty (/workspace/ubuntu2004_cuda12_1/utils/tinytex/.TinyTeX/texmf-dist/tex/latex/pgf/basiclayer/pgf.sty (/workspace/ubuntu2004_cuda12_1/utils/tinytex/.TinyTeX/texmf-dist/tex/latex/pgf/utilities/pgfrcs.sty (/workspace/ubuntu2004_cuda12_1/utils/tinytex/.TinyTeX/texmf-dist/tex/generic/pgf/utilities/pgfutil-common.tex) (/workspace/ubuntu2004_cuda12_1/utils/tinytex/.TinyTeX/texmf-dist/tex/generic/pgf/utilities/pgfutil-latex.def) (/workspace/ubuntu2004_cuda12_1/utils/tinytex/.TinyTeX/texmf-dist/tex/generic/pgf/utilities/pgfrcs.code.tex (/workspace/ubuntu2004_cuda12_1/utils/tinytex/.TinyTeX/texmf-dist/tex/generic/pgf/pgf.revision.tex))) (/workspace/ubuntu2004_cuda12_1/utils/tinytex/.TinyTeX/texmf-dist/tex/latex/pgf/basiclayer/pgfcore.sty (/workspace/ubuntu2004_cuda12_1/utils/tinytex/.TinyTeX/texmf-dist/tex/latex/pgf/systemlayer/pgfsys.sty (/workspace/ubuntu2004_cuda12_1/utils/tinytex/.TinyTeX/texmf-dist/tex/generic/pgf/systemlayer/pgfsys.code.tex (/workspace/ubuntu2004_cuda12_1/utils/tinytex/.TinyTeX/texmf-dist/tex/generic/pgf/utilities/pgfkeys.code.tex (/workspace/ubuntu2004_cuda12_1/utils/tinytex/.TinyTeX/texmf-dist/tex/generic/pgf/utilities/pgfkeyslibraryfiltered.code.tex)) (/workspace/ubuntu2004_cuda12_1/utils/tinytex/.TinyTeX/texmf-dist/tex/generic/pgf/systemlayer/pgf.cfg) (/workspace/ubuntu2004_cuda12_1/utils/tinytex/.TinyTeX/texmf-dist/tex/generic/pgf/systemlayer/pgfsys-xetex.def (/workspace/ubuntu2004_cuda12_1/utils/tinytex/.TinyTeX/texmf-dist/tex/generic/pgf/systemlayer/pgfsys-dvipdfmx.def (/workspace/ubuntu2004_cuda12_1/utils/tinytex/.TinyTeX/texmf-dist/tex/generic/pgf/systemlayer/pgfsys-common-pdf.def)))) (/workspace/ubuntu2004_cuda12_1/utils/tinytex/.TinyTeX/texmf-dist/tex/generic/pgf/systemlayer/pgfsyssoftpath.code.tex) (/workspace/ubuntu2004_cuda12_1/utils/tinytex/.TinyTeX/texmf-dist/tex/generic/pgf/systemlayer/pgfsysprotocol.code.tex)) (/workspace/ubuntu2004_cuda12_1/utils/tinytex/.TinyTeX/texmf-dist/tex/generic/pgf/basiclayer/pgfcore.code.tex (/workspace/ubuntu2004_cuda12_1/utils/tinytex/.TinyTeX/texmf-dist/tex/generic/pgf/math/pgfmath.code.tex (/workspace/ubuntu2004_cuda12_1/utils/tinytex/.TinyTeX/texmf-dist/tex/generic/pgf/math/pgfmathutil.code.tex) (/workspace/ubuntu2004_cuda12_1/utils/tinytex/.TinyTeX/texmf-dist/tex/generic/pgf/math/pgfmathparser.code.tex) (/workspace/ubuntu2004_cuda12_1/utils/tinytex/.TinyTeX/texmf-dist/tex/generic/pgf/math/pgfmathfunctions.code.tex) (/workspace/ubuntu2004_cuda12_1/utils/tinytex/.TinyTeX/texmf-dist/tex/generic/pgf/math/pgfmathfunctions.basic.code.tex) (/workspace/ubuntu2004_cuda12_1/utils/tinytex/.TinyTeX/texmf-dist/tex/generic/pgf/math/pgfmathfunctions.trigonometric.code.tex) (/workspace/ubuntu2004_cuda12_1/utils/tinytex/.TinyTeX/texmf-dist/tex/generic/pgf/math/pgfmathfunctions.random.code.tex) (/workspace/ubuntu2004_cuda12_1/utils/tinytex/.TinyTeX/texmf-dist/tex/generic/pgf/math/pgfmathfunctions.comparison.code.tex) (/workspace/ubuntu2004_cuda12_1/utils/tinytex/.TinyTeX/texmf-dist/tex/generic/pgf/math/pgfmathfunctions.base.code.tex) (/workspace/ubuntu2004_cuda12_1/utils/tinytex/.TinyTeX/texmf-dist/tex/generic/pgf/math/pgfmathfunctions.round.code.tex) (/workspace/ubuntu2004_cuda12_1/utils/tinytex/.TinyTeX/texmf-dist/tex/generic/pgf/math/pgfmathfunctions.misc.code.tex) (/workspace/ubuntu2004_cuda12_1/utils/tinytex/.TinyTeX/texmf-dist/tex/generic/pgf/math/pgfmathfunctions.integerarithmetics.code.tex) (/workspace/ubuntu2004_cuda12_1/utils/tinytex/.TinyTeX/texmf-dist/tex/generic/pgf/math/pgfmathcalc.code.tex) (/workspace/ubuntu2004_cuda12_1/utils/tinytex/.TinyTeX/texmf-dist/tex/generic/pgf/math/pgfmathfloat.code.tex)) (/workspace/ubuntu2004_cuda12_1/utils/tinytex/.TinyTeX/texmf-dist/tex/generic/pgf/math/pgfint.code.tex) (/workspace/ubuntu2004_cuda12_1/utils/tinytex/.TinyTeX/texmf-dist/tex/generic/pgf/basiclayer/pgfcorepoints.code.tex) (/workspace/ubuntu2004_cuda12_1/utils/tinytex/.TinyTeX/texmf-dist/tex/generic/pgf/basiclayer/pgfcorepathconstruct.code.tex) (/workspace/ubuntu2004_cuda12_1/utils/tinytex/.TinyTeX/texmf-dist/tex/generic/pgf/basiclayer/pgfcorepathusage.code.tex) (/workspace/ubuntu2004_cuda12_1/utils/tinytex/.TinyTeX/texmf-dist/tex/generic/pgf/basiclayer/pgfcorescopes.code.tex) (/workspace/ubuntu2004_cuda12_1/utils/tinytex/.TinyTeX/texmf-dist/tex/generic/pgf/basiclayer/pgfcoregraphicstate.code.tex) (/workspace/ubuntu2004_cuda12_1/utils/tinytex/.TinyTeX/texmf-dist/tex/generic/pgf/basiclayer/pgfcoretransformations.code.tex) (/workspace/ubuntu2004_cuda12_1/utils/tinytex/.TinyTeX/texmf-dist/tex/generic/pgf/basiclayer/pgfcorequick.code.tex) (/workspace/ubuntu2004_cuda12_1/utils/tinytex/.TinyTeX/texmf-dist/tex/generic/pgf/basiclayer/pgfcoreobjects.code.tex) (/workspace/ubuntu2004_cuda12_1/utils/tinytex/.TinyTeX/texmf-dist/tex/generic/pgf/basiclayer/pgfcorepathprocessing.code.tex) (/workspace/ubuntu2004_cuda12_1/utils/tinytex/.TinyTeX/texmf-dist/tex/generic/pgf/basiclayer/pgfcorearrows.code.tex) (/workspace/ubuntu2004_cuda12_1/utils/tinytex/.TinyTeX/texmf-dist/tex/generic/pgf/basiclayer/pgfcoreshade.code.tex) (/workspace/ubuntu2004_cuda12_1/utils/tinytex/.TinyTeX/texmf-dist/tex/generic/pgf/basiclayer/pgfcoreimage.code.tex) (/workspace/ubuntu2004_cuda12_1/utils/tinytex/.TinyTeX/texmf-dist/tex/generic/pgf/basiclayer/pgfcoreexternal.code.tex) (/workspace/ubuntu2004_cuda12_1/utils/tinytex/.TinyTeX/texmf-dist/tex/generic/pgf/basiclayer/pgfcorelayers.code.tex) (/workspace/ubuntu2004_cuda12_1/utils/tinytex/.TinyTeX/texmf-dist/tex/generic/pgf/basiclayer/pgfcoretransparency.code.tex) (/workspace/ubuntu2004_cuda12_1/utils/tinytex/.TinyTeX/texmf-dist/tex/generic/pgf/basiclayer/pgfcorepatterns.code.tex) (/workspace/ubuntu2004_cuda12_1/utils/tinytex/.TinyTeX/texmf-dist/tex/generic/pgf/basiclayer/pgfcorerdf.code.tex))) (/workspace/ubuntu2004_cuda12_1/utils/tinytex/.TinyTeX/texmf-dist/tex/generic/pgf/modules/pgfmoduleshapes.code.tex) (/workspace/ubuntu2004_cuda12_1/utils/tinytex/.TinyTeX/texmf-dist/tex/generic/pgf/modules/pgfmoduleplot.code.tex) (/workspace/ubuntu2004_cuda12_1/utils/tinytex/.TinyTeX/texmf-dist/tex/latex/pgf/compatibility/pgfcomp-version-0-65.sty) (/workspace/ubuntu2004_cuda12_1/utils/tinytex/.TinyTeX/texmf-dist/tex/latex/pgf/compatibility/pgfcomp-version-1-18.sty)) (/workspace/ubuntu2004_cuda12_1/utils/tinytex/.TinyTeX/texmf-dist/tex/latex/pgf/utilities/pgffor.sty (/workspace/ubuntu2004_cuda12_1/utils/tinytex/.TinyTeX/texmf-dist/tex/latex/pgf/utilities/pgfkeys.sty (/workspace/ubuntu2004_cuda12_1/utils/tinytex/.TinyTeX/texmf-dist/tex/generic/pgf/utilities/pgfkeys.code.tex)) (/workspace/ubuntu2004_cuda12_1/utils/tinytex/.TinyTeX/texmf-dist/tex/latex/pgf/math/pgfmath.sty (/workspace/ubuntu2004_cuda12_1/utils/tinytex/.TinyTeX/texmf-dist/tex/generic/pgf/math/pgfmath.code.tex)) (/workspace/ubuntu2004_cuda12_1/utils/tinytex/.TinyTeX/texmf-dist/tex/generic/pgf/utilities/pgffor.code.tex)) (/workspace/ubuntu2004_cuda12_1/utils/tinytex/.TinyTeX/texmf-dist/tex/generic/pgf/frontendlayer/tikz/tikz.code.tex (/workspace/ubuntu2004_cuda12_1/utils/tinytex/.TinyTeX/texmf-dist/tex/generic/pgf/libraries/pgflibraryplothandlers.code.tex) (/workspace/ubuntu2004_cuda12_1/utils/tinytex/.TinyTeX/texmf-dist/tex/generic/pgf/modules/pgfmodulematrix.code.tex) (/workspace/ubuntu2004_cuda12_1/utils/tinytex/.TinyTeX/texmf-dist/tex/generic/pgf/frontendlayer/tikz/libraries/tikzlibrarytopaths.code.tex))) (/workspace/ubuntu2004_cuda12_1/utils/tinytex/.TinyTeX/texmf-dist/tex/generic/pgf/frontendlayer/tikz/libraries/tikzlibrarypositioning.code.tex) (/workspace/ubuntu2004_cuda12_1/utils/tinytex/.TinyTeX/texmf-dist/tex/generic/pgf/frontendlayer/tikz/libraries/tikzlibraryfit.code.tex) (/workspace/ubuntu2004_cuda12_1/utils/tinytex/.TinyTeX/texmf-dist/tex/generic/pgf/frontendlayer/tikz/libraries/tikzlibrarycalc.code.tex) (/workspace/ubuntu2004_cuda12_1/utils/tinytex/.TinyTeX/texmf-dist/tex/generic/pgf/libraries/pgflibraryarrows.meta.code.tex) (/workspace/ubuntu2004_cuda12_1/utils/tinytex/.TinyTeX/texmf-dist/tex/generic/pgf/frontendlayer/tikz/libraries/tikzlibrarybackgrounds.code.tex) (/workspace/ubuntu2004_cuda12_1/utils/tinytex/.TinyTeX/texmf-dist/tex/latex/microtype/microtype.sty (/workspace/ubuntu2004_cuda12_1/utils/tinytex/.TinyTeX/texmf-dist/tex/latex/microtype/microtype-xetex.def) (/workspace/ubuntu2004_cuda12_1/utils/tinytex/.TinyTeX/texmf-dist/tex/latex/microtype/microtype.cfg)) (/workspace/ubuntu2004_cuda12_1/utils/tinytex/.TinyTeX/texmf-dist/tex/latex/fontspec/fontspec.sty (/workspace/ubuntu2004_cuda12_1/utils/tinytex/.TinyTeX/texmf-dist/tex/latex/fontspec/fontspec-xetex.sty (/workspace/ubuntu2004_cuda12_1/utils/tinytex/.TinyTeX/texmf-dist/tex/latex/base/fontenc.sty) (/workspace/ubuntu2004_cuda12_1/utils/tinytex/.TinyTeX/texmf-dist/tex/latex/fontspec/fontspec.cfg)))) (/workspace/ubuntu2004_cuda12_1/utils/tinytex/.TinyTeX/texmf-dist/tex/latex/hyperref/xr-hyper.sty)
(/workspace/ubuntu2004_cuda12_1/utils/tinytex/.TinyTeX/texmf-dist/tex/latex/hyperref/hyperref.sty (/workspace/ubuntu2004_cuda12_1/utils/tinytex/.TinyTeX/texmf-dist/tex/generic/iftex/iftex.sty) (/workspace/ubuntu2004_cuda12_1/utils/tinytex/.TinyTeX/texmf-dist/tex/generic/kvdefinekeys/kvdefinekeys.sty) (/workspace/ubuntu2004_cuda12_1/utils/tinytex/.TinyTeX/texmf-dist/tex/generic/pdfescape/pdfescape.sty (/workspace/ubuntu2004_cuda12_1/utils/tinytex/.TinyTeX/texmf-dist/tex/generic/pdftexcmds/pdftexcmds.sty (/workspace/ubuntu2004_cuda12_1/utils/tinytex/.TinyTeX/texmf-dist/tex/generic/infwarerr/infwarerr.sty))) (/workspace/ubuntu2004_cuda12_1/utils/tinytex/.TinyTeX/texmf-dist/tex/latex/hycolor/hycolor.sty) (/workspace/ubuntu2004_cuda12_1/utils/tinytex/.TinyTeX/texmf-dist/tex/latex/hyperref/nameref.sty (/workspace/ubuntu2004_cuda12_1/utils/tinytex/.TinyTeX/texmf-dist/tex/latex/refcount/refcount.sty) (/workspace/ubuntu2004_cuda12_1/utils/tinytex/.TinyTeX/texmf-dist/tex/generic/gettitlestring/gettitlestring.sty)) (/workspace/ubuntu2004_cuda12_1/utils/tinytex/.TinyTeX/texmf-dist/tex/generic/stringenc/stringenc.sty) (/workspace/ubuntu2004_cuda12_1/utils/tinytex/.TinyTeX/texmf-dist/tex/latex/hyperref/pd1enc.def) (/workspace/ubuntu2004_cuda12_1/utils/tinytex/.TinyTeX/texmf-dist/tex/generic/intcalc/intcalc.sty) (/workspace/ubuntu2004_cuda12_1/utils/tinytex/.TinyTeX/texmf-dist/tex/latex/hyperref/puenc.def) (/workspace/ubuntu2004_cuda12_1/utils/tinytex/.TinyTeX/texmf-dist/tex/latex/hyperref/backref.sty (/workspace/ubuntu2004_cuda12_1/utils/tinytex/.TinyTeX/texmf-dist/tex/latex/rerunfilecheck/rerunfilecheck.sty (/workspace/ubuntu2004_cuda12_1/utils/tinytex/.TinyTeX/texmf-dist/tex/generic/uniquecounter/uniquecounter.sty (/workspace/ubuntu2004_cuda12_1/utils/tinytex/.TinyTeX/texmf-dist/tex/generic/bigintcalc/bigintcalc.sty)))) (/workspace/ubuntu2004_cuda12_1/utils/tinytex/.TinyTeX/texmf-dist/tex/generic/bitset/bitset.sty)) (/workspace/ubuntu2004_cuda12_1/utils/tinytex/.TinyTeX/texmf-dist/tex/latex/hyperref/hxetex.def) (/workspace/ubuntu2004_cuda12_1/utils/tinytex/.TinyTeX/texmf-dist/tex/latex/cleveref/cleveref.sty)
==> First Aid for cleveref.sty applied!
(/workspace/ubuntu2004_cuda12_1/utils/tinytex/.TinyTeX/texmf-dist/tex/latex/l3kernel/l3backend-xetex.def) (build/supp.aux) ABD: EveryShipout initializing macros

Package microtype Warning: Unknown slot number of character
(microtype)                `\k A'
(microtype)                in font encoding `TU' in inheritance list
(microtype)                `microtype.cfg/425(protrusion)'.


Package microtype Warning: Unknown slot number of character
(microtype)                `\k a'
(microtype)                in font encoding `TU' in inheritance list
(microtype)                `microtype.cfg/425(protrusion)'.


Package microtype Warning: Unknown slot number of character
(microtype)                `\'C'
(microtype)                in font encoding `TU' in inheritance list
(microtype)                `microtype.cfg/425(protrusion)'.


Package microtype Warning: Unknown slot number of character
(microtype)                `\v C'
(microtype)                in font encoding `TU' in inheritance list
(microtype)                `microtype.cfg/425(protrusion)'.


Package microtype Warning: Unknown slot number of character
(microtype)                `\'c'
(microtype)                in font encoding `TU' in inheritance list
(microtype)                `microtype.cfg/425(protrusion)'.


Package microtype Warning: Unknown slot number of character
(microtype)                `\v c'
(microtype)                in font encoding `TU' in inheritance list
(microtype)                `microtype.cfg/425(protrusion)'.


Package microtype Warning: Unknown slot number of character
(microtype)                `\v D'
(microtype)                in font encoding `TU' in inheritance list
(microtype)                `microtype.cfg/425(protrusion)'.


Package microtype Warning: Unknown slot number of character
(microtype)                `\v d'
(microtype)                in font encoding `TU' in inheritance list
(microtype)                `microtype.cfg/425(protrusion)'.


Package microtype Warning: Unknown slot number of character
(microtype)                `\k E'
(microtype)                in font encoding `TU' in inheritance list
(microtype)                `microtype.cfg/425(protrusion)'.


Package microtype Warning: Unknown slot number of character
(microtype)                `\k e'
(microtype)                in font encoding `TU' in inheritance list
(microtype)                `microtype.cfg/425(protrusion)'.


Package microtype Warning: Unknown slot number of character
(microtype)                `\u G'
(microtype)                in font encoding `TU' in inheritance list
(microtype)                `microtype.cfg/425(protrusion)'.


Package microtype Warning: Unknown slot number of character
(microtype)                `\u g'
(microtype)                in font encoding `TU' in inheritance list
(microtype)                `microtype.cfg/425(protrusion)'.


Package microtype Warning: Unknown slot number of character
(microtype)                `\.I'
(microtype)                in font encoding `TU' in inheritance list
(microtype)                `microtype.cfg/425(protrusion)'.


Package microtype Warning: Unknown slot number of character
(microtype)                `\'L'
(microtype)                in font encoding `TU' in inheritance list
(microtype)                `microtype.cfg/425(protrusion)'.


Package microtype Warning: Unknown slot number of character
(microtype)                `\v L'
(microtype)                in font encoding `TU' in inheritance list
(microtype)                `microtype.cfg/425(protrusion)'.


Package microtype Warning: Unknown slot number of character
(microtype)                `\'l'
(microtype)                in font encoding `TU' in inheritance list
(microtype)                `microtype.cfg/425(protrusion)'.


Package microtype Warning: Unknown slot number of character
(microtype)                `\v l'
(microtype)                in font encoding `TU' in inheritance list
(microtype)                `microtype.cfg/425(protrusion)'.


Package microtype Warning: Unknown slot number of character
(microtype)                `\H O'
(microtype)                in font encoding `TU' in inheritance list
(microtype)                `microtype.cfg/425(protrusion)'.


Package microtype Warning: Unknown slot number of character
(microtype)                `\H o'
(microtype)                in font encoding `TU' in inheritance list
(microtype)                `microtype.cfg/425(protrusion)'.


Package microtype Warning: Unknown slot number of character
(microtype)                `\'R'
(microtype)                in font encoding `TU' in inheritance list
(microtype)                `microtype.cfg/425(protrusion)'.


Package microtype Warning: Unknown slot number of character
(microtype)                `\v R'
(microtype)                in font encoding `TU' in inheritance list
(microtype)                `microtype.cfg/425(protrusion)'.


Package microtype Warning: Unknown slot number of character
(microtype)                `\'r'
(microtype)                in font encoding `TU' in inheritance list
(microtype)                `microtype.cfg/425(protrusion)'.


Package microtype Warning: Unknown slot number of character
(microtype)                `\v r'
(microtype)                in font encoding `TU' in inheritance list
(microtype)                `microtype.cfg/425(protrusion)'.


Package microtype Warning: Unknown slot number of character
(microtype)                `\'S'
(microtype)                in font encoding `TU' in inheritance list
(microtype)                `microtype.cfg/425(protrusion)'.


Package microtype Warning: Unknown slot number of character
(microtype)                `\c S'
(microtype)                in font encoding `TU' in inheritance list
(microtype)                `microtype.cfg/425(protrusion)'.


Package microtype Warning: Unknown slot number of character
(microtype)                `\v S'
(microtype)                in font encoding `TU' in inheritance list
(microtype)                `microtype.cfg/425(protrusion)'.


Package microtype Warning: Unknown slot number of character
(microtype)                `\'s'
(microtype)                in font encoding `TU' in inheritance list
(microtype)                `microtype.cfg/425(protrusion)'.


Package microtype Warning: Unknown slot number of character
(microtype)                `\c s'
(microtype)                in font encoding `TU' in inheritance list
(microtype)                `microtype.cfg/425(protrusion)'.


Package microtype Warning: Unknown slot number of character
(microtype)                `\v s'
(microtype)                in font encoding `TU' in inheritance list
(microtype)                `microtype.cfg/425(protrusion)'.


Package microtype Warning: Unknown slot number of character
(microtype)                `\c T'
(microtype)                in font encoding `TU' in inheritance list
(microtype)                `microtype.cfg/425(protrusion)'.


Package microtype Warning: Unknown slot number of character
(microtype)                `\v T'
(microtype)                in font encoding `TU' in inheritance list
(microtype)                `microtype.cfg/425(protrusion)'.


Package microtype Warning: Unknown slot number of character
(microtype)                `\c t'
(microtype)                in font encoding `TU' in inheritance list
(microtype)                `microtype.cfg/425(protrusion)'.


Package microtype Warning: Unknown slot number of character
(microtype)                `\v t'
(microtype)                in font encoding `TU' in inheritance list
(microtype)                `microtype.cfg/425(protrusion)'.


Package microtype Warning: Unknown slot number of character
(microtype)                `\H U'
(microtype)                in font encoding `TU' in inheritance list
(microtype)                `microtype.cfg/425(protrusion)'.


Package microtype Warning: Unknown slot number of character
(microtype)                `\r U'
(microtype)                in font encoding `TU' in inheritance list
(microtype)                `microtype.cfg/425(protrusion)'.


Package microtype Warning: Unknown slot number of character
(microtype)                `\H u'
(microtype)                in font encoding `TU' in inheritance list
(microtype)                `microtype.cfg/425(protrusion)'.


Package microtype Warning: Unknown slot number of character
(microtype)                `\r u'
(microtype)                in font encoding `TU' in inheritance list
(microtype)                `microtype.cfg/425(protrusion)'.


Package microtype Warning: Unknown slot number of character
(microtype)                `\"Y'
(microtype)                in font encoding `TU' in inheritance list
(microtype)                `microtype.cfg/425(protrusion)'.


Package microtype Warning: Unknown slot number of character
(microtype)                `\'Z'
(microtype)                in font encoding `TU' in inheritance list
(microtype)                `microtype.cfg/425(protrusion)'.


Package microtype Warning: Unknown slot number of character
(microtype)                `\.Z'
(microtype)                in font encoding `TU' in inheritance list
(microtype)                `microtype.cfg/425(protrusion)'.


Package microtype Warning: Unknown slot number of character
(microtype)                `\v Z'
(microtype)                in font encoding `TU' in inheritance list
(microtype)                `microtype.cfg/425(protrusion)'.


Package microtype Warning: Unknown slot number of character
(microtype)                `\'z'
(microtype)                in font encoding `TU' in inheritance list
(microtype)                `microtype.cfg/425(protrusion)'.


Package microtype Warning: Unknown slot number of character
(microtype)                `\.z'
(microtype)                in font encoding `TU' in inheritance list
(microtype)                `microtype.cfg/425(protrusion)'.


Package microtype Warning: Unknown slot number of character
(microtype)                `\v z'
(microtype)                in font encoding `TU' in inheritance list
(microtype)                `microtype.cfg/425(protrusion)'.

(build/supp.out) (build/supp.out) (/workspace/ubuntu2004_cuda12_1/utils/tinytex/.TinyTeX/texmf-dist/tex/latex/amsfonts/umsa.fd) (/workspace/ubuntu2004_cuda12_1/utils/tinytex/.TinyTeX/texmf-dist/tex/latex/microtype/mt-msa.cfg) (/workspace/ubuntu2004_cuda12_1/utils/tinytex/.TinyTeX/texmf-dist/tex/latex/amsfonts/umsb.fd) (/workspace/ubuntu2004_cuda12_1/utils/tinytex/.TinyTeX/texmf-dist/tex/latex/microtype/mt-msb.cfg) (/workspace/ubuntu2004_cuda12_1/utils/tinytex/.TinyTeX/texmf-dist/tex/latex/microtype/mt-cmr.cfg) [1] (./tables/per_scene.tex) (./tables/supp_shares.tex) (./tables/supp_history.tex) (./tables/supp_times.tex) (./tables/cost.tex) (./tables/refine.tex) (./tables/supp_registration.tex) (./tables/supp_masked.tex) [2] [3] [4] [5] [6] (build/supp.aux) )
Output written on build/supp.xdv (6 pages, 195896 bytes).
Transcript written on build/supp.log.
Latexmk: Getting log file 'build/supp.log'
Latexmk: Examining 'build/supp.fls'
Latexmk: Examining 'build/supp.log'
Latexmk: Log file says output to 'build/supp.xdv'
Latexmk: applying rule 'xdvipdfmx'...
Rule 'xdvipdfmx':  Reasons for rerun
Changed files or newly in use/created:
  build/supp.xdv
Category 'changed_source_rules':
  xelatex

------------
Run number 1 of rule 'xdvipdfmx'
------------
------------
Running 'xdvipdfmx -E -o "build/supp.pdf"  "build/supp.xdv"'
------------
build/supp.xdv -> build/supp.pdf
[1][2][3][4][5][6]
4429619 bytes written
Latexmk: All targets (build/supp.xdv build/supp.pdf) are up-to-date

