This is XeTeX, Version 3.141592653-2.6-0.999998 (TeX Live 2026) (preloaded format=xelatex 2026.10.5)  6 OCT 2026 15:29
entering extended mode
 restricted \write18 enabled.
 %&-line parsing enabled.
**main.tex
(./main.tex
LaTeX2e <2026-06-01>
L3 programming layer <2026-09-09>
(/workspace/ubuntu2004_cuda12_1/utils/tinytex/.TinyTeX/texmf-dist/tex/latex/base/article.cls
Document Class: article 2025/01/22 v1.4n Standard LaTeX document class
(/workspace/ubuntu2004_cuda12_1/utils/tinytex/.TinyTeX/texmf-dist/tex/latex/base/size10.clo
File: size10.clo 2025/01/22 v1.4n Standard LaTeX file (size option)
)
\c@part=\count273
\c@section=\count274
\c@subsection=\count275
\c@subsubsection=\count276
\c@paragraph=\count277
\c@subparagraph=\count278
\c@figure=\count279
\c@table=\count280
\abovecaptionskip=\skip49
\belowcaptionskip=\skip50
\bibindent=\dimen150
) (./cvpr.sty
Package: cvpr 2026 LaTeX class for IEEE CVPR
 (/workspace/ubuntu2004_cuda12_1/utils/tinytex/.TinyTeX/texmf-dist/tex/latex/psnfss/times.sty
Package: times 2020/03/25 PSNFSS-v9.3 (SPQR) 
) (/workspace/ubuntu2004_cuda12_1/utils/tinytex/.TinyTeX/texmf-dist/tex/latex/tools/xspace.sty
Package: xspace 2014/10/28 v1.13 Space after command names (DPC,MH)
) (/workspace/ubuntu2004_cuda12_1/utils/tinytex/.TinyTeX/texmf-dist/tex/latex/xcolor/xcolor.sty
Package: xcolor 2024/09/29 v3.02 LaTeX color extensions (UK)
 (/workspace/ubuntu2004_cuda12_1/utils/tinytex/.TinyTeX/texmf-dist/tex/latex/graphics-cfg/color.cfg
File: color.cfg 2016/01/02 v1.6 sample color configuration
)
Package xcolor Info: Driver file: xetex.def on input line 274.
 (/workspace/ubuntu2004_cuda12_1/utils/tinytex/.TinyTeX/texmf-dist/tex/latex/graphics-def/xetex.def
File: xetex.def 2025/11/01 v5.0p Graphics/color driver for xetex
) (/workspace/ubuntu2004_cuda12_1/utils/tinytex/.TinyTeX/texmf-dist/tex/latex/graphics/mathcolor.ltx)
Package xcolor Info: Model `cmy' substituted by `cmy0' on input line 1349.
Package xcolor Info: Model `RGB' extended on input line 1365.
Package xcolor Info: Model `HTML' substituted by `rgb' on input line 1367.
Package xcolor Info: Model `Hsb' substituted by `hsb' on input line 1368.
Package xcolor Info: Model `tHsb' substituted by `hsb' on input line 1369.
Package xcolor Info: Model `HSB' substituted by `hsb' on input line 1370.
Package xcolor Info: Model `Gray' substituted by `gray' on input line 1371.
Package xcolor Info: Model `wave' substituted by `hsb' on input line 1372.
) (/workspace/ubuntu2004_cuda12_1/utils/tinytex/.TinyTeX/texmf-dist/tex/latex/graphics/dvipsnam.def
File: dvipsnam.def 2026-05-17 v3.0m Driver-dependent file (DPC,SPQR)
) (/workspace/ubuntu2004_cuda12_1/utils/tinytex/.TinyTeX/texmf-dist/tex/latex/graphics/graphicx.sty
Package: graphicx 2026-05-17 v1.2e Enhanced LaTeX Graphics (DPC,SPQR)
 (/workspace/ubuntu2004_cuda12_1/utils/tinytex/.TinyTeX/texmf-dist/tex/latex/graphics/keyval.sty
Package: keyval 2026-05-17 v1.15 key=value parser (DPC)
\KV@toks@=\toks17
) (/workspace/ubuntu2004_cuda12_1/utils/tinytex/.TinyTeX/texmf-dist/tex/latex/graphics/graphics.sty
Package: graphics 2026-05-17 v1.4h Standard LaTeX Graphics (DPC,SPQR)
 (/workspace/ubuntu2004_cuda12_1/utils/tinytex/.TinyTeX/texmf-dist/tex/latex/graphics/trig.sty
Package: trig 2023/12/02 v1.11 sin cos tan (DPC)
) (/workspace/ubuntu2004_cuda12_1/utils/tinytex/.TinyTeX/texmf-dist/tex/latex/graphics-cfg/graphics.cfg
File: graphics.cfg 2016/06/04 v1.11 sample graphics configuration
)
Package graphics Info: Driver file: xetex.def on input line 106.
)
\Gin@req@height=\dimen151
\Gin@req@width=\dimen152
) (/workspace/ubuntu2004_cuda12_1/utils/tinytex/.TinyTeX/texmf-dist/tex/latex/amsmath/amsmath.sty
Package: amsmath 2026/05/19 v2.18d AMS math features
\@mathmargin=\skip51

For additional information on amsmath, use the `?' option.
(/workspace/ubuntu2004_cuda12_1/utils/tinytex/.TinyTeX/texmf-dist/tex/latex/amsmath/amstext.sty
Package: amstext 2024/11/17 v2.01 AMS text
 (/workspace/ubuntu2004_cuda12_1/utils/tinytex/.TinyTeX/texmf-dist/tex/latex/amsmath/amsgen.sty
File: amsgen.sty 1999/11/30 v2.0 generic functions
\@emptytoks=\toks18
\ex@=\dimen153
)) (/workspace/ubuntu2004_cuda12_1/utils/tinytex/.TinyTeX/texmf-dist/tex/latex/amsmath/amsbsy.sty
Package: amsbsy 1999/11/29 v1.2d Bold Symbols
\pmbraise@=\dimen154
) (/workspace/ubuntu2004_cuda12_1/utils/tinytex/.TinyTeX/texmf-dist/tex/latex/amsmath/amsopn.sty
Package: amsopn 2022/04/08 v2.04 operator names
)
\inf@bad=\count281
LaTeX Info: Redefining \frac on input line 233.
\uproot@=\count282
\leftroot@=\count283
LaTeX Info: Redefining \overline on input line 398.
LaTeX Info: Redefining \colon on input line 409.
\classnum@=\count284
\DOTSCASE@=\count285
LaTeX Info: Redefining \ldots on input line 495.
LaTeX Info: Redefining \dots on input line 498.
LaTeX Info: Redefining \cdots on input line 619.
\Mathstrutbox@=\box53
\strutbox@=\box54
LaTeX Info: Redefining \big on input line 721.
LaTeX Info: Redefining \Big on input line 722.
LaTeX Info: Redefining \bigg on input line 723.
LaTeX Info: Redefining \Bigg on input line 724.
\big@size=\dimen155
LaTeX Font Info:    Redeclaring font encoding OML on input line 742.
LaTeX Font Info:    Redeclaring font encoding OMS on input line 743.
\macc@depth=\count286
LaTeX Info: Redefining \bmod on input line 904.
LaTeX Info: Redefining \pmod on input line 909.
LaTeX Info: Redefining \smash on input line 939.
LaTeX Info: Redefining \relbar on input line 969.
LaTeX Info: Redefining \Relbar on input line 970.
\c@MaxMatrixCols=\count287
\dotsspace@=\muskip17
\c@parentequation=\count288
\dspbrk@lvl=\count289
\tag@help=\toks19
\row@=\count290
\column@=\count291
\maxfields@=\count292
\andhelp@=\toks20
\eqnshift@=\dimen156
\alignsep@=\dimen157
\tagshift@=\dimen158
\tagwidth@=\dimen159
\totwidth@=\dimen160
\lineht@=\dimen161
\@envbody=\toks21
\multlinegap=\skip52
\multlinetaggap=\skip53
\mathdisplay@stack=\toks22
LaTeX Info: Redefining \[ on input line 2965.
LaTeX Info: Redefining \] on input line 2966.
) (/workspace/ubuntu2004_cuda12_1/utils/tinytex/.TinyTeX/texmf-dist/tex/latex/amsfonts/amssymb.sty
Package: amssymb 2013/01/14 v3.01 AMS font symbols
 (/workspace/ubuntu2004_cuda12_1/utils/tinytex/.TinyTeX/texmf-dist/tex/latex/amsfonts/amsfonts.sty
Package: amsfonts 2013/01/14 v3.01 Basic AMSFonts support
\symAMSa=\mathgroup4
\symAMSb=\mathgroup5
LaTeX Font Info:    Redeclaring math symbol \hbar on input line 98.
LaTeX Font Info:    Overwriting math alphabet `\mathfrak' in version `bold'
(Font)                  U/euf/m/n --> U/euf/b/n on input line 106.
)) (/workspace/ubuntu2004_cuda12_1/utils/tinytex/.TinyTeX/texmf-dist/tex/latex/booktabs/booktabs.sty
Package: booktabs 2020/01/12 v1.61803398 Publication quality tables
\heavyrulewidth=\dimen162
\lightrulewidth=\dimen163
\cmidrulewidth=\dimen164
\belowrulesep=\dimen165
\belowbottomsep=\dimen166
\aboverulesep=\dimen167
\abovetopsep=\dimen168
\cmidrulesep=\dimen169
\cmidrulekern=\dimen170
\defaultaddspace=\dimen171
\@cmidla=\count293
\@cmidlb=\count294
\@aboverulesep=\dimen172
\@belowrulesep=\dimen173
\@thisruleclass=\count295
\@lastruleclass=\count296
\@thisrulewidth=\dimen174
) (/workspace/ubuntu2004_cuda12_1/utils/tinytex/.TinyTeX/texmf-dist/tex/latex/natbib/natbib.sty
Package: natbib 2010/09/13 8.31b (PWD, AO)
\bibhang=\skip54
\bibsep=\skip55
LaTeX Info: Redefining \cite on input line 694.
\c@NAT@ctr=\count297
) (/workspace/ubuntu2004_cuda12_1/utils/tinytex/.TinyTeX/texmf-dist/tex/latex/silence/silence.sty
Package: silence 2012/07/02 v1.5b Selective filtering of warnings and error messages
\sl@Save=\count298
\sl@StateNumber=\count299
\sl@MessageCount=\count300
\sl@Casualties=\count301
\sl@Filter=\toks23
\sl@Message=\toks24
\sl@UnexpandedMessage=\toks25
\sl@Mess@ge=\toks26
\sl@WarningCount=\count302
\sl@WarningNumber=\count303
\sl@WarningCasualties=\count304
\sl@TempBOW=\toks27
\sl@BankOfWarnings=\toks28
LaTeX Info: Redefining \GenericWarning on input line 433.
\sl@ErrorCount=\count305
\sl@ErrorNumber=\count306
\sl@ErrorCasualties=\count307
\sl@TempBOE=\toks29
\sl@BankOfErrors=\toks30
LaTeX Info: Redefining \GenericError on input line 601.
) (/workspace/ubuntu2004_cuda12_1/utils/tinytex/.TinyTeX/texmf-dist/tex/latex/etoolbox/etoolbox.sty
Package: etoolbox 2025/10/02 v2.5m e-TeX tools for LaTeX (JAW)
\etb@tempcnta=\count308
) (/workspace/ubuntu2004_cuda12_1/utils/tinytex/.TinyTeX/texmf-dist/tex/latex/caption/caption.sty
Package: caption 2023/08/05 v3.6o Customizing captions (AR)
 (/workspace/ubuntu2004_cuda12_1/utils/tinytex/.TinyTeX/texmf-dist/tex/latex/caption/caption3.sty
Package: caption3 2023/07/31 v2.4d caption3 kernel (AR)
\caption@tempdima=\dimen175
\captionmargin=\dimen176
\caption@leftmargin=\dimen177
\caption@rightmargin=\dimen178
\caption@width=\dimen179
\caption@indent=\dimen180
\caption@parindent=\dimen181
\caption@hangindent=\dimen182
Package caption Info: Standard document class detected.
)
\c@caption@flags=\count309
\c@continuedfloat=\count310
) (/workspace/ubuntu2004_cuda12_1/utils/tinytex/.TinyTeX/texmf-dist/tex/latex/caption/subcaption.sty
Package: subcaption 2023/07/28 v1.6b Sub-captions (AR)
Package caption Info: New subtype `subfigure' on input line 238.
\c@subfigure=\count311
Package caption Info: New subtype `subtable' on input line 238.
\c@subtable=\count312
) (/workspace/ubuntu2004_cuda12_1/utils/tinytex/.TinyTeX/texmf-dist/tex/latex/url/url.sty
\Urlmuskip=\muskip18
Package: url 2013/09/16  ver 3.4  Verb mode for urls, etc.
)
CVPR 8.5 x 11-Inch Proceedings Style `cvpr.sty'.
\cvprrulerbox=\box55
\cvprrulercount=\count313
\cvprruleroffset=\dimen183
\cv@lineheight=\dimen184
\cv@boxheight=\dimen185
\cv@tmpbox=\box56
\cv@refno=\count314
\cv@tot=\count315
\cv@tmpc@=\count316
\cv@tmpc=\count317
(/workspace/ubuntu2004_cuda12_1/utils/tinytex/.TinyTeX/texmf-dist/tex/latex/lineno/lineno.sty
Package: lineno 2026/03/08 line numbers on paragraphs v5.9
 (/workspace/ubuntu2004_cuda12_1/utils/tinytex/.TinyTeX/texmf-dist/tex/latex/kvoptions/kvoptions.sty
Package: kvoptions 2022-06-15 v3.15 Key value format for package options (HO)
 (/workspace/ubuntu2004_cuda12_1/utils/tinytex/.TinyTeX/texmf-dist/tex/generic/ltxcmds/ltxcmds.sty
Package: ltxcmds 2023-12-04 v1.26 LaTeX kernel commands for general use (HO)
) (/workspace/ubuntu2004_cuda12_1/utils/tinytex/.TinyTeX/texmf-dist/tex/latex/kvsetkeys/kvsetkeys.sty
Package: kvsetkeys 2022-10-05 v1.19 Key value parser (HO)
))
\linenopenalty=\count318
\output=\toks31
\linenoprevgraf=\count319
\linenumbersep=\dimen186
\linenumberwidth=\dimen187
\c@linenumber=\count320
\c@pagewiselinenumber=\count321
\c@LN@truepage=\count322
\c@internallinenumber=\count323
\c@internallinenumbers=\count324
\quotelinenumbersep=\dimen188
\bframerule=\dimen189
\bframesep=\dimen190
\bframebox=\box57
\@LN@amsmath@ams@eqpen=\count325
) (/workspace/ubuntu2004_cuda12_1/utils/tinytex/.TinyTeX/texmf-dist/tex/latex/enumitem/enumitem.sty
Package: enumitem 2025/02/06 v3.11 Customized lists
\labelindent=\skip56
\enit@outerparindent=\dimen191
\enit@toks=\toks32
\enit@inbox=\box58
\enit@count@id=\count326
\enitdp@description=\count327
)) (./preamble.tex (/workspace/ubuntu2004_cuda12_1/utils/tinytex/.TinyTeX/texmf-dist/tex/latex/sttools/cuted.sty
Package: cuted 2025/12/15 v2.10 Mixing onecolumn and twocolumn modes (ST)
\At@ViperColsBreak=\toks33
\preCutedStrip=\toks34
\postCutedStrip=\toks35
\cuted@@tempbox@a=\box59
\cuted@@tempbox@c=\box60
\cuted@@tempbox@var=\box61
\hold@viper=\box62
\@viper=\box63
\cuted@@varbox@a=\box64
\cuted@@varbox@c=\box65
\cuted@@tempdim@spread=\dimen192
\cuted@@tempdim@a=\dimen193
\cuted@@tempdim@b=\dimen194
\ht@hold@viper=\dimen195
\ht@viper=\dimen196
\var@@pagediscards@ht=\dimen197
\stripsep=\skip57
\viper@penalty=\count328
\strip@page@discards=\dimen198
) (/workspace/ubuntu2004_cuda12_1/utils/tinytex/.TinyTeX/texmf-dist/tex/latex/currfile/currfile.sty
Package: currfile 2024/03/14 v1.0 Provides the file path elements of the current input file
 (/workspace/ubuntu2004_cuda12_1/utils/tinytex/.TinyTeX/texmf-dist/tex/latex/filehook/filehook.sty
Package: filehook 2022/10/25 v0.8b Hooks for input files
 (/workspace/ubuntu2004_cuda12_1/utils/tinytex/.TinyTeX/texmf-dist/tex/latex/filehook/filehook-2020.sty
Package: filehook-2020 2022/10/25 v0.8b Hooks for input files
))
\c@currfiledepth=\count329
) (/workspace/ubuntu2004_cuda12_1/utils/tinytex/.TinyTeX/texmf-dist/tex/latex/multirow/multirow.sty
Package: multirow 2024/11/12 v2.9 Span multiple rows of a table
\multirow@colwidth=\skip58
\multirow@cntb=\count330
\multirow@dima=\skip59
\bigstrutjot=\dimen199
) (/workspace/ubuntu2004_cuda12_1/utils/tinytex/.TinyTeX/texmf-dist/tex/latex/pgf/frontendlayer/tikz.sty (/workspace/ubuntu2004_cuda12_1/utils/tinytex/.TinyTeX/texmf-dist/tex/latex/pgf/basiclayer/pgf.sty (/workspace/ubuntu2004_cuda12_1/utils/tinytex/.TinyTeX/texmf-dist/tex/latex/pgf/utilities/pgfrcs.sty (/workspace/ubuntu2004_cuda12_1/utils/tinytex/.TinyTeX/texmf-dist/tex/generic/pgf/utilities/pgfutil-common.tex
\pgfutil@everybye=\toks36
\pgfutil@tempdima=\dimen256
\pgfutil@tempdimb=\dimen257
) (/workspace/ubuntu2004_cuda12_1/utils/tinytex/.TinyTeX/texmf-dist/tex/generic/pgf/utilities/pgfutil-latex.def
\pgfutil@abb=\box66
) (/workspace/ubuntu2004_cuda12_1/utils/tinytex/.TinyTeX/texmf-dist/tex/generic/pgf/utilities/pgfrcs.code.tex (/workspace/ubuntu2004_cuda12_1/utils/tinytex/.TinyTeX/texmf-dist/tex/generic/pgf/pgf.revision.tex)
Package: pgfrcs 2026-08-01 v3.1.12 (3.1.12)
))
Package: pgf 2026-08-01 v3.1.12 (3.1.12)
 (/workspace/ubuntu2004_cuda12_1/utils/tinytex/.TinyTeX/texmf-dist/tex/latex/pgf/basiclayer/pgfcore.sty (/workspace/ubuntu2004_cuda12_1/utils/tinytex/.TinyTeX/texmf-dist/tex/latex/pgf/systemlayer/pgfsys.sty (/workspace/ubuntu2004_cuda12_1/utils/tinytex/.TinyTeX/texmf-dist/tex/generic/pgf/systemlayer/pgfsys.code.tex
Package: pgfsys 2026-08-01 v3.1.12 (3.1.12)
 (/workspace/ubuntu2004_cuda12_1/utils/tinytex/.TinyTeX/texmf-dist/tex/generic/pgf/utilities/pgfkeys.code.tex
\pgfkeys@pathtoks=\toks37
\pgfkeys@temptoks=\toks38
 (/workspace/ubuntu2004_cuda12_1/utils/tinytex/.TinyTeX/texmf-dist/tex/generic/pgf/utilities/pgfkeyslibraryfiltered.code.tex
\pgfkeys@tmptoks=\toks39
))
\pgf@x=\dimen258
\pgf@y=\dimen259
\pgf@xa=\dimen260
\pgf@ya=\dimen261
\pgf@xb=\dimen262
\pgf@yb=\dimen263
\pgf@xc=\dimen264
\pgf@yc=\dimen265
\pgf@xd=\dimen266
\pgf@yd=\dimen267
\w@pgf@writea=\write3
\r@pgf@reada=\read2
\c@pgf@counta=\count331
\c@pgf@countb=\count332
\c@pgf@countc=\count333
\c@pgf@countd=\count334
\t@pgf@toka=\toks40
\t@pgf@tokb=\toks41
\t@pgf@tokc=\toks42
\pgf@sys@id@count=\count335
 (/workspace/ubuntu2004_cuda12_1/utils/tinytex/.TinyTeX/texmf-dist/tex/generic/pgf/systemlayer/pgf.cfg
File: pgf.cfg 2026-08-01 v3.1.12 (3.1.12)
)
Driver file for pgf: pgfsys-xetex.def
 (/workspace/ubuntu2004_cuda12_1/utils/tinytex/.TinyTeX/texmf-dist/tex/generic/pgf/systemlayer/pgfsys-xetex.def
File: pgfsys-xetex.def 2026-08-01 v3.1.12 (3.1.12)
 (/workspace/ubuntu2004_cuda12_1/utils/tinytex/.TinyTeX/texmf-dist/tex/generic/pgf/systemlayer/pgfsys-dvipdfmx.def
File: pgfsys-dvipdfmx.def 2026-08-01 v3.1.12 (3.1.12)
 (/workspace/ubuntu2004_cuda12_1/utils/tinytex/.TinyTeX/texmf-dist/tex/generic/pgf/systemlayer/pgfsys-common-pdf.def
File: pgfsys-common-pdf.def 2026-08-01 v3.1.12 (3.1.12)
)
\pgfsys@objnum=\count336
))) (/workspace/ubuntu2004_cuda12_1/utils/tinytex/.TinyTeX/texmf-dist/tex/generic/pgf/systemlayer/pgfsyssoftpath.code.tex
File: pgfsyssoftpath.code.tex 2026-08-01 v3.1.12 (3.1.12)
\pgfsyssoftpath@smallbuffer@items=\count337
\pgfsyssoftpath@bigbuffer@items=\count338
) (/workspace/ubuntu2004_cuda12_1/utils/tinytex/.TinyTeX/texmf-dist/tex/generic/pgf/systemlayer/pgfsysprotocol.code.tex
File: pgfsysprotocol.code.tex 2026-08-01 v3.1.12 (3.1.12)
)) (/workspace/ubuntu2004_cuda12_1/utils/tinytex/.TinyTeX/texmf-dist/tex/generic/pgf/basiclayer/pgfcore.code.tex
Package: pgfcore 2026-08-01 v3.1.12 (3.1.12)
 (/workspace/ubuntu2004_cuda12_1/utils/tinytex/.TinyTeX/texmf-dist/tex/generic/pgf/math/pgfmath.code.tex (/workspace/ubuntu2004_cuda12_1/utils/tinytex/.TinyTeX/texmf-dist/tex/generic/pgf/math/pgfmathutil.code.tex) (/workspace/ubuntu2004_cuda12_1/utils/tinytex/.TinyTeX/texmf-dist/tex/generic/pgf/math/pgfmathparser.code.tex
\pgfmath@dimen=\dimen268
\pgfmath@count=\count339
\pgfmath@box=\box67
\pgfmath@toks=\toks43
\pgfmath@stack@operand=\toks44
\pgfmath@stack@operation=\toks45
) (/workspace/ubuntu2004_cuda12_1/utils/tinytex/.TinyTeX/texmf-dist/tex/generic/pgf/math/pgfmathfunctions.code.tex) (/workspace/ubuntu2004_cuda12_1/utils/tinytex/.TinyTeX/texmf-dist/tex/generic/pgf/math/pgfmathfunctions.basic.code.tex) (/workspace/ubuntu2004_cuda12_1/utils/tinytex/.TinyTeX/texmf-dist/tex/generic/pgf/math/pgfmathfunctions.trigonometric.code.tex) (/workspace/ubuntu2004_cuda12_1/utils/tinytex/.TinyTeX/texmf-dist/tex/generic/pgf/math/pgfmathfunctions.random.code.tex) (/workspace/ubuntu2004_cuda12_1/utils/tinytex/.TinyTeX/texmf-dist/tex/generic/pgf/math/pgfmathfunctions.comparison.code.tex) (/workspace/ubuntu2004_cuda12_1/utils/tinytex/.TinyTeX/texmf-dist/tex/generic/pgf/math/pgfmathfunctions.base.code.tex) (/workspace/ubuntu2004_cuda12_1/utils/tinytex/.TinyTeX/texmf-dist/tex/generic/pgf/math/pgfmathfunctions.round.code.tex) (/workspace/ubuntu2004_cuda12_1/utils/tinytex/.TinyTeX/texmf-dist/tex/generic/pgf/math/pgfmathfunctions.misc.code.tex) (/workspace/ubuntu2004_cuda12_1/utils/tinytex/.TinyTeX/texmf-dist/tex/generic/pgf/math/pgfmathfunctions.integerarithmetics.code.tex) (/workspace/ubuntu2004_cuda12_1/utils/tinytex/.TinyTeX/texmf-dist/tex/generic/pgf/math/pgfmathcalc.code.tex) (/workspace/ubuntu2004_cuda12_1/utils/tinytex/.TinyTeX/texmf-dist/tex/generic/pgf/math/pgfmathfloat.code.tex
\c@pgfmathroundto@lastzeros=\count340
)) (/workspace/ubuntu2004_cuda12_1/utils/tinytex/.TinyTeX/texmf-dist/tex/generic/pgf/math/pgfint.code.tex) (/workspace/ubuntu2004_cuda12_1/utils/tinytex/.TinyTeX/texmf-dist/tex/generic/pgf/basiclayer/pgfcorepoints.code.tex
File: pgfcorepoints.code.tex 2026-08-01 v3.1.12 (3.1.12)
\pgf@picminx=\dimen269
\pgf@picmaxx=\dimen270
\pgf@picminy=\dimen271
\pgf@picmaxy=\dimen272
\pgf@pathminx=\dimen273
\pgf@pathmaxx=\dimen274
\pgf@pathminy=\dimen275
\pgf@pathmaxy=\dimen276
\pgf@xx=\dimen277
\pgf@xy=\dimen278
\pgf@yx=\dimen279
\pgf@yy=\dimen280
\pgf@zx=\dimen281
\pgf@zy=\dimen282
) (/workspace/ubuntu2004_cuda12_1/utils/tinytex/.TinyTeX/texmf-dist/tex/generic/pgf/basiclayer/pgfcorepathconstruct.code.tex
File: pgfcorepathconstruct.code.tex 2026-08-01 v3.1.12 (3.1.12)
\pgf@path@lastx=\dimen283
\pgf@path@lasty=\dimen284
) (/workspace/ubuntu2004_cuda12_1/utils/tinytex/.TinyTeX/texmf-dist/tex/generic/pgf/basiclayer/pgfcorepathusage.code.tex
File: pgfcorepathusage.code.tex 2026-08-01 v3.1.12 (3.1.12)
\pgf@shorten@end@additional=\dimen285
\pgf@shorten@start@additional=\dimen286
) (/workspace/ubuntu2004_cuda12_1/utils/tinytex/.TinyTeX/texmf-dist/tex/generic/pgf/basiclayer/pgfcorescopes.code.tex
File: pgfcorescopes.code.tex 2026-08-01 v3.1.12 (3.1.12)
\pgfpic=\box68
\pgf@hbox=\box69
\pgf@layerbox@main=\box70
\pgf@picture@serial@count=\count341
) (/workspace/ubuntu2004_cuda12_1/utils/tinytex/.TinyTeX/texmf-dist/tex/generic/pgf/basiclayer/pgfcoregraphicstate.code.tex
File: pgfcoregraphicstate.code.tex 2026-08-01 v3.1.12 (3.1.12)
\pgflinewidth=\dimen287
) (/workspace/ubuntu2004_cuda12_1/utils/tinytex/.TinyTeX/texmf-dist/tex/generic/pgf/basiclayer/pgfcoretransformations.code.tex
File: pgfcoretransformations.code.tex 2026-08-01 v3.1.12 (3.1.12)
\pgf@pt@x=\dimen288
\pgf@pt@y=\dimen289
\pgf@pt@temp=\dimen290
) (/workspace/ubuntu2004_cuda12_1/utils/tinytex/.TinyTeX/texmf-dist/tex/generic/pgf/basiclayer/pgfcorequick.code.tex
File: pgfcorequick.code.tex 2026-08-01 v3.1.12 (3.1.12)
) (/workspace/ubuntu2004_cuda12_1/utils/tinytex/.TinyTeX/texmf-dist/tex/generic/pgf/basiclayer/pgfcoreobjects.code.tex
File: pgfcoreobjects.code.tex 2026-08-01 v3.1.12 (3.1.12)
) (/workspace/ubuntu2004_cuda12_1/utils/tinytex/.TinyTeX/texmf-dist/tex/generic/pgf/basiclayer/pgfcorepathprocessing.code.tex
File: pgfcorepathprocessing.code.tex 2026-08-01 v3.1.12 (3.1.12)
) (/workspace/ubuntu2004_cuda12_1/utils/tinytex/.TinyTeX/texmf-dist/tex/generic/pgf/basiclayer/pgfcorearrows.code.tex
File: pgfcorearrows.code.tex 2026-08-01 v3.1.12 (3.1.12)
\pgfarrowsep=\dimen291
) (/workspace/ubuntu2004_cuda12_1/utils/tinytex/.TinyTeX/texmf-dist/tex/generic/pgf/basiclayer/pgfcoreshade.code.tex
File: pgfcoreshade.code.tex 2026-08-01 v3.1.12 (3.1.12)
\pgf@max=\dimen292
\pgf@sys@shading@range@num=\count342
\pgf@shadingcount=\count343
) (/workspace/ubuntu2004_cuda12_1/utils/tinytex/.TinyTeX/texmf-dist/tex/generic/pgf/basiclayer/pgfcoreimage.code.tex
File: pgfcoreimage.code.tex 2026-08-01 v3.1.12 (3.1.12)
) (/workspace/ubuntu2004_cuda12_1/utils/tinytex/.TinyTeX/texmf-dist/tex/generic/pgf/basiclayer/pgfcoreexternal.code.tex
File: pgfcoreexternal.code.tex 2026-08-01 v3.1.12 (3.1.12)
\pgfexternal@startupbox=\box71
) (/workspace/ubuntu2004_cuda12_1/utils/tinytex/.TinyTeX/texmf-dist/tex/generic/pgf/basiclayer/pgfcorelayers.code.tex
File: pgfcorelayers.code.tex 2026-08-01 v3.1.12 (3.1.12)
) (/workspace/ubuntu2004_cuda12_1/utils/tinytex/.TinyTeX/texmf-dist/tex/generic/pgf/basiclayer/pgfcoretransparency.code.tex
File: pgfcoretransparency.code.tex 2026-08-01 v3.1.12 (3.1.12)
) (/workspace/ubuntu2004_cuda12_1/utils/tinytex/.TinyTeX/texmf-dist/tex/generic/pgf/basiclayer/pgfcorepatterns.code.tex
File: pgfcorepatterns.code.tex 2026-08-01 v3.1.12 (3.1.12)
) (/workspace/ubuntu2004_cuda12_1/utils/tinytex/.TinyTeX/texmf-dist/tex/generic/pgf/basiclayer/pgfcorerdf.code.tex
File: pgfcorerdf.code.tex 2026-08-01 v3.1.12 (3.1.12)
))) (/workspace/ubuntu2004_cuda12_1/utils/tinytex/.TinyTeX/texmf-dist/tex/generic/pgf/modules/pgfmoduleshapes.code.tex
File: pgfmoduleshapes.code.tex 2026-08-01 v3.1.12 (3.1.12)
\pgfnodeparttextbox=\box72
) (/workspace/ubuntu2004_cuda12_1/utils/tinytex/.TinyTeX/texmf-dist/tex/generic/pgf/modules/pgfmoduleplot.code.tex
File: pgfmoduleplot.code.tex 2026-08-01 v3.1.12 (3.1.12)
) (/workspace/ubuntu2004_cuda12_1/utils/tinytex/.TinyTeX/texmf-dist/tex/latex/pgf/compatibility/pgfcomp-version-0-65.sty
Package: pgfcomp-version-0-65 2026-08-01 v3.1.12 (3.1.12)
\pgf@nodesepstart=\dimen293
\pgf@nodesepend=\dimen294
) (/workspace/ubuntu2004_cuda12_1/utils/tinytex/.TinyTeX/texmf-dist/tex/latex/pgf/compatibility/pgfcomp-version-1-18.sty
Package: pgfcomp-version-1-18 2026-08-01 v3.1.12 (3.1.12)
)) (/workspace/ubuntu2004_cuda12_1/utils/tinytex/.TinyTeX/texmf-dist/tex/latex/pgf/utilities/pgffor.sty (/workspace/ubuntu2004_cuda12_1/utils/tinytex/.TinyTeX/texmf-dist/tex/latex/pgf/utilities/pgfkeys.sty (/workspace/ubuntu2004_cuda12_1/utils/tinytex/.TinyTeX/texmf-dist/tex/generic/pgf/utilities/pgfkeys.code.tex)) (/workspace/ubuntu2004_cuda12_1/utils/tinytex/.TinyTeX/texmf-dist/tex/latex/pgf/math/pgfmath.sty (/workspace/ubuntu2004_cuda12_1/utils/tinytex/.TinyTeX/texmf-dist/tex/generic/pgf/math/pgfmath.code.tex)) (/workspace/ubuntu2004_cuda12_1/utils/tinytex/.TinyTeX/texmf-dist/tex/generic/pgf/utilities/pgffor.code.tex
Package: pgffor 2026-08-01 v3.1.12 (3.1.12)
\pgffor@iter=\dimen295
\pgffor@skip=\dimen296
\pgffor@stack=\toks46
\pgffor@toks=\toks47
)) (/workspace/ubuntu2004_cuda12_1/utils/tinytex/.TinyTeX/texmf-dist/tex/generic/pgf/frontendlayer/tikz/tikz.code.tex
Package: tikz 2026-08-01 v3.1.12 (3.1.12)
 (/workspace/ubuntu2004_cuda12_1/utils/tinytex/.TinyTeX/texmf-dist/tex/generic/pgf/libraries/pgflibraryplothandlers.code.tex
File: pgflibraryplothandlers.code.tex 2026-08-01 v3.1.12 (3.1.12)
\pgf@plot@mark@count=\count344
\pgfplotmarksize=\dimen297
)
\tikz@lastx=\dimen298
\tikz@lasty=\dimen299
\tikz@lastxsaved=\dimen300
\tikz@lastysaved=\dimen301
\tikz@lastmovetox=\dimen302
\tikz@lastmovetoy=\dimen303
\tikzleveldistance=\dimen304
\tikzsiblingdistance=\dimen305
\tikz@figbox=\box73
\tikz@figbox@bg=\box74
\tikz@tempbox=\box75
\tikz@tempbox@bg=\box76
\tikztreelevel=\count345
\tikznumberofchildren=\count346
\tikznumberofcurrentchild=\count347
\tikz@fig@count=\count348
 (/workspace/ubuntu2004_cuda12_1/utils/tinytex/.TinyTeX/texmf-dist/tex/generic/pgf/modules/pgfmodulematrix.code.tex
File: pgfmodulematrix.code.tex 2026-08-01 v3.1.12 (3.1.12)
\pgfmatrixcurrentrow=\count349
\pgfmatrixcurrentcolumn=\count350
\pgf@matrix@numberofcolumns=\count351
)
\tikz@expandcount=\count352
 (/workspace/ubuntu2004_cuda12_1/utils/tinytex/.TinyTeX/texmf-dist/tex/generic/pgf/frontendlayer/tikz/libraries/tikzlibrarytopaths.code.tex
File: tikzlibrarytopaths.code.tex 2026-08-01 v3.1.12 (3.1.12)
))) (/workspace/ubuntu2004_cuda12_1/utils/tinytex/.TinyTeX/texmf-dist/tex/generic/pgf/frontendlayer/tikz/libraries/tikzlibrarypositioning.code.tex
File: tikzlibrarypositioning.code.tex 2026-08-01 v3.1.12 (3.1.12)
) (/workspace/ubuntu2004_cuda12_1/utils/tinytex/.TinyTeX/texmf-dist/tex/generic/pgf/frontendlayer/tikz/libraries/tikzlibraryfit.code.tex
File: tikzlibraryfit.code.tex 2026-08-01 v3.1.12 (3.1.12)
) (/workspace/ubuntu2004_cuda12_1/utils/tinytex/.TinyTeX/texmf-dist/tex/generic/pgf/frontendlayer/tikz/libraries/tikzlibrarycalc.code.tex
File: tikzlibrarycalc.code.tex 2026-08-01 v3.1.12 (3.1.12)
) (/workspace/ubuntu2004_cuda12_1/utils/tinytex/.TinyTeX/texmf-dist/tex/generic/pgf/libraries/pgflibraryarrows.meta.code.tex
File: pgflibraryarrows.meta.code.tex 2026-08-01 v3.1.12 (3.1.12)
\pgfarrowinset=\dimen306
\pgfarrowlength=\dimen307
\pgfarrowwidth=\dimen308
\pgfarrowlinewidth=\dimen309
) (/workspace/ubuntu2004_cuda12_1/utils/tinytex/.TinyTeX/texmf-dist/tex/generic/pgf/frontendlayer/tikz/libraries/tikzlibrarybackgrounds.code.tex
File: tikzlibrarybackgrounds.code.tex 2026-08-01 v3.1.12 (3.1.12)
\pgf@layerbox@background=\box77
\pgf@layerboxsaved@background=\box78
) (/workspace/ubuntu2004_cuda12_1/utils/tinytex/.TinyTeX/texmf-dist/tex/latex/microtype/microtype.sty
Package: microtype 2026/03/01 v3.2d Micro-typographical refinements (RS)
\MT@toks=\toks48
\MT@tempbox=\box79
\MT@count=\count353
LaTeX Info: Redefining \noprotrusionifhmode on input line 1084.
LaTeX Info: Redefining \leftprotrusion on input line 1085.
\MT@prot@toks=\toks49
LaTeX Info: Redefining \rightprotrusion on input line 1104.
LaTeX Info: Redefining \textls on input line 1449.
\MT@outer@kern=\dimen310
LaTeX Info: Redefining \microtypecontext on input line 2053.
LaTeX Info: Redefining \textmicrotypecontext on input line 2070.
\MT@listname@count=\count354
 (/workspace/ubuntu2004_cuda12_1/utils/tinytex/.TinyTeX/texmf-dist/tex/latex/microtype/microtype-xetex.def
File: microtype-xetex.def 2026/03/01 v3.2d Definitions specific to xetex (RS)
LaTeX Info: Redefining \lsstyle on input line 443.
LaTeX Info: Redefining \lslig on input line 451.
\MT@outer@space=\skip60
)
Package microtype Info: Loading configuration file microtype.cfg.
 (/workspace/ubuntu2004_cuda12_1/utils/tinytex/.TinyTeX/texmf-dist/tex/latex/microtype/microtype.cfg
File: microtype.cfg 2026/03/01 v3.2d microtype main configuration file (RS)
)
LaTeX Info: Redefining \microtypesetup on input line 3065.
) (/workspace/ubuntu2004_cuda12_1/utils/tinytex/.TinyTeX/texmf-dist/tex/latex/fontspec/fontspec.sty
Package: fontspec 2026/08/11 v2.9h Font selection for XeLaTeX and LuaLaTeX
 (/workspace/ubuntu2004_cuda12_1/utils/tinytex/.TinyTeX/texmf-dist/tex/latex/fontspec/fontspec-xetex.sty
Package: fontspec-xetex 2026/08/11 v2.9h Font selection for XeLaTeX and LuaLaTeX
\l__fontspec_script_int=\count355
\l__fontspec_language_int=\count356
\l__fontspec_strnum_int=\count357
\l__fontspec_tmp_int=\count358
\l__fontspec_tmpa_int=\count359
\l__fontspec_tmpb_int=\count360
\l__fontspec_tmpc_int=\count361
\l__fontspec_em_int=\count362
\l__fontspec_emdef_int=\count363
\l__fontspec_strong_int=\count364
\l__fontspec_strongdef_int=\count365
\l__fontspec_tmpa_dim=\dimen311
\l__fontspec_tmpb_dim=\dimen312
\l__fontspec_tmpc_dim=\dimen313
 (/workspace/ubuntu2004_cuda12_1/utils/tinytex/.TinyTeX/texmf-dist/tex/latex/base/fontenc.sty
Package: fontenc 2025/07/18 v2.1d Standard LaTeX package
) (/workspace/ubuntu2004_cuda12_1/utils/tinytex/.TinyTeX/texmf-dist/tex/latex/fontspec/fontspec.cfg)))

Package fontspec Info: 
(fontspec)             Font family 'NotoSerifCJKsc-Regular.otf(0)' created for
(fontspec)             font 'NotoSerifCJKsc-Regular.otf' with options
(fontspec)             [Ligatures=TeX,Path=../assets/fonts/,AutoFakeBold=2,AutoFakeSlant=0.15].
(fontspec)              
(fontspec)              This font family consists of the following NFSS
(fontspec)             series/shapes:
(fontspec)              
(fontspec)             - 'normal' (m/n) with NFSS spec.:
(fontspec)             <->"[../assets/fonts/NotoSerifCJKsc-Regular.otf]/OT:script=latn;language=dflt;mapping=tex-text;"
(fontspec)             - 'bold' (b/n) with NFSS spec.:
(fontspec)             <->"[../assets/fonts/NotoSerifCJKsc-Regular.otf]/OT:script=latn;language=dflt;embolden=2;mapping=tex-text;"
(fontspec)             - 'italic' (m/it) with NFSS spec.:
(fontspec)             <->"[../assets/fonts/NotoSerifCJKsc-Regular.otf]/OT:script=latn;language=dflt;slant=0.15;mapping=tex-text;"
(fontspec)             - 'bold italic' (b/it) with NFSS spec.:
(fontspec)             <->"[../assets/fonts/NotoSerifCJKsc-Regular.otf]/OT:script=latn;language=dflt;embolden=2;slant=0.15;mapping=tex-text;"


Package fontspec Info: 
(fontspec)             Font family 'NotoSerifCJKsc-Regular.otf(1)' created for
(fontspec)             font 'NotoSerifCJKsc-Regular.otf' with options
(fontspec)             [WordSpace={1,0,0},HyphenChar=None,PunctuationSpace=WordSpace,Path=../assets/fonts/,AutoFakeBold=2].
(fontspec)              
(fontspec)              This font family consists of the following NFSS
(fontspec)             series/shapes:
(fontspec)              
(fontspec)             - 'normal' (m/n) with NFSS spec.:
(fontspec)             <->"[../assets/fonts/NotoSerifCJKsc-Regular.otf]/OT:script=latn;language=dflt;"
(fontspec)             - 'bold' (b/n) with NFSS spec.:
(fontspec)             <->"[../assets/fonts/NotoSerifCJKsc-Regular.otf]/OT:script=latn;language=dflt;embolden=2;"

) (/workspace/ubuntu2004_cuda12_1/utils/tinytex/.TinyTeX/texmf-dist/tex/latex/hyperref/hyperref.sty
Package: hyperref 2026-06-17 v7.01r Hypertext links for LaTeX

(/workspace/ubuntu2004_cuda12_1/utils/tinytex/.TinyTeX/texmf-dist/tex/generic/iftex/iftex.sty
Package: iftex 2024/12/12 v1.0g TeX engine tests
) (/workspace/ubuntu2004_cuda12_1/utils/tinytex/.TinyTeX/texmf-dist/tex/generic/kvdefinekeys/kvdefinekeys.sty
Package: kvdefinekeys 2019-12-19 v1.6 Define keys (HO)
) (/workspace/ubuntu2004_cuda12_1/utils/tinytex/.TinyTeX/texmf-dist/tex/generic/pdfescape/pdfescape.sty
Package: pdfescape 2019/12/09 v1.15 Implements pdfTeX's escape features (HO)
 (/workspace/ubuntu2004_cuda12_1/utils/tinytex/.TinyTeX/texmf-dist/tex/generic/pdftexcmds/pdftexcmds.sty
Package: pdftexcmds 2020-06-27 v0.33 Utility functions of pdfTeX for LuaTeX (HO)
 (/workspace/ubuntu2004_cuda12_1/utils/tinytex/.TinyTeX/texmf-dist/tex/generic/infwarerr/infwarerr.sty
Package: infwarerr 2019/12/03 v1.5 Providing info/warning/error messages (HO)
)
Package pdftexcmds Info: \pdf@primitive is available.
Package pdftexcmds Info: \pdf@ifprimitive is available.
Package pdftexcmds Info: \pdfdraftmode not found.
)) (/workspace/ubuntu2004_cuda12_1/utils/tinytex/.TinyTeX/texmf-dist/tex/latex/hycolor/hycolor.sty
Package: hycolor 2020-01-27 v1.10 Color options for hyperref/bookmark (HO)
) (/workspace/ubuntu2004_cuda12_1/utils/tinytex/.TinyTeX/texmf-dist/tex/latex/hyperref/nameref.sty
Package: nameref 2026-01-29 v2.58 Cross-referencing by name of section
 (/workspace/ubuntu2004_cuda12_1/utils/tinytex/.TinyTeX/texmf-dist/tex/latex/refcount/refcount.sty
Package: refcount 2019/12/15 v3.6 Data extraction from label references (HO)
) (/workspace/ubuntu2004_cuda12_1/utils/tinytex/.TinyTeX/texmf-dist/tex/generic/gettitlestring/gettitlestring.sty
Package: gettitlestring 2019/12/15 v1.6 Cleanup title references (HO)
)
\c@section@level=\count366
) (/workspace/ubuntu2004_cuda12_1/utils/tinytex/.TinyTeX/texmf-dist/tex/generic/stringenc/stringenc.sty
Package: stringenc 2019/11/29 v1.12 Convert strings between diff. encodings (HO)
)
\@linkdim=\dimen314
\Hy@linkcounter=\count367
\Hy@pagecounter=\count368
 (/workspace/ubuntu2004_cuda12_1/utils/tinytex/.TinyTeX/texmf-dist/tex/latex/hyperref/pd1enc.def
File: pd1enc.def 2026-06-17 v7.01r Hyperref: PDFDocEncoding definition (HO)
) (/workspace/ubuntu2004_cuda12_1/utils/tinytex/.TinyTeX/texmf-dist/tex/generic/intcalc/intcalc.sty
Package: intcalc 2019/12/15 v1.3 Expandable calculations with integers (HO)
)
\Hy@SavedSpaceFactor=\count369
 (/workspace/ubuntu2004_cuda12_1/utils/tinytex/.TinyTeX/texmf-dist/tex/latex/hyperref/puenc.def
File: puenc.def 2026-06-17 v7.01r Hyperref: PDF Unicode definition (HO)
)
Package hyperref Info: Option `breaklinks' set `true' on input line 4070.
Package hyperref Info: Option `colorlinks' set `true' on input line 4070.
Package hyperref Info: Hyper figures OFF on input line 4199.
Package hyperref Info: Link nesting OFF on input line 4204.
Package hyperref Info: Hyper index ON on input line 4207.
Package hyperref Info: Plain pages OFF on input line 4214.
Package hyperref Info: Backreferencing ON on input line 4217.
Package hyperref Info: Implicit mode ON; LaTeX internals redefined.
Package hyperref Info: Bookmarks ON on input line 4466.
 (/workspace/ubuntu2004_cuda12_1/utils/tinytex/.TinyTeX/texmf-dist/tex/latex/hyperref/backref.sty
Package: backref 2025-06-21 v1.45 Bibliographical back referencing
 (/workspace/ubuntu2004_cuda12_1/utils/tinytex/.TinyTeX/texmf-dist/tex/latex/rerunfilecheck/rerunfilecheck.sty
Package: rerunfilecheck 2025-06-21 v1.11 Rerun checks for auxiliary files (HO)
 (/workspace/ubuntu2004_cuda12_1/utils/tinytex/.TinyTeX/texmf-dist/tex/generic/uniquecounter/uniquecounter.sty
Package: uniquecounter 2019/12/15 v1.4 Provide unlimited unique counter (HO)
 (/workspace/ubuntu2004_cuda12_1/utils/tinytex/.TinyTeX/texmf-dist/tex/generic/bigintcalc/bigintcalc.sty
Package: bigintcalc 2019/12/15 v1.5 Expandable calculations on big integers (HO)
))
Package uniquecounter Info: New unique counter `rerunfilecheck' on input line 284.
))
\c@Hy@tempcnt=\count370
LaTeX Info: Redefining \url on input line 4805.
\XeTeXLinkMargin=\dimen315
 (/workspace/ubuntu2004_cuda12_1/utils/tinytex/.TinyTeX/texmf-dist/tex/generic/bitset/bitset.sty
Package: bitset 2019/12/09 v1.3 Handle bit-vector datatype (HO)
)
\Fld@menulength=\count371
\Field@Width=\dimen316
\Fld@charsize=\dimen317
Package hyperref Info: Hyper figures OFF on input line 6091.
Package hyperref Info: Link nesting OFF on input line 6096.
Package hyperref Info: Hyper index ON on input line 6099.
Package hyperref Info: backreferencing ON on input line 6104.
Package hyperref Info: Link coloring ON on input line 6109.
Package hyperref Info: Link coloring with OCG OFF on input line 6116.
Package hyperref Info: PDF/A mode OFF on input line 6121.
\Hy@abspage=\count372
\c@Item=\count373
\c@Hfootnote=\count374
)
Package hyperref Info: Driver (autodetected): hxetex.
 (/workspace/ubuntu2004_cuda12_1/utils/tinytex/.TinyTeX/texmf-dist/tex/latex/hyperref/hxetex.def
File: hxetex.def 2026-06-17 v7.01r Hyperref driver for XeTeX
\pdfm@box=\box80
\c@Hy@AnnotLevel=\count375
\HyField@AnnotCount=\count376
\Fld@listcount=\count377
\c@bookmark@seq@number=\count378
\Hy@SectionHShift=\skip61
) (/workspace/ubuntu2004_cuda12_1/utils/tinytex/.TinyTeX/texmf-dist/tex/latex/cleveref/cleveref.sty
Package: cleveref 2018/03/27 v0.21.4 Intelligent cross-referencing
Package cleveref Info: `hyperref' support loaded on input line 2370.
LaTeX Info: Redefining \cref on input line 2370.
LaTeX Info: Redefining \Cref on input line 2370.
LaTeX Info: Redefining \crefrange on input line 2370.
LaTeX Info: Redefining \Crefrange on input line 2370.
LaTeX Info: Redefining \cpageref on input line 2370.
LaTeX Info: Redefining \Cpageref on input line 2370.
LaTeX Info: Redefining \cpagerefrange on input line 2370.
LaTeX Info: Redefining \Cpagerefrange on input line 2370.
LaTeX Info: Redefining \labelcref on input line 2370.
LaTeX Info: Redefining \labelcpageref on input line 2370.
Package cleveref Info: always capitalise cross-reference names on input line 7830.
Package cleveref Info: always capitalise cross-reference names on input line 7852.
)
==> First Aid for cleveref.sty applied!
(/workspace/ubuntu2004_cuda12_1/utils/tinytex/.TinyTeX/texmf-dist/tex/latex/l3kernel/l3backend-xetex.def
File: l3backend-xetex.def 2026-09-09 L3 backend support: XeTeX
\g__graphics_track_int=\count379
\g__pdfannot_backend_int=\count380
\g__pdfannot_backend_link_int=\count381
) (build/main.aux)
\openout1 = `main.aux'.

LaTeX Font Info:    Checking defaults for OML/cmm/m/it on input line 33.
LaTeX Font Info:    ... okay on input line 33.
LaTeX Font Info:    Checking defaults for OMS/cmsy/m/n on input line 33.
LaTeX Font Info:    ... okay on input line 33.
LaTeX Font Info:    Checking defaults for OT1/cmr/m/n on input line 33.
LaTeX Font Info:    ... okay on input line 33.
LaTeX Font Info:    Checking defaults for T1/cmr/m/n on input line 33.
LaTeX Font Info:    ... okay on input line 33.
LaTeX Font Info:    Checking defaults for TS1/cmr/m/n on input line 33.
LaTeX Font Info:    ... okay on input line 33.
LaTeX Font Info:    Checking defaults for TU/lmr/m/n on input line 33.
LaTeX Font Info:    ... okay on input line 33.
LaTeX Font Info:    Checking defaults for OMX/cmex/m/n on input line 33.
LaTeX Font Info:    ... okay on input line 33.
LaTeX Font Info:    Checking defaults for U/cmr/m/n on input line 33.
LaTeX Font Info:    ... okay on input line 33.
LaTeX Font Info:    Checking defaults for PD1/pdf/m/n on input line 33.
LaTeX Font Info:    ... okay on input line 33.
LaTeX Font Info:    Checking defaults for PU/pdf/m/n on input line 33.
LaTeX Font Info:    ... okay on input line 33.
Package caption Info: Begin \AtBeginDocument code.
Package caption Info: hyperref package is loaded.
Package caption Info: End \AtBeginDocument code.
 ABD: EveryShipout initializing macros
LaTeX Info: Redefining \microtypecontext on input line 33.
Package microtype Info: Applying patch `item' on input line 33.
Package microtype Info: Applying patch `toc' on input line 33.
Package microtype Info: Applying patch `eqnum' on input line 33.
Package microtype Info: Applying patch `footnote' on input line 33.
Package microtype Info: Applying patch `verbatim' on input line 33.
LaTeX Info: Redefining \microtypesetup on input line 33.
Package microtype Info: Character protrusion enabled (level 2).
Package microtype Info: Using default protrusion set `alltext'.
Package microtype Info: No adjustment of tracking.
Package microtype Info: No adjustment of spacing.
Package microtype Info: No adjustment of kerning.
Package microtype Info: Loading generic protrusion settings for font family
(microtype)             `NotoSerifCJKsc-Regular.otf' (encoding: TU).
(microtype)             For optimal results, create family-specific settings.
(microtype)             See the microtype manual for details.


Package microtype Warning: Unknown slot number of character
(microtype)                `\k A'
(microtype)                in font encoding `TU' in inheritance list
(microtype)                `microtype.cfg/425(protrusion)'.


Package microtype Warning: Unknown slot number of character
(microtype)                `\k a'
(microtype)                in font encoding `TU' in inheritance list
(microtype)                `microtype.cfg/425(protrusion)'.


Package microtype Warning: Unknown slot number of character
(microtype)                `\'C'
(microtype)                in font encoding `TU' in inheritance list
(microtype)                `microtype.cfg/425(protrusion)'.


Package microtype Warning: Unknown slot number of character
(microtype)                `\v C'
(microtype)                in font encoding `TU' in inheritance list
(microtype)                `microtype.cfg/425(protrusion)'.


Package microtype Warning: Unknown slot number of character
(microtype)                `\'c'
(microtype)                in font encoding `TU' in inheritance list
(microtype)                `microtype.cfg/425(protrusion)'.


Package microtype Warning: Unknown slot number of character
(microtype)                `\v c'
(microtype)                in font encoding `TU' in inheritance list
(microtype)                `microtype.cfg/425(protrusion)'.


Package microtype Warning: Unknown slot number of character
(microtype)                `\v D'
(microtype)                in font encoding `TU' in inheritance list
(microtype)                `microtype.cfg/425(protrusion)'.


Package microtype Warning: Unknown slot number of character
(microtype)                `\v d'
(microtype)                in font encoding `TU' in inheritance list
(microtype)                `microtype.cfg/425(protrusion)'.


Package microtype Warning: Unknown slot number of character
(microtype)                `\k E'
(microtype)                in font encoding `TU' in inheritance list
(microtype)                `microtype.cfg/425(protrusion)'.


Package microtype Warning: Unknown slot number of character
(microtype)                `\k e'
(microtype)                in font encoding `TU' in inheritance list
(microtype)                `microtype.cfg/425(protrusion)'.


Package microtype Warning: Unknown slot number of character
(microtype)                `\u G'
(microtype)                in font encoding `TU' in inheritance list
(microtype)                `microtype.cfg/425(protrusion)'.


Package microtype Warning: Unknown slot number of character
(microtype)                `\u g'
(microtype)                in font encoding `TU' in inheritance list
(microtype)                `microtype.cfg/425(protrusion)'.


Package microtype Warning: Unknown slot number of character
(microtype)                `\.I'
(microtype)                in font encoding `TU' in inheritance list
(microtype)                `microtype.cfg/425(protrusion)'.

Package microtype Info: Character `\i ' is missing
(microtype)             in font `\TU/NotoSerifCJKsc-Regular.otf(0)/m/n/10'.
(microtype)             Ignoring protrusion settings for this character.
Package microtype Info: Character `\L ' is missing
(microtype)             in font `\TU/NotoSerifCJKsc-Regular.otf(0)/m/n/10'.
(microtype)             Ignoring protrusion settings for this character.

Package microtype Warning: Unknown slot number of character
(microtype)                `\'L'
(microtype)                in font encoding `TU' in inheritance list
(microtype)                `microtype.cfg/425(protrusion)'.


Package microtype Warning: Unknown slot number of character
(microtype)                `\v L'
(microtype)                in font encoding `TU' in inheritance list
(microtype)                `microtype.cfg/425(protrusion)'.

Package microtype Info: Character `\l ' is missing
(microtype)             in font `\TU/NotoSerifCJKsc-Regular.otf(0)/m/n/10'.
(microtype)             Ignoring protrusion settings for this character.

Package microtype Warning: Unknown slot number of character
(microtype)                `\'l'
(microtype)                in font encoding `TU' in inheritance list
(microtype)                `microtype.cfg/425(protrusion)'.


Package microtype Warning: Unknown slot number of character
(microtype)                `\v l'
(microtype)                in font encoding `TU' in inheritance list
(microtype)                `microtype.cfg/425(protrusion)'.


Package microtype Warning: Unknown slot number of character
(microtype)                `\H O'
(microtype)                in font encoding `TU' in inheritance list
(microtype)                `microtype.cfg/425(protrusion)'.


Package microtype Warning: Unknown slot number of character
(microtype)                `\H o'
(microtype)                in font encoding `TU' in inheritance list
(microtype)                `microtype.cfg/425(protrusion)'.


Package microtype Warning: Unknown slot number of character
(microtype)                `\'R'
(microtype)                in font encoding `TU' in inheritance list
(microtype)                `microtype.cfg/425(protrusion)'.


Package microtype Warning: Unknown slot number of character
(microtype)                `\v R'
(microtype)                in font encoding `TU' in inheritance list
(microtype)                `microtype.cfg/425(protrusion)'.


Package microtype Warning: Unknown slot number of character
(microtype)                `\'r'
(microtype)                in font encoding `TU' in inheritance list
(microtype)                `microtype.cfg/425(protrusion)'.


Package microtype Warning: Unknown slot number of character
(microtype)                `\v r'
(microtype)                in font encoding `TU' in inheritance list
(microtype)                `microtype.cfg/425(protrusion)'.


Package microtype Warning: Unknown slot number of character
(microtype)                `\'S'
(microtype)                in font encoding `TU' in inheritance list
(microtype)                `microtype.cfg/425(protrusion)'.


Package microtype Warning: Unknown slot number of character
(microtype)                `\c S'
(microtype)                in font encoding `TU' in inheritance list
(microtype)                `microtype.cfg/425(protrusion)'.


Package microtype Warning: Unknown slot number of character
(microtype)                `\v S'
(microtype)                in font encoding `TU' in inheritance list
(microtype)                `microtype.cfg/425(protrusion)'.


Package microtype Warning: Unknown slot number of character
(microtype)                `\'s'
(microtype)                in font encoding `TU' in inheritance list
(microtype)                `microtype.cfg/425(protrusion)'.


Package microtype Warning: Unknown slot number of character
(microtype)                `\c s'
(microtype)                in font encoding `TU' in inheritance list
(microtype)                `microtype.cfg/425(protrusion)'.


Package microtype Warning: Unknown slot number of character
(microtype)                `\v s'
(microtype)                in font encoding `TU' in inheritance list
(microtype)                `microtype.cfg/425(protrusion)'.


Package microtype Warning: Unknown slot number of character
(microtype)                `\c T'
(microtype)                in font encoding `TU' in inheritance list
(microtype)                `microtype.cfg/425(protrusion)'.


Package microtype Warning: Unknown slot number of character
(microtype)                `\v T'
(microtype)                in font encoding `TU' in inheritance list
(microtype)                `microtype.cfg/425(protrusion)'.


Package microtype Warning: Unknown slot number of character
(microtype)                `\c t'
(microtype)                in font encoding `TU' in inheritance list
(microtype)                `microtype.cfg/425(protrusion)'.


Package microtype Warning: Unknown slot number of character
(microtype)                `\v t'
(microtype)                in font encoding `TU' in inheritance list
(microtype)                `microtype.cfg/425(protrusion)'.


Package microtype Warning: Unknown slot number of character
(microtype)                `\H U'
(microtype)                in font encoding `TU' in inheritance list
(microtype)                `microtype.cfg/425(protrusion)'.


Package microtype Warning: Unknown slot number of character
(microtype)                `\r U'
(microtype)                in font encoding `TU' in inheritance list
(microtype)                `microtype.cfg/425(protrusion)'.


Package microtype Warning: Unknown slot number of character
(microtype)                `\H u'
(microtype)                in font encoding `TU' in inheritance list
(microtype)                `microtype.cfg/425(protrusion)'.


Package microtype Warning: Unknown slot number of character
(microtype)                `\r u'
(microtype)                in font encoding `TU' in inheritance list
(microtype)                `microtype.cfg/425(protrusion)'.


Package microtype Warning: Unknown slot number of character
(microtype)                `\"Y'
(microtype)                in font encoding `TU' in inheritance list
(microtype)                `microtype.cfg/425(protrusion)'.


Package microtype Warning: Unknown slot number of character
(microtype)                `\'Z'
(microtype)                in font encoding `TU' in inheritance list
(microtype)                `microtype.cfg/425(protrusion)'.


Package microtype Warning: Unknown slot number of character
(microtype)                `\.Z'
(microtype)                in font encoding `TU' in inheritance list
(microtype)                `microtype.cfg/425(protrusion)'.


Package microtype Warning: Unknown slot number of character
(microtype)                `\v Z'
(microtype)                in font encoding `TU' in inheritance list
(microtype)                `microtype.cfg/425(protrusion)'.


Package microtype Warning: Unknown slot number of character
(microtype)                `\'z'
(microtype)                in font encoding `TU' in inheritance list
(microtype)                `microtype.cfg/425(protrusion)'.


Package microtype Warning: Unknown slot number of character
(microtype)                `\.z'
(microtype)                in font encoding `TU' in inheritance list
(microtype)                `microtype.cfg/425(protrusion)'.


Package microtype Warning: Unknown slot number of character
(microtype)                `\v z'
(microtype)                in font encoding `TU' in inheritance list
(microtype)                `microtype.cfg/425(protrusion)'.


Package fontspec Info: 
(fontspec)             Adjusting the maths setup (use [no-math] to avoid
(fontspec)             this).

\symlegacymaths=\mathgroup6
LaTeX Font Info:    Overwriting symbol font `legacymaths' in version `bold'
(Font)                  OT1/cmr/m/n --> OT1/cmr/bx/n on input line 33.
LaTeX Font Info:    Redeclaring math accent \acute on input line 33.
LaTeX Font Info:    Redeclaring math accent \grave on input line 33.
LaTeX Font Info:    Redeclaring math accent \ddot on input line 33.
LaTeX Font Info:    Redeclaring math accent \tilde on input line 33.
LaTeX Font Info:    Redeclaring math accent \bar on input line 33.
LaTeX Font Info:    Redeclaring math accent \breve on input line 33.
LaTeX Font Info:    Redeclaring math accent \check on input line 33.
LaTeX Font Info:    Redeclaring math accent \hat on input line 33.
LaTeX Font Info:    Redeclaring math accent \dot on input line 33.
LaTeX Font Info:    Redeclaring math accent \mathring on input line 33.
LaTeX Font Info:    Redeclaring math symbol \Gamma on input line 33.
LaTeX Font Info:    Redeclaring math symbol \Delta on input line 33.
LaTeX Font Info:    Redeclaring math symbol \Theta on input line 33.
LaTeX Font Info:    Redeclaring math symbol \Lambda on input line 33.
LaTeX Font Info:    Redeclaring math symbol \Xi on input line 33.
LaTeX Font Info:    Redeclaring math symbol \Pi on input line 33.
LaTeX Font Info:    Redeclaring math symbol \Sigma on input line 33.
LaTeX Font Info:    Redeclaring math symbol \Upsilon on input line 33.
LaTeX Font Info:    Redeclaring math symbol \Phi on input line 33.
LaTeX Font Info:    Redeclaring math symbol \Psi on input line 33.
LaTeX Font Info:    Redeclaring math symbol \Omega on input line 33.
LaTeX Font Info:    Redeclaring math symbol \mathdollar on input line 33.
LaTeX Font Info:    Redeclaring symbol font `operators' on input line 33.
LaTeX Font Info:    Encoding `OT1' has changed to `TU' for symbol font
(Font)              `operators' in the math version `normal' on input line 33.
LaTeX Font Info:    Overwriting symbol font `operators' in version `normal'
(Font)                  OT1/cmr/m/n --> TU/NotoSerifCJKsc-Regular.otf(0)/m/n on input line 33.
LaTeX Font Info:    Encoding `OT1' has changed to `TU' for symbol font
(Font)              `operators' in the math version `bold' on input line 33.
LaTeX Font Info:    Overwriting symbol font `operators' in version `bold'
(Font)                  OT1/cmr/bx/n --> TU/NotoSerifCJKsc-Regular.otf(0)/m/n on input line 33.
LaTeX Font Info:    Overwriting symbol font `operators' in version `normal'
(Font)                  TU/NotoSerifCJKsc-Regular.otf(0)/m/n --> TU/NotoSerifCJKsc-Regular.otf(0)/m/n on input line 33.
LaTeX Font Info:    Overwriting math alphabet `\mathit' in version `normal'
(Font)                  OT1/cmr/m/it --> TU/NotoSerifCJKsc-Regular.otf(0)/m/it on input line 33.
LaTeX Font Info:    Overwriting math alphabet `\mathbf' in version `normal'
(Font)                  OT1/cmr/bx/n --> TU/NotoSerifCJKsc-Regular.otf(0)/b/n on input line 33.
LaTeX Font Info:    Overwriting math alphabet `\mathsf' in version `normal'
(Font)                  OT1/cmss/m/n --> TU/NotoSerifCJKsc-Regular.otf(0)/m/n on input line 33.
LaTeX Font Info:    Overwriting math alphabet `\mathtt' in version `normal'
(Font)                  OT1/cmtt/m/n --> TU/NotoSerifCJKsc-Regular.otf(1)/m/n on input line 33.
LaTeX Font Info:    Overwriting symbol font `operators' in version `bold'
(Font)                  TU/NotoSerifCJKsc-Regular.otf(0)/m/n --> TU/NotoSerifCJKsc-Regular.otf(0)/b/n on input line 33.
LaTeX Font Info:    Overwriting math alphabet `\mathit' in version `bold'
(Font)                  OT1/cmr/bx/it --> TU/NotoSerifCJKsc-Regular.otf(0)/b/it on input line 33.
LaTeX Font Info:    Overwriting math alphabet `\mathsf' in version `bold'
(Font)                  OT1/cmss/bx/n --> TU/NotoSerifCJKsc-Regular.otf(0)/b/n on input line 33.
LaTeX Font Info:    Overwriting math alphabet `\mathtt' in version `bold'
(Font)                  OT1/cmtt/m/n --> TU/NotoSerifCJKsc-Regular.otf(1)/b/n on input line 33.
Package backref Info: ** backref set up for natbib ** on input line 33.
Package hyperref Info: Link coloring ON on input line 33.
(build/main.out) (build/main.out)
\@outlinefile=\write4
\openout4 = `main.out'.

 (./fig/teaser.tex
LaTeX Font Info:    Trying to load font information for U+msa on input line 6.
 (/workspace/ubuntu2004_cuda12_1/utils/tinytex/.TinyTeX/texmf-dist/tex/latex/amsfonts/umsa.fd
File: umsa.fd 2013/01/14 v3.01 AMS symbols A
) (/workspace/ubuntu2004_cuda12_1/utils/tinytex/.TinyTeX/texmf-dist/tex/latex/microtype/mt-msa.cfg
File: mt-msa.cfg 2006/02/04 v1.1 microtype config. file: AMS symbols (a) (RS)
)
LaTeX Font Info:    Trying to load font information for U+msb on input line 6.
 (/workspace/ubuntu2004_cuda12_1/utils/tinytex/.TinyTeX/texmf-dist/tex/latex/amsfonts/umsb.fd
File: umsb.fd 2013/01/14 v3.01 AMS symbols B
) (/workspace/ubuntu2004_cuda12_1/utils/tinytex/.TinyTeX/texmf-dist/tex/latex/microtype/mt-msb.cfg
File: mt-msb.cfg 2005/06/01 v1.0 microtype config. file: AMS symbols (b) (RS)
) (/workspace/ubuntu2004_cuda12_1/utils/tinytex/.TinyTeX/texmf-dist/tex/latex/microtype/mt-cmr.cfg
File: mt-cmr.cfg 2013/05/19 v2.2 microtype config. file: Computer Modern Roman (RS)
)
File: figures/teaser/atlas_depth.png Graphic file (type bmp)
<figures/teaser/atlas_depth.png>
File: figures/teaser/atlas_flux.png Graphic file (type bmp)
<figures/teaser/atlas_flux.png>
File: figures/teaser/visibility.png Graphic file (type bmp)
<figures/teaser/visibility.png>
File: figures/teaser/local.png Graphic file (type bmp)
<figures/teaser/local.png>
File: figures/teaser/transfer.png Graphic file (type bmp)
<figures/teaser/transfer.png>
File: figures/teaser/ours.png Graphic file (type bmp)
<figures/teaser/ours.png>
File: figures/teaser/gt.png Graphic file (type bmp)
<figures/teaser/gt.png>
CUTED [- LAST -]
Extra skip:0.0pt
Left:0.0pt/0.0pt
Right:0.0pt/0.0pt
Split: 0.0pt
Output:0.0pt
Pageshrink: 0.0pt
Pagestretch: 0.0pt
@colht:494.8848pt
CUTED [output]: 0.0pt
CUTED [leftcolumn badness]: 0
CUTED [rightcolumn badness]: 0
) (./sec/0_abstract.tex) (./sec/1_intro.tex [1


]) (./sec/2_related.tex) (./sec/3_method.tex (./fig/pipeline.tex (./fig/pipeline_tikz.tex
LaTeX Font Info:    Calculating math sizes for size <7.4> on input line 24.


LaTeX Font Warning: Font shape `OML/cmm/m/it' in size <3.7> not available
(Font)              size <5> substituted on input line 24.


LaTeX Font Warning: Font shape `OMS/cmsy/m/n' in size <3.7> not available
(Font)              size <5> substituted on input line 24.


LaTeX Font Warning: Font shape `OT1/cmr/m/n' in size <3.7> not available
(Font)              size <5> substituted on input line 24.


LaTeX Font Warning: Font shape `OML/cmm/b/it' in size <3.7> not available
(Font)              size <5> substituted on input line 25.


LaTeX Font Warning: Font shape `OMS/cmsy/b/n' in size <3.7> not available
(Font)              size <5> substituted on input line 25.


LaTeX Font Warning: Font shape `OT1/cmr/bx/n' in size <3.7> not available
(Font)              size <5> substituted on input line 25.

File: figures/decomp_hotdog/atlas_depth.png Graphic file (type bmp)
<figures/decomp_hotdog/atlas_depth.png>
File: figures/decomp_hotdog/atlas_flux.png Graphic file (type bmp)
<figures/decomp_hotdog/atlas_flux.png>
LaTeX Font Info:    Calculating math sizes for size <7.8> on input line 40.

LaTeX Font Warning: Font shape `OML/cmm/m/it' in size <5.45998> not available
(Font)              size <5> substituted on input line 40.


LaTeX Font Warning: Font shape `OML/cmm/m/it' in size <3.9> not available
(Font)              size <5> substituted on input line 40.


LaTeX Font Warning: Font shape `OMS/cmsy/m/n' in size <5.45998> not available
(Font)              size <5> substituted on input line 40.


LaTeX Font Warning: Font shape `OMS/cmsy/m/n' in size <3.9> not available
(Font)              size <5> substituted on input line 40.


LaTeX Font Warning: Font shape `OT1/cmr/m/n' in size <5.45998> not available
(Font)              size <5> substituted on input line 40.


LaTeX Font Warning: Font shape `OT1/cmr/m/n' in size <3.9> not available
(Font)              size <5> substituted on input line 40.

File: figures/decomp_hotdog/atlas_flux.png Graphic file (type bmp)
<figures/decomp_hotdog/atlas_flux.png>
File: figures/decomp_hotdog/atlas_flux_level3.png Graphic file (type bmp)
<figures/decomp_hotdog/atlas_flux_level3.png>
File: figures/decomp_hotdog/atlas_flux_level3.png Graphic file (type bmp)
<figures/decomp_hotdog/atlas_flux_level3.png>
File: figures/decomp_hotdog/visibility.png Graphic file (type bmp)
<figures/decomp_hotdog/visibility.png>
File: figures/decomp_hotdog/transfer.png Graphic file (type bmp)
<figures/decomp_hotdog/transfer.png>
File: figures/decomp_hotdog/local.png Graphic file (type bmp)
<figures/decomp_hotdog/local.png>
File: figures/decomp_hotdog/ours.png Graphic file (type bmp)
<figures/decomp_hotdog/ours.png>
)) [2] [3]) (./sec/4_optimization.tex [4]) (./sec/5_experiments.tex (./tables/main.tex) [5] (./fig/comparison.tex
File: figures/comparison/translucent/full.png Graphic file (type bmp)
<figures/comparison/translucent/full.png>
File: figures/comparison/translucent/GT.png Graphic file (type bmp)
<figures/comparison/translucent/GT.png>
File: figures/comparison/translucent/LiSA-staged.png Graphic file (type bmp)
<figures/comparison/translucent/LiSA-staged.png>
File: figures/comparison/translucent/SSD-GS.png Graphic file (type bmp)
<figures/comparison/translucent/SSD-GS.png>
File: figures/comparison/translucent/GS3.png Graphic file (type bmp)
<figures/comparison/translucent/GS3.png>
File: figures/comparison/translucent/OLAT-Gaussians.png Graphic file (type bmp)
<figures/comparison/translucent/OLAT-Gaussians.png>
File: figures/comparison/translucent/RNG.png Graphic file (type bmp)
<figures/comparison/translucent/RNG.png>
File: figures/comparison/hotdog/full.png Graphic file (type bmp)
<figures/comparison/hotdog/full.png>
File: figures/comparison/hotdog/GT.png Graphic file (type bmp)
<figures/comparison/hotdog/GT.png>
File: figures/comparison/hotdog/LiSA-staged.png Graphic file (type bmp)
<figures/comparison/hotdog/LiSA-staged.png>
File: figures/comparison/hotdog/SSD-GS.png Graphic file (type bmp)
<figures/comparison/hotdog/SSD-GS.png>
File: figures/comparison/hotdog/GS3.png Graphic file (type bmp)
<figures/comparison/hotdog/GS3.png>
File: figures/comparison/hotdog/OLAT-Gaussians.png Graphic file (type bmp)
<figures/comparison/hotdog/OLAT-Gaussians.png>
File: figures/comparison/hotdog/RNG.png Graphic file (type bmp)
<figures/comparison/hotdog/RNG.png>
File: figures/comparison/pikachu/full.png Graphic file (type bmp)
<figures/comparison/pikachu/full.png>
File: figures/comparison/pikachu/GT.png Graphic file (type bmp)
<figures/comparison/pikachu/GT.png>
File: figures/comparison/pikachu/LiSA-staged.png Graphic file (type bmp)
<figures/comparison/pikachu/LiSA-staged.png>
File: figures/comparison/pikachu/SSD-GS.png Graphic file (type bmp)
<figures/comparison/pikachu/SSD-GS.png>
File: figures/comparison/pikachu/GS3.png Graphic file (type bmp)
<figures/comparison/pikachu/GS3.png>
File: figures/comparison/pikachu/OLAT-Gaussians.png Graphic file (type bmp)
<figures/comparison/pikachu/OLAT-Gaussians.png>
File: figures/comparison/pikachu/RNG.png Graphic file (type bmp)
<figures/comparison/pikachu/RNG.png>
File: figures/comparison/fail_drums/full.png Graphic file (type bmp)
<figures/comparison/fail_drums/full.png>
File: figures/comparison/fail_drums/GT.png Graphic file (type bmp)
<figures/comparison/fail_drums/GT.png>
File: figures/comparison/fail_drums/LiSA-staged.png Graphic file (type bmp)
<figures/comparison/fail_drums/LiSA-staged.png>
File: figures/comparison/fail_drums/SSD-GS.png Graphic file (type bmp)
<figures/comparison/fail_drums/SSD-GS.png>
File: figures/comparison/fail_drums/GS3.png Graphic file (type bmp)
<figures/comparison/fail_drums/GS3.png>
File: figures/comparison/fail_drums/OLAT-Gaussians.png Graphic file (type bmp)
<figures/comparison/fail_drums/OLAT-Gaussians.png>
File: figures/comparison/fail_drums/RNG.png Graphic file (type bmp)
<figures/comparison/fail_drums/RNG.png>
) (./tables/ablation.tex) (./tables/paired.tex) [6] (./tables/holdout.tex) (./fig/loss_domain.tex
File: figures/loss_domain/lego/control_crop.png Graphic file (type bmp)
<figures/loss_domain/lego/control_crop.png>
File: figures/loss_domain/lego/ours_crop.png Graphic file (type bmp)
<figures/loss_domain/lego/ours_crop.png>
File: figures/loss_domain/lego/gt_crop.png Graphic file (type bmp)
<figures/loss_domain/lego/gt_crop.png>
File: figures/loss_domain/drums/control_crop.png Graphic file (type bmp)
<figures/loss_domain/drums/control_crop.png>
File: figures/loss_domain/drums/ours_crop.png Graphic file (type bmp)
<figures/loss_domain/drums/ours_crop.png>
File: figures/loss_domain/drums/gt_crop.png Graphic file (type bmp)
<figures/loss_domain/drums/gt_crop.png>
) [7]) (./sec/6_conclusion.tex) (build/main.bbl (build/main.brf)
\tf@brf=\write5
\openout5 = `main.brf'.

 [8] [9] [10]) [11] (build/main.aux)
 ***********
LaTeX2e <2026-06-01>
L3 programming layer <2026-09-09>
 ***********


LaTeX Font Warning: Size substitutions with differences
(Font)              up to 1.3pt have occurred.

Package rerunfilecheck Info: File `main.out' has not changed.
(rerunfilecheck)             Checksum: FBA542C80BF83E2C753091440B4057B4;1849.
Package rerunfilecheck Info: File `main.brf' has not changed.
(rerunfilecheck)             Checksum: 2F4BC99A4075980E9F02DE803480577B;6080.
 ) 
Here is how much of TeX's memory you used:
 31030 strings out of 469719
 657302 string characters out of 5466182
 1155313 words of memory out of 5000000
 59528 multiletter control sequences out of 15000+600000
 645797 words of font info for 139 fonts, out of 8000000 for 9000
 14 hyphenation exceptions out of 8191
 105i,13n,98p,1001b,960s stack positions out of 10000i,1000n,20000p,200000b,200000s

Output written on build/main.xdv (11 pages, 527276 bytes).
