{"event": "startup_confirmed", "job": "PORT-Synthetic_GS3-FurBall-bootstrap", "gpu": "1.1", "pid": 537927, "phase": "train", "step": 100}
{"event": "startup_confirmed", "job": "PORT-Synthetic_GS3-Lego-bootstrap", "gpu": "0.0", "pid": 537926, "phase": "train", "step": 100}
{"event": "startup_confirmed", "job": "PORT-Synthetic_GS3-Drums-bootstrap", "gpu": "0.1", "pid": 537928, "phase": "train", "step": 100}
{"event": "startup_confirmed", "job": "PORT-Synthetic_GS3-Lego-joint", "gpu": "1.0", "pid": 537929, "phase": "train", "step": 100}
{"event": "phasefinish", "job": "PORT-Synthetic_GS3-FurBall-bootstrap", "gpu": "1.1", "phase": "train", "pid": 537927}
{"event": "phasefinish", "job": "PORT-Synthetic_GS3-FurBall-bootstrap", "gpu": "1.1", "phase": "eval_008000", "pid": 540864}
{"event": "phasefinish", "job": "PORT-Synthetic_GS3-FurBall-bootstrap", "gpu": "1.1", "phase": "eval_016000", "pid": 540937}
{"event": "phasefinish", "job": "PORT-Synthetic_GS3-FurBall-bootstrap", "gpu": "1.1", "phase": "eval", "pid": 541002}
{"event": "jobfinish", "job": "PORT-Synthetic_GS3-FurBall-bootstrap", "gpu": "1.1"}
{"event": "startup_confirmed", "job": "PORT-Synthetic_GS3-Drums-joint", "gpu": "1.1", "pid": 541088, "phase": "train", "step": 100}
{"event": "phasefinish", "job": "PORT-Synthetic_GS3-Lego-joint", "gpu": "1.0", "phase": "train", "pid": 537929}
{"event": "phasefinish", "job": "PORT-Synthetic_GS3-Lego-joint", "gpu": "1.0", "phase": "eval_008000", "pid": 542146}
{"event": "phasefinish", "job": "PORT-Synthetic_GS3-Lego-bootstrap", "gpu": "0.0", "phase": "train", "pid": 537926}
{"event": "phasefinish", "job": "PORT-Synthetic_GS3-Lego-joint", "gpu": "1.0", "phase": "eval_016000", "pid": 542210}
{"event": "phasefinish", "job": "PORT-Synthetic_GS3-Lego-bootstrap", "gpu": "0.0", "phase": "eval_008000", "pid": 542275}
{"event": "phasefinish", "job": "PORT-Synthetic_GS3-Lego-joint", "gpu": "1.0", "phase": "eval", "pid": 542368}
{"event": "jobfinish", "job": "PORT-Synthetic_GS3-Lego-joint", "gpu": "1.0"}
{"event": "phasefinish", "job": "PORT-Synthetic_GS3-Lego-bootstrap", "gpu": "0.0", "phase": "eval_016000", "pid": 542369}
{"event": "phasefinish", "job": "PORT-Synthetic_GS3-Lego-bootstrap", "gpu": "0.0", "phase": "eval", "pid": 542707}
{"event": "jobfinish", "job": "PORT-Synthetic_GS3-Lego-bootstrap", "gpu": "0.0"}
{"event": "phasefinish", "job": "PORT-Synthetic_GS3-Drums-bootstrap", "gpu": "0.1", "phase": "train", "pid": 537928}
{"event": "phasefinish", "job": "PORT-Synthetic_GS3-Drums-bootstrap", "gpu": "0.1", "phase": "eval_008000", "pid": 542819}
{"event": "startup_confirmed", "job": "PORT-Synthetic_GS3-FurBall-joint", "gpu": "1.0", "pid": 542665, "phase": "train", "step": 100}
{"event": "phasefinish", "job": "PORT-Synthetic_GS3-Drums-bootstrap", "gpu": "0.1", "phase": "eval_016000", "pid": 542878}
{"event": "phasefinish", "job": "PORT-Synthetic_GS3-Drums-bootstrap", "gpu": "0.1", "phase": "eval", "pid": 542984}
{"event": "jobfinish", "job": "PORT-Synthetic_GS3-Drums-bootstrap", "gpu": "0.1"}
{"event": "phasefinish", "job": "PORT-Synthetic_GS3-Drums-joint", "gpu": "1.1", "phase": "train", "pid": 541088}
{"event": "phasefinish", "job": "PORT-Synthetic_GS3-FurBall-joint", "gpu": "1.0", "phase": "train", "pid": 542665}
{"event": "phasefinish", "job": "PORT-Synthetic_GS3-Drums-joint", "gpu": "1.1", "phase": "eval_008000", "pid": 547524}
{"event": "phasefinish", "job": "PORT-Synthetic_GS3-FurBall-joint", "gpu": "1.0", "phase": "eval_008000", "pid": 547590}
{"event": "phasefinish", "job": "PORT-Synthetic_GS3-Drums-joint", "gpu": "1.1", "phase": "eval_016000", "pid": 547655}
{"event": "phasefinish", "job": "PORT-Synthetic_GS3-FurBall-joint", "gpu": "1.0", "phase": "eval_016000", "pid": 547706}
{"event": "phasefinish", "job": "PORT-Synthetic_GS3-Drums-joint", "gpu": "1.1", "phase": "eval", "pid": 547764}
{"event": "jobfinish", "job": "PORT-Synthetic_GS3-Drums-joint", "gpu": "1.1"}
{"event": "phasefinish", "job": "PORT-Synthetic_GS3-FurBall-joint", "gpu": "1.0", "phase": "eval", "pid": 547814}
{"event": "jobfinish", "job": "PORT-Synthetic_GS3-FurBall-joint", "gpu": "1.0"}
{"event": "queue_complete", "status": "/workspace/ubuntu2004_cuda12_1/projects/3dgs_relighting/PORT-GS/runs/lisa_geometry_bootstrap_20261004/status.json"}
