{"event": "startup_confirmed", "job": "PORT-Synthetic_GS3-FurBall-full_low_gradient", "gpu": "3.0", "pid": 540409, "phase": "train", "step": 100}
{"event": "startup_confirmed", "job": "PORT-Synthetic_GS3-Drums-full_low_gradient", "gpu": "2.1", "pid": 540413, "phase": "train", "step": 100}
{"event": "startup_confirmed", "job": "PORT-Synthetic_GS3-Lego-raster", "gpu": "3.1", "pid": 540411, "phase": "train", "step": 100}
{"event": "startup_confirmed", "job": "PORT-Synthetic_GS3-Lego-full_low_gradient", "gpu": "2.0", "pid": 540408, "phase": "train", "step": 100}
{"event": "phasefinish", "job": "PORT-Synthetic_GS3-Lego-raster", "gpu": "3.1", "phase": "train", "pid": 540411}
{"event": "phasefinish", "job": "PORT-Synthetic_GS3-Lego-raster", "gpu": "3.1", "phase": "eval", "pid": 541538}
{"event": "jobfinish", "job": "PORT-Synthetic_GS3-Lego-raster", "gpu": "3.1"}
{"event": "startup_confirmed", "job": "PORT-Synthetic_GS3-Drums-raster", "gpu": "3.1", "pid": 541672, "phase": "train", "step": 100}
{"event": "phasefinish", "job": "PORT-Synthetic_GS3-FurBall-full_low_gradient", "gpu": "3.0", "phase": "train", "pid": 540409}
{"event": "phasefinish", "job": "PORT-Synthetic_GS3-FurBall-full_low_gradient", "gpu": "3.0", "phase": "eval", "pid": 541980}
{"event": "jobfinish", "job": "PORT-Synthetic_GS3-FurBall-full_low_gradient", "gpu": "3.0"}
{"event": "startup_confirmed", "job": "PORT-Synthetic_GS3-FurBall-raster", "gpu": "3.0", "pid": 542075, "phase": "train", "step": 100}
{"event": "phasefinish", "job": "PORT-Synthetic_GS3-Drums-raster", "gpu": "3.1", "phase": "train", "pid": 541672}
{"event": "phasefinish", "job": "PORT-Synthetic_GS3-Drums-raster", "gpu": "3.1", "phase": "eval", "pid": 543212}
{"event": "jobfinish", "job": "PORT-Synthetic_GS3-Drums-raster", "gpu": "3.1"}
{"event": "startup_confirmed", "job": "PORT-Synthetic_GS3-Lego-raster_low_gradient", "gpu": "3.1", "pid": 543301, "phase": "train", "step": 100}
{"event": "phasefinish", "job": "PORT-Synthetic_GS3-FurBall-raster", "gpu": "3.0", "phase": "train", "pid": 542075}
{"event": "phasefinish", "job": "PORT-Synthetic_GS3-FurBall-raster", "gpu": "3.0", "phase": "eval", "pid": 543588}
{"event": "jobfinish", "job": "PORT-Synthetic_GS3-FurBall-raster", "gpu": "3.0"}
{"event": "startup_confirmed", "job": "PORT-Synthetic_GS3-Drums-raster_low_gradient", "gpu": "3.0", "pid": 543668, "phase": "train", "step": 100}
{"event": "phasefinish", "job": "PORT-Synthetic_GS3-Drums-full_low_gradient", "gpu": "2.1", "phase": "train", "pid": 540413}
{"event": "phasefinish", "job": "PORT-Synthetic_GS3-Lego-full_low_gradient", "gpu": "2.0", "phase": "train", "pid": 540408}
{"event": "phasefinish", "job": "PORT-Synthetic_GS3-Drums-full_low_gradient", "gpu": "2.1", "phase": "eval", "pid": 543906}
{"event": "jobfinish", "job": "PORT-Synthetic_GS3-Drums-full_low_gradient", "gpu": "2.1"}
{"event": "phasefinish", "job": "PORT-Synthetic_GS3-Lego-full_low_gradient", "gpu": "2.0", "phase": "eval", "pid": 544003}
{"event": "jobfinish", "job": "PORT-Synthetic_GS3-Lego-full_low_gradient", "gpu": "2.0"}
{"event": "startup_confirmed", "job": "PORT-Synthetic_GS3-FurBall-raster_low_gradient", "gpu": "2.1", "pid": 544064, "phase": "train", "step": 100}
{"event": "phasefinish", "job": "PORT-Synthetic_GS3-FurBall-raster_low_gradient", "gpu": "2.1", "phase": "train", "pid": 544064}
{"event": "phasefinish", "job": "PORT-Synthetic_GS3-FurBall-raster_low_gradient", "gpu": "2.1", "phase": "eval", "pid": 545061}
{"event": "jobfinish", "job": "PORT-Synthetic_GS3-FurBall-raster_low_gradient", "gpu": "2.1"}
{"event": "phasefinish", "job": "PORT-Synthetic_GS3-Lego-raster_low_gradient", "gpu": "3.1", "phase": "train", "pid": 543301}
{"event": "phasefinish", "job": "PORT-Synthetic_GS3-Lego-raster_low_gradient", "gpu": "3.1", "phase": "eval", "pid": 546195}
{"event": "jobfinish", "job": "PORT-Synthetic_GS3-Lego-raster_low_gradient", "gpu": "3.1"}
{"event": "phasefinish", "job": "PORT-Synthetic_GS3-Drums-raster_low_gradient", "gpu": "3.0", "phase": "train", "pid": 543668}
{"event": "phasefinish", "job": "PORT-Synthetic_GS3-Drums-raster_low_gradient", "gpu": "3.0", "phase": "eval", "pid": 546450}
{"event": "jobfinish", "job": "PORT-Synthetic_GS3-Drums-raster_low_gradient", "gpu": "3.0"}
{"event": "queue_complete", "status": "/workspace/ubuntu2004_cuda12_1/projects/3dgs_relighting/PORT-GS/runs/lisa_geometry_gradients_20261004/status.json"}
