{"event": "startup_confirmed", "job": "PORT-Synthetic_GS3-Lego-no_shadow", "gpu": "2.1", "pid": 442676, "phase": "train", "step": 100}
{"event": "startup_confirmed", "job": "PORT-Synthetic_GS3-Lego-moment_shadow", "gpu": "3.1", "pid": 442678, "phase": "train", "step": 100}
{"event": "startup_confirmed", "job": "PORT-Synthetic_GS3-Lego-ref", "gpu": "0.0", "pid": 442671, "phase": "train", "step": 100}
{"event": "startup_confirmed", "job": "PORT-Synthetic_GS3-Drums-no_transport", "gpu": "2.0", "pid": 442672, "phase": "train", "step": 100}
{"event": "startup_confirmed", "job": "PORT-Synthetic_GS3-Drums-no_shadow", "gpu": "3.0", "pid": 442677, "phase": "train", "step": 100}
{"event": "startup_confirmed", "job": "PORT-Synthetic_GS3-Drums-ref", "gpu": "0.1", "pid": 442670, "phase": "train", "step": 100}
{"event": "startup_confirmed", "job": "PORT-Synthetic_GS3-Lego-no_transport", "gpu": "1.0", "pid": 442673, "phase": "train", "step": 100}
{"event": "startup_confirmed", "job": "PORT-Synthetic_GS3-Drums-moment_shadow", "gpu": "1.1", "pid": 442674, "phase": "train", "step": 100}
{"event": "phasefinish", "job": "PORT-Synthetic_GS3-Lego-no_transport", "gpu": "1.0", "phase": "train", "pid": 442673}
{"event": "phasefinish", "job": "PORT-Synthetic_GS3-Lego-no_shadow", "gpu": "2.1", "phase": "train", "pid": 442676}
{"event": "phasefinish", "job": "PORT-Synthetic_GS3-Drums-moment_shadow", "gpu": "1.1", "phase": "train", "pid": 442674}
{"event": "phasefinish", "job": "PORT-Synthetic_GS3-Lego-ref", "gpu": "0.0", "phase": "train", "pid": 442671}
{"event": "phasefinish", "job": "PORT-Synthetic_GS3-Lego-no_transport", "gpu": "1.0", "phase": "eval", "pid": 444057}
{"event": "jobfinish", "job": "PORT-Synthetic_GS3-Lego-no_transport", "gpu": "1.0"}
{"event": "phasefinish", "job": "PORT-Synthetic_GS3-Drums-no_transport", "gpu": "2.0", "phase": "train", "pid": 442672}
{"event": "phasefinish", "job": "PORT-Synthetic_GS3-Lego-moment_shadow", "gpu": "3.1", "phase": "train", "pid": 442678}
{"event": "phasefinish", "job": "PORT-Synthetic_GS3-Drums-ref", "gpu": "0.1", "phase": "train", "pid": 442670}
{"event": "phasefinish", "job": "PORT-Synthetic_GS3-Lego-no_shadow", "gpu": "2.1", "phase": "eval", "pid": 444129}
{"event": "jobfinish", "job": "PORT-Synthetic_GS3-Lego-no_shadow", "gpu": "2.1"}
{"event": "phasefinish", "job": "PORT-Synthetic_GS3-Drums-no_shadow", "gpu": "3.0", "phase": "train", "pid": 442677}
{"event": "phasefinish", "job": "PORT-Synthetic_GS3-Drums-moment_shadow", "gpu": "1.1", "phase": "eval", "pid": 444193}
{"event": "jobfinish", "job": "PORT-Synthetic_GS3-Drums-moment_shadow", "gpu": "1.1"}
{"event": "phasefinish", "job": "PORT-Synthetic_GS3-Lego-ref", "gpu": "0.0", "phase": "eval", "pid": 444195}
{"event": "jobfinish", "job": "PORT-Synthetic_GS3-Lego-ref", "gpu": "0.0"}
{"event": "phasefinish", "job": "PORT-Synthetic_GS3-Drums-no_transport", "gpu": "2.0", "phase": "eval", "pid": 444325}
{"event": "jobfinish", "job": "PORT-Synthetic_GS3-Drums-no_transport", "gpu": "2.0"}
{"event": "phasefinish", "job": "PORT-Synthetic_GS3-Lego-moment_shadow", "gpu": "3.1", "phase": "eval", "pid": 444374}
{"event": "jobfinish", "job": "PORT-Synthetic_GS3-Lego-moment_shadow", "gpu": "3.1"}
{"event": "phasefinish", "job": "PORT-Synthetic_GS3-Drums-ref", "gpu": "0.1", "phase": "eval", "pid": 444426}
{"event": "jobfinish", "job": "PORT-Synthetic_GS3-Drums-ref", "gpu": "0.1"}
{"event": "phasefinish", "job": "PORT-Synthetic_GS3-Drums-no_shadow", "gpu": "3.0", "phase": "eval", "pid": 444524}
{"event": "jobfinish", "job": "PORT-Synthetic_GS3-Drums-no_shadow", "gpu": "3.0"}
{"event": "startup_confirmed", "job": "PORT-Synthetic_GS3-Lego-local_only", "gpu": "1.0", "pid": 444292, "phase": "train", "step": 100}
{"event": "startup_confirmed", "job": "PORT-Synthetic_GS3-Drums-local_only", "gpu": "2.1", "pid": 444441, "phase": "train", "step": 100}
{"event": "startup_confirmed", "job": "PORT-Synthetic_GS3-Drums-mask05", "gpu": "0.0", "pid": 444622, "phase": "train", "step": 100}
{"event": "startup_confirmed", "job": "PORT-Synthetic_GS3-Lego-mask05", "gpu": "1.1", "pid": 444573, "phase": "train", "step": 100}
{"event": "startup_confirmed", "job": "PORT-Synthetic_GS3-Drums-cap1m", "gpu": "3.1", "pid": 444727, "phase": "train", "step": 100}
{"event": "startup_confirmed", "job": "PORT-Synthetic_GS3-Lego-cap1m", "gpu": "2.0", "pid": 444678, "phase": "train", "step": 100}
{"event": "startup_confirmed", "job": "PORT-Synthetic_GS3-Lego-no_split2d", "gpu": "0.1", "pid": 444770, "phase": "train", "step": 100}
{"event": "startup_confirmed", "job": "PORT-Synthetic_GS3-Drums-no_split2d", "gpu": "3.0", "pid": 444820, "phase": "train", "step": 100}
{"event": "phasefinish", "job": "PORT-Synthetic_GS3-Lego-local_only", "gpu": "1.0", "phase": "train", "pid": 444292}
{"event": "phasefinish", "job": "PORT-Synthetic_GS3-Lego-local_only", "gpu": "1.0", "phase": "eval", "pid": 445502}
{"event": "jobfinish", "job": "PORT-Synthetic_GS3-Lego-local_only", "gpu": "1.0"}
{"event": "phasefinish", "job": "PORT-Synthetic_GS3-Drums-local_only", "gpu": "2.1", "phase": "train", "pid": 444441}
{"event": "phasefinish", "job": "PORT-Synthetic_GS3-Drums-local_only", "gpu": "2.1", "phase": "eval", "pid": 445828}
{"event": "jobfinish", "job": "PORT-Synthetic_GS3-Drums-local_only", "gpu": "2.1"}
{"event": "phasefinish", "job": "PORT-Synthetic_GS3-Lego-mask05", "gpu": "1.1", "phase": "train", "pid": 444573}
{"event": "phasefinish", "job": "PORT-Synthetic_GS3-Lego-mask05", "gpu": "1.1", "phase": "eval", "pid": 446614}
{"event": "jobfinish", "job": "PORT-Synthetic_GS3-Lego-mask05", "gpu": "1.1"}
{"event": "phasefinish", "job": "PORT-Synthetic_GS3-Lego-no_split2d", "gpu": "0.1", "phase": "train", "pid": 444770}
{"event": "phasefinish", "job": "PORT-Synthetic_GS3-Drums-mask05", "gpu": "0.0", "phase": "train", "pid": 444622}
{"event": "phasefinish", "job": "PORT-Synthetic_GS3-Drums-no_split2d", "gpu": "3.0", "phase": "train", "pid": 444820}
{"event": "phasefinish", "job": "PORT-Synthetic_GS3-Lego-no_split2d", "gpu": "0.1", "phase": "eval", "pid": 446683}
{"event": "jobfinish", "job": "PORT-Synthetic_GS3-Lego-no_split2d", "gpu": "0.1"}
{"event": "phasefinish", "job": "PORT-Synthetic_GS3-Drums-mask05", "gpu": "0.0", "phase": "eval", "pid": 446775}
{"event": "jobfinish", "job": "PORT-Synthetic_GS3-Drums-mask05", "gpu": "0.0"}
{"event": "phasefinish", "job": "PORT-Synthetic_GS3-Drums-no_split2d", "gpu": "3.0", "phase": "eval", "pid": 446830}
{"event": "jobfinish", "job": "PORT-Synthetic_GS3-Drums-no_split2d", "gpu": "3.0"}
{"event": "phasefinish", "job": "PORT-Synthetic_GS3-Lego-cap1m", "gpu": "2.0", "phase": "train", "pid": 444678}
{"event": "phasefinish", "job": "PORT-Synthetic_GS3-Lego-cap1m", "gpu": "2.0", "phase": "eval", "pid": 446991}
{"event": "jobfinish", "job": "PORT-Synthetic_GS3-Lego-cap1m", "gpu": "2.0"}
{"event": "phasefinish", "job": "PORT-Synthetic_GS3-Drums-cap1m", "gpu": "3.1", "phase": "train", "pid": 444727}
{"event": "phasefinish", "job": "PORT-Synthetic_GS3-Drums-cap1m", "gpu": "3.1", "phase": "eval", "pid": 447160}
{"event": "jobfinish", "job": "PORT-Synthetic_GS3-Drums-cap1m", "gpu": "3.1"}
{"event": "queue_complete", "status": "/workspace/ubuntu2004_cuda12_1/projects/3dgs_relighting/PORT-GS/runs/lisa_shell_diagnosis_20261004/status.json"}
