{"event": "startup_confirmed", "job": "PORT-Synthetic_GS3-FurBall-v2_reference", "gpu": "3", "pid": 526086, "phase": "train", "step": 100}
{"event": "startup_confirmed", "job": "PORT-Synthetic_GS3-Lego-v2_reference", "gpu": "0", "pid": 526084, "phase": "train", "step": 100}
{"event": "startup_confirmed", "job": "PORT-Synthetic_GS3-Lego-pixel_gradient", "gpu": "2", "pid": 526087, "phase": "train", "step": 100}
{"event": "startup_confirmed", "job": "PORT-Synthetic_GS3-Drums-v2_reference", "gpu": "1", "pid": 526085, "phase": "train", "step": 100}
{"event": "phasefinish", "job": "PORT-Synthetic_GS3-Lego-v2_reference", "gpu": "0", "phase": "train", "pid": 526084}
{"event": "phasefinish", "job": "PORT-Synthetic_GS3-Lego-v2_reference", "gpu": "0", "phase": "eval", "pid": 527205}
{"event": "jobfinish", "job": "PORT-Synthetic_GS3-Lego-v2_reference", "gpu": "0"}
{"event": "phasefinish", "job": "PORT-Synthetic_GS3-Drums-v2_reference", "gpu": "1", "phase": "train", "pid": 526085}
{"event": "phasefinish", "job": "PORT-Synthetic_GS3-Drums-v2_reference", "gpu": "1", "phase": "eval", "pid": 527261}
{"event": "jobfinish", "job": "PORT-Synthetic_GS3-Drums-v2_reference", "gpu": "1"}
{"event": "phasefinish", "job": "PORT-Synthetic_GS3-FurBall-v2_reference", "gpu": "3", "phase": "train", "pid": 526086}
{"event": "phasefinish", "job": "PORT-Synthetic_GS3-Lego-pixel_gradient", "gpu": "2", "phase": "train", "pid": 526087}
{"event": "phasefinish", "job": "PORT-Synthetic_GS3-FurBall-v2_reference", "gpu": "3", "phase": "eval", "pid": 527437}
{"event": "jobfinish", "job": "PORT-Synthetic_GS3-FurBall-v2_reference", "gpu": "3"}
{"event": "phasefinish", "job": "PORT-Synthetic_GS3-Lego-pixel_gradient", "gpu": "2", "phase": "eval", "pid": 527477}
{"event": "jobfinish", "job": "PORT-Synthetic_GS3-Lego-pixel_gradient", "gpu": "2"}
{"event": "startup_confirmed", "job": "PORT-Synthetic_GS3-Drums-pixel_gradient", "gpu": "0", "pid": 527260, "phase": "train", "step": 100}
{"event": "startup_confirmed", "job": "PORT-Synthetic_GS3-FurBall-pixel_gradient", "gpu": "1", "pid": 527388, "phase": "train", "step": 100}
{"event": "startup_confirmed", "job": "PORT-Synthetic_GS3-Lego-gaussian_footprint", "gpu": "3", "pid": 527572, "phase": "train", "step": 100}
{"event": "startup_confirmed", "job": "PORT-Synthetic_GS3-Drums-gaussian_footprint", "gpu": "2", "pid": 527573, "phase": "train", "step": 100}
{"event": "phasefinish", "job": "PORT-Synthetic_GS3-Drums-pixel_gradient", "gpu": "0", "phase": "train", "pid": 527260}
{"event": "phasefinish", "job": "PORT-Synthetic_GS3-Drums-pixel_gradient", "gpu": "0", "phase": "eval", "pid": 528599}
{"event": "jobfinish", "job": "PORT-Synthetic_GS3-Drums-pixel_gradient", "gpu": "0"}
{"event": "phasefinish", "job": "PORT-Synthetic_GS3-FurBall-pixel_gradient", "gpu": "1", "phase": "train", "pid": 527388}
{"event": "phasefinish", "job": "PORT-Synthetic_GS3-FurBall-pixel_gradient", "gpu": "1", "phase": "eval", "pid": 528731}
{"event": "jobfinish", "job": "PORT-Synthetic_GS3-FurBall-pixel_gradient", "gpu": "1"}
{"event": "startup_confirmed", "job": "PORT-Synthetic_GS3-FurBall-gaussian_footprint", "gpu": "0", "pid": 528664, "phase": "train", "step": 100}
{"event": "startup_confirmed", "job": "PORT-Synthetic_GS3-Lego-gaussian_gradient", "gpu": "1", "pid": 528804, "phase": "train", "step": 100}
{"event": "phasefinish", "job": "PORT-Synthetic_GS3-Drums-gaussian_footprint", "gpu": "2", "phase": "train", "pid": 527573}
{"event": "phasefinish", "job": "PORT-Synthetic_GS3-Lego-gaussian_footprint", "gpu": "3", "phase": "train", "pid": 527572}
{"event": "phasefinish", "job": "PORT-Synthetic_GS3-Drums-gaussian_footprint", "gpu": "2", "phase": "eval", "pid": 529061}
{"event": "jobfinish", "job": "PORT-Synthetic_GS3-Drums-gaussian_footprint", "gpu": "2"}
{"event": "phasefinish", "job": "PORT-Synthetic_GS3-Lego-gaussian_footprint", "gpu": "3", "phase": "eval", "pid": 529136}
{"event": "jobfinish", "job": "PORT-Synthetic_GS3-Lego-gaussian_footprint", "gpu": "3"}
{"event": "startup_confirmed", "job": "PORT-Synthetic_GS3-Drums-gaussian_gradient", "gpu": "2", "pid": 529194, "phase": "train", "step": 100}
{"event": "startup_confirmed", "job": "PORT-Synthetic_GS3-FurBall-gaussian_gradient", "gpu": "3", "pid": 529244, "phase": "train", "step": 100}
{"event": "phasefinish", "job": "PORT-Synthetic_GS3-Lego-gaussian_gradient", "gpu": "1", "phase": "train", "pid": 528804}
{"event": "phasefinish", "job": "PORT-Synthetic_GS3-Lego-gaussian_gradient", "gpu": "1", "phase": "eval", "pid": 529687}
{"event": "jobfinish", "job": "PORT-Synthetic_GS3-Lego-gaussian_gradient", "gpu": "1"}
{"event": "phasefinish", "job": "PORT-Synthetic_GS3-FurBall-gaussian_gradient", "gpu": "3", "phase": "train", "pid": 529244}
{"event": "phasefinish", "job": "PORT-Synthetic_GS3-FurBall-gaussian_gradient", "gpu": "3", "phase": "eval", "pid": 529919}
{"event": "jobfinish", "job": "PORT-Synthetic_GS3-FurBall-gaussian_gradient", "gpu": "3"}
{"event": "phasefinish", "job": "PORT-Synthetic_GS3-Drums-gaussian_gradient", "gpu": "2", "phase": "train", "pid": 529194}
{"event": "phasefinish", "job": "PORT-Synthetic_GS3-Drums-gaussian_gradient", "gpu": "2", "phase": "eval", "pid": 529985}
{"event": "jobfinish", "job": "PORT-Synthetic_GS3-Drums-gaussian_gradient", "gpu": "2"}
{"event": "phasefinish", "job": "PORT-Synthetic_GS3-FurBall-gaussian_footprint", "gpu": "0", "phase": "train", "pid": 528664}
{"event": "phasefinish", "job": "PORT-Synthetic_GS3-FurBall-gaussian_footprint", "gpu": "0", "phase": "eval", "pid": 530257}
{"event": "jobfinish", "job": "PORT-Synthetic_GS3-FurBall-gaussian_footprint", "gpu": "0"}
{"event": "queue_complete", "status": "/workspace/ubuntu2004_cuda12_1/projects/3dgs_relighting/PORT-GS/runs/lisa_shading_diagnosis_20261004/status.json"}
