{"event": "startup_confirmed", "job": "PORT-Real_NRHints-Pixiu-directional_port_v1", "gpu": 1, "pid": 100289, "phase": "train", "step": 100}
{"event": "startup_confirmed", "job": "PORT-Real_NRHints-Cat-directional_port_v1", "gpu": 0, "pid": 100288, "phase": "train", "step": 100}
{"event": "startup_confirmed", "job": "PORT-Synthetic_GS3-AnisoMetal-directional_port_v1", "gpu": 2, "pid": 100290, "phase": "train", "step": 100}
{"event": "phasefinish", "job": "PORT-Real_NRHints-Pixiu-directional_port_v1", "gpu": 1, "phase": "train", "pid": 100289}
{"event": "phasefinish", "job": "PORT-Real_NRHints-Pixiu-directional_port_v1", "gpu": 1, "phase": "eval", "pid": 103115}
{"event": "jobfinish", "job": "PORT-Real_NRHints-Pixiu-directional_port_v1", "gpu": 1}
{"event": "startup_confirmed", "job": "PORT-Synthetic_GS3-Translucent-directional_port_v1", "gpu": 1, "pid": 103197, "phase": "train", "step": 100}
{"event": "phasefinish", "job": "PORT-Synthetic_GS3-AnisoMetal-directional_port_v1", "gpu": 2, "phase": "train", "pid": 100290}
{"event": "phasefinish", "job": "PORT-Synthetic_GS3-AnisoMetal-directional_port_v1", "gpu": 2, "phase": "eval", "pid": 104298}
{"event": "jobfinish", "job": "PORT-Synthetic_GS3-AnisoMetal-directional_port_v1", "gpu": 2}
{"event": "startup_confirmed", "job": "PORT-Synthetic_SSS-GS-bunny_small-directional_port_v1", "gpu": 2, "pid": 104433, "phase": "train", "step": 100}
{"event": "phasefinish", "job": "PORT-Real_NRHints-Cat-directional_port_v1", "gpu": 0, "phase": "train", "pid": 100288}
{"event": "phasefinish", "job": "PORT-Real_NRHints-Cat-directional_port_v1", "gpu": 0, "phase": "eval", "pid": 104615}
{"event": "jobfinish", "job": "PORT-Real_NRHints-Cat-directional_port_v1", "gpu": 0}
{"event": "startup_confirmed", "job": "PORT-Synthetic_SSS-GS-dragon_small-directional_port_v1", "gpu": 0, "pid": 104697, "phase": "train", "step": 100}
{"event": "phasefinish", "job": "PORT-Synthetic_GS3-Translucent-directional_port_v1", "gpu": 1, "phase": "train", "pid": 103197}
{"event": "phasefinish", "job": "PORT-Synthetic_GS3-Translucent-directional_port_v1", "gpu": 1, "phase": "eval", "pid": 106769}
{"event": "jobfinish", "job": "PORT-Synthetic_GS3-Translucent-directional_port_v1", "gpu": 1}
{"event": "phasefinish", "job": "PORT-Real_NRHints-Cat-neural_material", "gpu": 1, "phase": "prepare_normal", "pid": 106902}
{"event": "phasefinish", "job": "PORT-Real_NRHints-Cat-neural_material", "gpu": 1, "phase": "prepare_depth", "pid": 107131}
{"event": "startup_confirmed", "job": "PORT-Real_NRHints-Cat-neural_material", "gpu": 1, "pid": 114533, "phase": "train", "step": 100}
{"event": "phasefinish", "job": "PORT-Synthetic_SSS-GS-bunny_small-directional_port_v1", "gpu": 2, "phase": "train", "pid": 104433}
{"event": "phasefinish", "job": "PORT-Synthetic_SSS-GS-bunny_small-directional_port_v1", "gpu": 2, "phase": "eval", "pid": 115108}
{"event": "jobfinish", "job": "PORT-Synthetic_SSS-GS-bunny_small-directional_port_v1", "gpu": 2}
{"event": "phasefinish", "job": "PORT-Synthetic_SSS-GS-dragon_small-directional_port_v1", "gpu": 0, "phase": "train", "pid": 104697}
{"event": "phasefinish", "job": "PORT-Synthetic_SSS-GS-dragon_small-directional_port_v1", "gpu": 0, "phase": "eval", "pid": 115351}
{"event": "jobfinish", "job": "PORT-Synthetic_SSS-GS-dragon_small-directional_port_v1", "gpu": 0}
{"event": "phasefinish", "job": "PORT-Real_NRHints-Pixiu-neural_material", "gpu": 2, "phase": "prepare_normal", "pid": 115202}
{"event": "phasefinish", "job": "PORT-Real_NRHints-Pixiu-neural_material", "gpu": 2, "phase": "prepare_depth", "pid": 115535}
{"event": "startup_confirmed", "job": "PORT-Real_NRHints-Pixiu-neural_material", "gpu": 2, "pid": 123494, "phase": "train", "step": 100}
{"event": "phasefinish", "job": "PORT-Synthetic_GS3-AnisoMetal-neural_material", "gpu": 0, "phase": "prepare_normal", "pid": 115454}
{"event": "phasefinish", "job": "PORT-Synthetic_GS3-AnisoMetal-neural_material", "gpu": 0, "phase": "prepare_depth", "pid": 124080}
{"event": "startup_confirmed", "job": "PORT-Synthetic_GS3-AnisoMetal-neural_material", "gpu": 0, "pid": 152238, "phase": "train", "step": 100}
{"event": "phasefinish", "job": "PORT-Real_NRHints-Cat-neural_material", "gpu": 1, "phase": "train", "pid": 114533}
{"event": "phasefinish", "job": "PORT-Real_NRHints-Cat-neural_material", "gpu": 1, "phase": "eval", "pid": 153756}
{"event": "jobfinish", "job": "PORT-Real_NRHints-Cat-neural_material", "gpu": 1}
{"event": "phasefinish", "job": "PORT-Real_NRHints-Pixiu-neural_material", "gpu": 2, "phase": "train", "pid": 123494}
{"event": "phasefinish", "job": "PORT-Real_NRHints-Pixiu-neural_material", "gpu": 2, "phase": "eval", "pid": 154086}
{"event": "jobfinish", "job": "PORT-Real_NRHints-Pixiu-neural_material", "gpu": 2}
{"event": "phasefinish", "job": "PORT-Synthetic_SSS-GS-bunny_small-neural_material", "gpu": 2, "phase": "prepare_normal", "pid": 154175}
{"event": "phasefinish", "job": "PORT-Synthetic_SSS-GS-bunny_small-neural_material", "gpu": 2, "phase": "prepare_depth", "pid": 154386}
{"event": "startup_confirmed", "job": "PORT-Synthetic_SSS-GS-bunny_small-neural_material", "gpu": 2, "pid": 161478, "phase": "train", "step": 100}
{"event": "phasefinish", "job": "PORT-Synthetic_GS3-Translucent-neural_material", "gpu": 1, "phase": "prepare_normal", "pid": 153852}
{"event": "phasefinish", "job": "PORT-Synthetic_GS3-Translucent-neural_material", "gpu": 1, "phase": "prepare_depth", "pid": 161772}
{"event": "startup_confirmed", "job": "PORT-Synthetic_GS3-Translucent-neural_material", "gpu": 1, "pid": 189927, "phase": "train", "step": 100}
{"event": "phasefinish", "job": "PORT-Synthetic_GS3-AnisoMetal-neural_material", "gpu": 0, "phase": "train", "pid": 152238}
{"event": "phasefinish", "job": "PORT-Synthetic_GS3-AnisoMetal-neural_material", "gpu": 0, "phase": "eval", "pid": 190488}
{"event": "jobfinish", "job": "PORT-Synthetic_GS3-AnisoMetal-neural_material", "gpu": 0}
{"event": "phasefinish", "job": "PORT-Synthetic_SSS-GS-dragon_small-neural_material", "gpu": 0, "phase": "prepare_normal", "pid": 190614}
{"event": "phasefinish", "job": "PORT-Synthetic_SSS-GS-dragon_small-neural_material", "gpu": 0, "phase": "prepare_depth", "pid": 190809}
{"event": "startup_confirmed", "job": "PORT-Synthetic_SSS-GS-dragon_small-neural_material", "gpu": 0, "pid": 197914, "phase": "train", "step": 100}
{"event": "phasefinish", "job": "PORT-Synthetic_SSS-GS-bunny_small-neural_material", "gpu": 2, "phase": "train", "pid": 161478}
{"event": "phasefinish", "job": "PORT-Synthetic_SSS-GS-bunny_small-neural_material", "gpu": 2, "phase": "eval", "pid": 199988}
{"event": "jobfinish", "job": "PORT-Synthetic_SSS-GS-bunny_small-neural_material", "gpu": 2}
{"event": "phasefinish", "job": "PORT-Synthetic_GS3-Translucent-neural_material", "gpu": 1, "phase": "train", "pid": 189927}
{"event": "phasefinish", "job": "PORT-Synthetic_GS3-Translucent-neural_material", "gpu": 1, "phase": "eval", "pid": 200106}
{"event": "jobfinish", "job": "PORT-Synthetic_GS3-Translucent-neural_material", "gpu": 1}
{"event": "phasefinish", "job": "PORT-Synthetic_SSS-GS-dragon_small-neural_material", "gpu": 0, "phase": "train", "pid": 197914}
{"event": "phasefinish", "job": "PORT-Synthetic_SSS-GS-dragon_small-neural_material", "gpu": 0, "phase": "eval", "pid": 200924}
{"event": "jobfinish", "job": "PORT-Synthetic_SSS-GS-dragon_small-neural_material", "gpu": 0}
{"event": "queue_complete", "status": "/workspace/ubuntu2004_cuda12_1/projects/3dgs_relighting/PORT-GS/runs/refactored_six_scene_20261001/status.json"}
