usage: diagnose_image_errors.py [-h] --output OUTPUT [--native-reconstruction]
                                [--native-study NATIVE_STUDY]
                                [--multiview-probe MULTIVIEW_PROBE]
                                [--compare-geometry-buffers COMPARE_GEOMETRY_BUFFERS]
                                [--reference-geometry REFERENCE_GEOMETRY]
                                [--local-relight-preview] [--relight-preview]
                                [--gggs-default-review] [--limit LIMIT]
                                [--split {train,test}]
                                [--gradient-frames GRADIENT_FRAMES]
                                [--geometry-frames GEOMETRY_FRAMES]
                                [--cue-coherence]
                                [--highlight-frames HIGHLIGHT_FRAMES]
                                [--attention-frames ATTENTION_FRAMES]
                                [--sdf-mask-fit-steps SDF_MASK_FIT_STEPS]
                                [--sdf-mask-weight SDF_MASK_WEIGHT]
                                [--camera-matches CAMERA_MATCHES]
                                [--angular-cues]
                                [--reference-metrics REFERENCE_METRICS]
                                [--cue-crops CUE_CROPS]
                                [--resolution RESOLUTION]
                                [--foundation-comparison FOUNDATION_COMPARISON]
                                [--foundation-device {cpu,cuda:0}] [--lpips]
                                [checkpoint]
diagnose_image_errors.py: error: argument --foundation-device: invalid choice: 'cuda' (choose from 'cpu', 'cuda:0')
