running build_ext
/workspace/ubuntu2004_cuda12_1/utils/conda-envs/ssd-gs/lib/python3.10/site-packages/torch/utils/cpp_extension.py:495: UserWarning: Attempted to use ninja as the BuildExtension backend but we could not find ninja.. Falling back to using the slow distutils backend.
  warnings.warn(msg.format('we could not find ninja.'))
/workspace/ubuntu2004_cuda12_1/utils/conda-envs/ssd-gs/lib/python3.10/site-packages/torch/utils/cpp_extension.py:424: UserWarning: There are no g++ version bounds defined for CUDA version 12.1
  warnings.warn(f'There are no {compiler_name} version bounds defined for CUDA version {cuda_str_version}')
building 'diff_gaussian_rasterization._C' extension
creating build
creating build/temp.linux-x86_64-cpython-310
creating build/temp.linux-x86_64-cpython-310/cuda_rasterizer
/usr/local/cuda-12.1/bin/nvcc -I/workspace/ubuntu2004_cuda12_1/utils/conda-envs/ssd-gs/lib/python3.10/site-packages/torch/include -I/workspace/ubuntu2004_cuda12_1/utils/conda-envs/ssd-gs/lib/python3.10/site-packages/torch/include/torch/csrc/api/include -I/workspace/ubuntu2004_cuda12_1/utils/conda-envs/ssd-gs/lib/python3.10/site-packages/torch/include/TH -I/workspace/ubuntu2004_cuda12_1/utils/conda-envs/ssd-gs/lib/python3.10/site-packages/torch/include/THC -I/usr/local/cuda-12.1/include -I/workspace/ubuntu2004_cuda12_1/utils/conda-envs/ssd-gs/include/python3.10 -c cuda_rasterizer/rasterizer_impl.cu -o build/temp.linux-x86_64-cpython-310/cuda_rasterizer/rasterizer_impl.o -D__CUDA_NO_HALF_OPERATORS__ -D__CUDA_NO_HALF_CONVERSIONS__ -D__CUDA_NO_BFLOAT16_CONVERSIONS__ -D__CUDA_NO_HALF2_OPERATORS__ --expt-relaxed-constexpr --compiler-options '-fPIC' -O3 --use_fast_math -std=c++20 --extended-lambda --expt-relaxed-constexpr -I/workspace/ubuntu2004_cuda12_1/projects/3dgs_relighting/PORT-GS/third_party/Geometry-Grounded-Gaussian-Splatting/submodules/diff-gaussian-rasterization/third_party/glm/ -DTORCH_API_INCLUDE_EXTENSION_H -DPYBIND11_COMPILER_TYPE=\"_gcc\" -DPYBIND11_STDLIB=\"_libstdcpp\" -DPYBIND11_BUILD_ABI=\"_cxxabi1011\" -DTORCH_EXTENSION_NAME=_C -D_GLIBCXX_USE_CXX11_ABI=0 -gencode=arch=compute_89,code=sm_89
nvcc warning : The -std=c++20 flag is not supported with the configured host compiler. Flag will be ignored.
/usr/local/cuda-12.1/bin/nvcc -I/workspace/ubuntu2004_cuda12_1/utils/conda-envs/ssd-gs/lib/python3.10/site-packages/torch/include -I/workspace/ubuntu2004_cuda12_1/utils/conda-envs/ssd-gs/lib/python3.10/site-packages/torch/include/torch/csrc/api/include -I/workspace/ubuntu2004_cuda12_1/utils/conda-envs/ssd-gs/lib/python3.10/site-packages/torch/include/TH -I/workspace/ubuntu2004_cuda12_1/utils/conda-envs/ssd-gs/lib/python3.10/site-packages/torch/include/THC -I/usr/local/cuda-12.1/include -I/workspace/ubuntu2004_cuda12_1/utils/conda-envs/ssd-gs/include/python3.10 -c cuda_rasterizer/render_backward.cu -o build/temp.linux-x86_64-cpython-310/cuda_rasterizer/render_backward.o -D__CUDA_NO_HALF_OPERATORS__ -D__CUDA_NO_HALF_CONVERSIONS__ -D__CUDA_NO_BFLOAT16_CONVERSIONS__ -D__CUDA_NO_HALF2_OPERATORS__ --expt-relaxed-constexpr --compiler-options '-fPIC' -O3 --use_fast_math -std=c++20 --extended-lambda --expt-relaxed-constexpr -I/workspace/ubuntu2004_cuda12_1/projects/3dgs_relighting/PORT-GS/third_party/Geometry-Grounded-Gaussian-Splatting/submodules/diff-gaussian-rasterization/third_party/glm/ -DTORCH_API_INCLUDE_EXTENSION_H -DPYBIND11_COMPILER_TYPE=\"_gcc\" -DPYBIND11_STDLIB=\"_libstdcpp\" -DPYBIND11_BUILD_ABI=\"_cxxabi1011\" -DTORCH_EXTENSION_NAME=_C -D_GLIBCXX_USE_CXX11_ABI=0 -gencode=arch=compute_89,code=sm_89
nvcc warning : The -std=c++20 flag is not supported with the configured host compiler. Flag will be ignored.
cuda_rasterizer/render_backward.cu(799): warning #2912-D: constexpr if statements are a C++17 feature
          if constexpr (GEOMETRY) {
             ^

Remark: The warnings can be suppressed with "-diag-suppress <warning-number>"

cuda_rasterizer/render_backward.cu(799): warning #2912-D: constexpr if statements are a C++17 feature
          if constexpr (GEOMETRY) {
             ^

Remark: The warnings can be suppressed with "-diag-suppress <warning-number>"

/usr/local/cuda-12.1/bin/nvcc -I/workspace/ubuntu2004_cuda12_1/utils/conda-envs/ssd-gs/lib/python3.10/site-packages/torch/include -I/workspace/ubuntu2004_cuda12_1/utils/conda-envs/ssd-gs/lib/python3.10/site-packages/torch/include/torch/csrc/api/include -I/workspace/ubuntu2004_cuda12_1/utils/conda-envs/ssd-gs/lib/python3.10/site-packages/torch/include/TH -I/workspace/ubuntu2004_cuda12_1/utils/conda-envs/ssd-gs/lib/python3.10/site-packages/torch/include/THC -I/usr/local/cuda-12.1/include -I/workspace/ubuntu2004_cuda12_1/utils/conda-envs/ssd-gs/include/python3.10 -c cuda_rasterizer/render_forward.cu -o build/temp.linux-x86_64-cpython-310/cuda_rasterizer/render_forward.o -D__CUDA_NO_HALF_OPERATORS__ -D__CUDA_NO_HALF_CONVERSIONS__ -D__CUDA_NO_BFLOAT16_CONVERSIONS__ -D__CUDA_NO_HALF2_OPERATORS__ --expt-relaxed-constexpr --compiler-options '-fPIC' -O3 --use_fast_math -std=c++20 --extended-lambda --expt-relaxed-constexpr -I/workspace/ubuntu2004_cuda12_1/projects/3dgs_relighting/PORT-GS/third_party/Geometry-Grounded-Gaussian-Splatting/submodules/diff-gaussian-rasterization/third_party/glm/ -DTORCH_API_INCLUDE_EXTENSION_H -DPYBIND11_COMPILER_TYPE=\"_gcc\" -DPYBIND11_STDLIB=\"_libstdcpp\" -DPYBIND11_BUILD_ABI=\"_cxxabi1011\" -DTORCH_EXTENSION_NAME=_C -D_GLIBCXX_USE_CXX11_ABI=0 -gencode=arch=compute_89,code=sm_89
nvcc warning : The -std=c++20 flag is not supported with the configured host compiler. Flag will be ignored.
cuda_rasterizer/render_forward.cu(468): warning #2912-D: constexpr if statements are a C++17 feature
              if constexpr (GEOMETRY) {
                 ^

Remark: The warnings can be suppressed with "-diag-suppress <warning-number>"

cuda_rasterizer/render_forward.cu(468): warning #2912-D: constexpr if statements are a C++17 feature
              if constexpr (GEOMETRY) {
                 ^

Remark: The warnings can be suppressed with "-diag-suppress <warning-number>"

/usr/local/cuda-12.1/bin/nvcc -I/workspace/ubuntu2004_cuda12_1/utils/conda-envs/ssd-gs/lib/python3.10/site-packages/torch/include -I/workspace/ubuntu2004_cuda12_1/utils/conda-envs/ssd-gs/lib/python3.10/site-packages/torch/include/torch/csrc/api/include -I/workspace/ubuntu2004_cuda12_1/utils/conda-envs/ssd-gs/lib/python3.10/site-packages/torch/include/TH -I/workspace/ubuntu2004_cuda12_1/utils/conda-envs/ssd-gs/lib/python3.10/site-packages/torch/include/THC -I/usr/local/cuda-12.1/include -I/workspace/ubuntu2004_cuda12_1/utils/conda-envs/ssd-gs/include/python3.10 -c cuda_rasterizer/sample_backward.cu -o build/temp.linux-x86_64-cpython-310/cuda_rasterizer/sample_backward.o -D__CUDA_NO_HALF_OPERATORS__ -D__CUDA_NO_HALF_CONVERSIONS__ -D__CUDA_NO_BFLOAT16_CONVERSIONS__ -D__CUDA_NO_HALF2_OPERATORS__ --expt-relaxed-constexpr --compiler-options '-fPIC' -O3 --use_fast_math -std=c++20 --extended-lambda --expt-relaxed-constexpr -I/workspace/ubuntu2004_cuda12_1/projects/3dgs_relighting/PORT-GS/third_party/Geometry-Grounded-Gaussian-Splatting/submodules/diff-gaussian-rasterization/third_party/glm/ -DTORCH_API_INCLUDE_EXTENSION_H -DPYBIND11_COMPILER_TYPE=\"_gcc\" -DPYBIND11_STDLIB=\"_libstdcpp\" -DPYBIND11_BUILD_ABI=\"_cxxabi1011\" -DTORCH_EXTENSION_NAME=_C -D_GLIBCXX_USE_CXX11_ABI=0 -gencode=arch=compute_89,code=sm_89
nvcc warning : The -std=c++20 flag is not supported with the configured host compiler. Flag will be ignored.
cuda_rasterizer/sample_backward.cu(168): warning #550-D: variable "all_done" was set but never used
      bool all_done = point_done == point_num_round;
           ^

Remark: The warnings can be suppressed with "-diag-suppress <warning-number>"

/usr/local/cuda-12.1/bin/nvcc -I/workspace/ubuntu2004_cuda12_1/utils/conda-envs/ssd-gs/lib/python3.10/site-packages/torch/include -I/workspace/ubuntu2004_cuda12_1/utils/conda-envs/ssd-gs/lib/python3.10/site-packages/torch/include/torch/csrc/api/include -I/workspace/ubuntu2004_cuda12_1/utils/conda-envs/ssd-gs/lib/python3.10/site-packages/torch/include/TH -I/workspace/ubuntu2004_cuda12_1/utils/conda-envs/ssd-gs/lib/python3.10/site-packages/torch/include/THC -I/usr/local/cuda-12.1/include -I/workspace/ubuntu2004_cuda12_1/utils/conda-envs/ssd-gs/include/python3.10 -c cuda_rasterizer/sample_forward.cu -o build/temp.linux-x86_64-cpython-310/cuda_rasterizer/sample_forward.o -D__CUDA_NO_HALF_OPERATORS__ -D__CUDA_NO_HALF_CONVERSIONS__ -D__CUDA_NO_BFLOAT16_CONVERSIONS__ -D__CUDA_NO_HALF2_OPERATORS__ --expt-relaxed-constexpr --compiler-options '-fPIC' -O3 --use_fast_math -std=c++20 --extended-lambda --expt-relaxed-constexpr -I/workspace/ubuntu2004_cuda12_1/projects/3dgs_relighting/PORT-GS/third_party/Geometry-Grounded-Gaussian-Splatting/submodules/diff-gaussian-rasterization/third_party/glm/ -DTORCH_API_INCLUDE_EXTENSION_H -DPYBIND11_COMPILER_TYPE=\"_gcc\" -DPYBIND11_STDLIB=\"_libstdcpp\" -DPYBIND11_BUILD_ABI=\"_cxxabi1011\" -DTORCH_EXTENSION_NAME=_C -D_GLIBCXX_USE_CXX11_ABI=0 -gencode=arch=compute_89,code=sm_89
nvcc warning : The -std=c++20 flag is not supported with the configured host compiler. Flag will be ignored.
cuda_rasterizer/sample_forward.cu(402): warning #2912-D: constexpr if statements are a C++17 feature
              if constexpr (FIRST) {
                 ^

Remark: The warnings can be suppressed with "-diag-suppress <warning-number>"

cuda_rasterizer/sample_forward.cu(402): warning #2912-D: constexpr if statements are a C++17 feature
              if constexpr (FIRST) {
                 ^

Remark: The warnings can be suppressed with "-diag-suppress <warning-number>"

gcc -pthread -B /workspace/ubuntu2004_cuda12_1/utils/conda-envs/ssd-gs/compiler_compat -Wno-unused-result -Wsign-compare -DNDEBUG -fwrapv -O2 -Wall -fPIC -O2 -isystem /workspace/ubuntu2004_cuda12_1/utils/conda-envs/ssd-gs/include -fPIC -O2 -isystem /workspace/ubuntu2004_cuda12_1/utils/conda-envs/ssd-gs/include -fPIC -I/workspace/ubuntu2004_cuda12_1/utils/conda-envs/ssd-gs/lib/python3.10/site-packages/torch/include -I/workspace/ubuntu2004_cuda12_1/utils/conda-envs/ssd-gs/lib/python3.10/site-packages/torch/include/torch/csrc/api/include -I/workspace/ubuntu2004_cuda12_1/utils/conda-envs/ssd-gs/lib/python3.10/site-packages/torch/include/TH -I/workspace/ubuntu2004_cuda12_1/utils/conda-envs/ssd-gs/lib/python3.10/site-packages/torch/include/THC -I/usr/local/cuda-12.1/include -I/workspace/ubuntu2004_cuda12_1/utils/conda-envs/ssd-gs/include/python3.10 -c ext.cpp -o build/temp.linux-x86_64-cpython-310/ext.o -std=c++20 -DTORCH_API_INCLUDE_EXTENSION_H -DPYBIND11_COMPILER_TYPE=\"_gcc\" -DPYBIND11_STDLIB=\"_libstdcpp\" -DPYBIND11_BUILD_ABI=\"_cxxabi1011\" -DTORCH_EXTENSION_NAME=_C -D_GLIBCXX_USE_CXX11_ABI=0
gcc: error: unrecognized command line option ‘-std=c++20’; did you mean ‘-std=c++2a’?
error: command '/usr/bin/gcc' failed with exit code 1
