Setting up [LPIPS] perceptual loss: trunk [vgg], v[0.1], spatial [off]
/workspace/ubuntu2004_cuda12_1/utils/conda-envs/ssd-gs/lib/python3.10/site-packages/torchvision/models/_utils.py:208: UserWarning: The parameter 'pretrained' is deprecated since 0.13 and may be removed in the future, please use 'weights' instead.
  warnings.warn(
/workspace/ubuntu2004_cuda12_1/utils/conda-envs/ssd-gs/lib/python3.10/site-packages/torchvision/models/_utils.py:223: UserWarning: Arguments other than a weight enum or `None` for 'weights' are deprecated since 0.13 and may be removed in the future. The current behavior is equivalent to passing `weights=VGG16_Weights.IMAGENET1K_V1`. You can also use `weights=VGG16_Weights.DEFAULT` to get the most up-to-date weights.
  warnings.warn(msg)
Loading model from: /workspace/ubuntu2004_cuda12_1/utils/conda-envs/ssd-gs/lib/python3.10/site-packages/lpips/weights/v0.1/vgg.pth
/workspace/ubuntu2004_cuda12_1/utils/conda-envs/ssd-gs/lib/python3.10/site-packages/lpips/lpips.py:107: FutureWarning: You are using `torch.load` with `weights_only=False` (the current default value), which uses the default pickle module implicitly. It is possible to construct malicious pickle data which will execute arbitrary code during unpickling (See https://github.com/pytorch/pytorch/blob/main/SECURITY.md#untrusted-models for more details). In a future release, the default value for `weights_only` will be flipped to `True`. This limits the functions that could be executed during unpickling. Arbitrary objects will no longer be allowed to be loaded via this mode unless they are explicitly allowlisted by the user via `torch.serialization.add_safe_globals`. We recommend you start setting `weights_only=True` for any use case where you don't have full control of the loaded file. Please open an issue on GitHub for any issues related to this experimental feature.
  self.load_state_dict(torch.load(model_path, map_location='cpu'), strict=False)
{"evaluated": 1, "total": 506}
{"evaluated": 51, "total": 506}
{"evaluated": 101, "total": 506}
{"evaluated": 151, "total": 506}
{"evaluated": 201, "total": 506}
{"evaluated": 251, "total": 506}
{"evaluated": 301, "total": 506}
{"evaluated": 351, "total": 506}
{"evaluated": 401, "total": 506}
{"evaluated": 451, "total": 506}
{"evaluated": 501, "total": 506}
{"PSNR": 20.158718772556472, "SSIM": 0.8645477031059416, "silhouette_IoU": 0.9139800591195525, "alpha_L1": 0.01737172790828783, "self_normal_angular_error": 0.029229674028166435, "valid_surface_fraction": 0.18797973964525305, "boundary_F1_2px": 0.39890571486851256, "boundary_precision_2px": 0.39380910817227743, "boundary_recall_2px": 0.406029948702562, "boundary_outward_fraction_over_2px": 0.5109403071092045, "boundary_outward_p95_px": 16.36117849448924, "boundary_depth_normal_roughness_p95_deg": 29.26512435490906, "LPIPS": 0.1507477822746684}
