Collecting huggingface-hub==0.35.3 (from huggingface-hub[cli]==0.35.3)
  Downloading huggingface_hub-0.35.3-py3-none-any.whl.metadata (14 kB)
Collecting filelock (from huggingface-hub==0.35.3->huggingface-hub[cli]==0.35.3)
  Downloading filelock-4.0.4-py3-none-any.whl.metadata (2.0 kB)
Collecting fsspec>=2023.5.0 (from huggingface-hub==0.35.3->huggingface-hub[cli]==0.35.3)
  Downloading fsspec-2026.9.0-py3-none-any.whl.metadata (10 kB)
Collecting packaging>=20.9 (from huggingface-hub==0.35.3->huggingface-hub[cli]==0.35.3)
  Downloading packaging-26.3-py3-none-any.whl.metadata (3.5 kB)
Collecting pyyaml>=5.1 (from huggingface-hub==0.35.3->huggingface-hub[cli]==0.35.3)
  Downloading pyyaml-6.0.3-cp313-cp313-manylinux2014_x86_64.manylinux_2_17_x86_64.manylinux_2_28_x86_64.whl.metadata (2.4 kB)
Collecting requests (from huggingface-hub==0.35.3->huggingface-hub[cli]==0.35.3)
  Using cached requests-2.34.2-py3-none-any.whl.metadata (4.8 kB)
Collecting tqdm>=4.42.1 (from huggingface-hub==0.35.3->huggingface-hub[cli]==0.35.3)
  Using cached tqdm-4.70.1-py3-none-any.whl.metadata (57 kB)
Collecting typing-extensions>=3.7.4.3 (from huggingface-hub==0.35.3->huggingface-hub[cli]==0.35.3)
  Using cached typing_extensions-4.16.0-py3-none-any.whl.metadata (3.3 kB)
Collecting hf-xet<2.0.0,>=1.1.3 (from huggingface-hub==0.35.3->huggingface-hub[cli]==0.35.3)
  Downloading hf_xet-1.6.0-cp38-abi3-manylinux2014_x86_64.manylinux_2_17_x86_64.whl.metadata (4.9 kB)
Collecting InquirerPy==0.3.4 (from huggingface-hub[cli]==0.35.3)
  Downloading InquirerPy-0.3.4-py3-none-any.whl.metadata (8.1 kB)
Collecting pfzy<0.4.0,>=0.3.1 (from InquirerPy==0.3.4->huggingface-hub[cli]==0.35.3)
  Downloading pfzy-0.3.4-py3-none-any.whl.metadata (4.9 kB)
Collecting prompt-toolkit<4.0.0,>=3.0.1 (from InquirerPy==0.3.4->huggingface-hub[cli]==0.35.3)
  Downloading prompt_toolkit-3.0.53-py3-none-any.whl.metadata (6.4 kB)
Collecting wcwidth>=0.1.4 (from prompt-toolkit<4.0.0,>=3.0.1->InquirerPy==0.3.4->huggingface-hub[cli]==0.35.3)
  Downloading wcwidth-0.9.1-cp310-abi3-manylinux2014_x86_64.manylinux_2_17_x86_64.whl.metadata (23 kB)
Collecting charset_normalizer<4,>=2 (from requests->huggingface-hub==0.35.3->huggingface-hub[cli]==0.35.3)
  Using cached charset_normalizer-3.5.1-cp313-cp313-manylinux2014_x86_64.manylinux_2_17_x86_64.manylinux_2_28_x86_64.whl.metadata (45 kB)
Collecting idna<4,>=2.5 (from requests->huggingface-hub==0.35.3->huggingface-hub[cli]==0.35.3)
  Using cached idna-3.20-py3-none-any.whl.metadata (7.2 kB)
Collecting urllib3<3,>=1.26 (from requests->huggingface-hub==0.35.3->huggingface-hub[cli]==0.35.3)
  Using cached urllib3-2.8.0-py3-none-any.whl.metadata (7.4 kB)
Collecting certifi>=2023.5.7 (from requests->huggingface-hub==0.35.3->huggingface-hub[cli]==0.35.3)
  Using cached certifi-2026.7.22-py3-none-any.whl.metadata (2.5 kB)
Downloading huggingface_hub-0.35.3-py3-none-any.whl (564 kB)
   ━━━━━━━━━━━━━━━━━━━━━━━━━━━━━━━━━━━━━━━━ 564.3/564.3 kB 49.7 MB/s  0:00:00
Downloading InquirerPy-0.3.4-py3-none-any.whl (67 kB)
Downloading hf_xet-1.6.0-cp38-abi3-manylinux2014_x86_64.manylinux_2_17_x86_64.whl (4.5 MB)
   ━━━━━━━━━━━━━━━━━━━━━━━━━━━━━━━━━━━━━━━━ 4.5/4.5 MB 75.3 MB/s  0:00:00
Downloading pfzy-0.3.4-py3-none-any.whl (8.5 kB)
Downloading prompt_toolkit-3.0.53-py3-none-any.whl (392 kB)
Downloading fsspec-2026.9.0-py3-none-any.whl (221 kB)
Downloading packaging-26.3-py3-none-any.whl (129 kB)
Downloading pyyaml-6.0.3-cp313-cp313-manylinux2014_x86_64.manylinux_2_17_x86_64.manylinux_2_28_x86_64.whl (801 kB)
   ━━━━━━━━━━━━━━━━━━━━━━━━━━━━━━━━━━━━━━━━ 801.6/801.6 kB 59.7 MB/s  0:00:00
Using cached tqdm-4.70.1-py3-none-any.whl (80 kB)
Using cached typing_extensions-4.16.0-py3-none-any.whl (45 kB)
Downloading wcwidth-0.9.1-cp310-abi3-manylinux2014_x86_64.manylinux_2_17_x86_64.whl (768 kB)
   ━━━━━━━━━━━━━━━━━━━━━━━━━━━━━━━━━━━━━━━━ 768.4/768.4 kB 54.2 MB/s  0:00:00
Downloading filelock-4.0.4-py3-none-any.whl (108 kB)
Using cached requests-2.34.2-py3-none-any.whl (73 kB)
Using cached charset_normalizer-3.5.1-cp313-cp313-manylinux2014_x86_64.manylinux_2_17_x86_64.manylinux_2_28_x86_64.whl (250 kB)
Using cached idna-3.20-py3-none-any.whl (69 kB)
Using cached urllib3-2.8.0-py3-none-any.whl (135 kB)
Using cached certifi-2026.7.22-py3-none-any.whl (136 kB)
Installing collected packages: wcwidth, urllib3, typing-extensions, tqdm, pyyaml, pfzy, packaging, idna, hf-xet, fsspec, filelock, charset_normalizer, certifi, requests, prompt-toolkit, InquirerPy, huggingface-hub

Successfully installed InquirerPy-0.3.4 certifi-2026.7.22 charset_normalizer-3.5.1 filelock-4.0.4 fsspec-2026.9.0 hf-xet-1.6.0 huggingface-hub-0.35.3 idna-3.20 packaging-26.3 pfzy-0.3.4 prompt-toolkit-3.0.53 pyyaml-6.0.3 requests-2.34.2 tqdm-4.70.1 typing-extensions-4.16.0 urllib3-2.8.0 wcwidth-0.9.1

[notice] A new release of pip is available: 26.0.1 -> 26.2.1
[notice] To update, run: /workspace/ubuntu2004_cuda12_1/projects/3dgs_relighting/PORT-GS/third_party/hf_cli_env/bin/python -m pip install --upgrade pip
