{"event": "initialized", "gpu": "NVIDIA RTX 6000 Ada Generation", "torch": "2.4.1", "source_revision": "47028ea0ff77f427aa6a016cb64e039432935a5e", "decoder_parameters": 26695, "encoder_parameters": 14342}
{"step": 1, "loss": 0.29110366106033325, "brdf_relative_l2": 0.2893238663673401, "transmission_l1": 0.3369176387786865, "reflection_l1": 0.2769297957420349, "learning_rate": 0.001, "seconds": 4.01118880789727}
{"step": 500, "loss": 0.13140471279621124, "brdf_relative_l2": 0.13341057300567627, "transmission_l1": 0.09249880164861679, "reflection_l1": 0.09647127985954285, "learning_rate": 0.000999756713603985, "seconds": 7.8238995196297765}
{"step": 1000, "loss": 0.11733237653970718, "brdf_relative_l2": 0.1196475550532341, "transmission_l1": 0.07224802672863007, "reflection_l1": 0.07772725075483322, "learning_rate": 0.0009990251435118896, "seconds": 11.634368182625622}
{"step": 1500, "loss": 0.11131341010332108, "brdf_relative_l2": 0.1142314001917839, "transmission_l1": 0.05350524187088013, "reflection_l1": 0.06533720344305038, "learning_rate": 0.0009978060107468185, "seconds": 15.426451832987368}
{"step": 2000, "loss": 0.11089625954627991, "brdf_relative_l2": 0.11394289135932922, "transmission_l1": 0.051196061074733734, "reflection_l1": 0.06026703864336014, "learning_rate": 0.000996100518493746, "seconds": 19.15284009370953}
{"step": 2500, "loss": 0.12393047660589218, "brdf_relative_l2": 0.12724566459655762, "transmission_l1": 0.05887287110090256, "reflection_l1": 0.06921777129173279, "learning_rate": 0.0009939103499349406, "seconds": 23.071143890731037}
{"step": 3000, "loss": 0.10843546688556671, "brdf_relative_l2": 0.1113346666097641, "transmission_l1": 0.052681561559438705, "reflection_l1": 0.056026704609394073, "learning_rate": 0.0009912376665888, "seconds": 26.90567958680913}
{"step": 3500, "loss": 0.10762819647789001, "brdf_relative_l2": 0.11052238941192627, "transmission_l1": 0.052362941205501556, "reflection_l1": 0.05374141037464142, "learning_rate": 0.0009880851061766095, "seconds": 30.78412804985419}
{"step": 4000, "loss": 0.14712215960025787, "brdf_relative_l2": 0.1519297957420349, "transmission_l1": 0.05181273818016052, "reflection_l1": 0.07163380086421967, "learning_rate": 0.0009844557800193236, "seconds": 34.75293832458556}
{"step": 4500, "loss": 0.12835872173309326, "brdf_relative_l2": 0.13009873032569885, "transmission_l1": 0.097052663564682, "reflection_l1": 0.08828259259462357, "learning_rate": 0.0009803532699669468, "seconds": 38.50973851978779}
{"step": 5000, "loss": 0.10896825045347214, "brdf_relative_l2": 0.11099882423877716, "transmission_l1": 0.07112354785203934, "reflection_l1": 0.06744282692670822, "learning_rate": 0.0009757816248635373, "seconds": 42.29318818775937}
{"step": 5500, "loss": 0.18738192319869995, "brdf_relative_l2": 0.1861335039138794, "transmission_l1": 0.22768524289131165, "reflection_l1": 0.1447696089744568, "learning_rate": 0.0009707453565513279, "seconds": 46.103286667726934}
{"step": 6000, "loss": 0.15881216526031494, "brdf_relative_l2": 0.15655890107154846, "transmission_l1": 0.21638262271881104, "reflection_l1": 0.1425909548997879, "learning_rate": 0.0009652494354179039, "seconds": 49.780432235915214}
{"step": 6500, "loss": 0.16440840065479279, "brdf_relative_l2": 0.16195489466190338, "transmission_l1": 0.22679403424263, "reflection_l1": 0.14794842898845673, "learning_rate": 0.0009592992854908345, "seconds": 53.56119353976101}
{"step": 7000, "loss": 0.1577727049589157, "brdf_relative_l2": 0.15548428893089294, "transmission_l1": 0.216467946767807, "reflection_l1": 0.14039185643196106, "learning_rate": 0.0009529007790845983, "seconds": 57.24513336457312}
{"step": 7500, "loss": 0.15961796045303345, "brdf_relative_l2": 0.1572929322719574, "transmission_l1": 0.21902303397655487, "reflection_l1": 0.14287707209587097, "learning_rate": 0.0009460602310050861, "seconds": 60.609624340664595}
{"step": 8000, "loss": 0.15878285467624664, "brdf_relative_l2": 0.15571878850460052, "transmission_l1": 0.23320643603801727, "reflection_l1": 0.1521756500005722, "learning_rate": 0.0009387843923174007, "seconds": 64.35206159390509}
{"step": 8500, "loss": 0.16225206851959229, "brdf_relative_l2": 0.1597389280796051, "transmission_l1": 0.225680872797966, "reflection_l1": 0.14728574454784393, "learning_rate": 0.0009310804436831044, "seconds": 68.1590982968919}
{"step": 9000, "loss": 0.13409967720508575, "brdf_relative_l2": 0.1371595859527588, "transmission_l1": 0.07634764164686203, "reflection_l1": 0.07441642880439758, "learning_rate": 0.0009229559882734887, "seconds": 72.0009250077419}
{"step": 9500, "loss": 0.14421942830085754, "brdf_relative_l2": 0.1481001377105713, "transmission_l1": 0.06996577233076096, "reflection_l1": 0.07256743311882019, "learning_rate": 0.0009144190442658632, "seconds": 75.86368310172111}
{"step": 10000, "loss": 0.11573334783315659, "brdf_relative_l2": 0.11898275464773178, "transmission_l1": 0.05284562706947327, "reflection_l1": 0.05859098583459854, "learning_rate": 0.0009054780369302653, "seconds": 79.70374648086727}
{"step": 10500, "loss": 0.09390842914581299, "brdf_relative_l2": 0.09587260335683823, "transmission_l1": 0.05699650198221207, "reflection_l1": 0.05495943874120712, "learning_rate": 0.0008961417903144038, "seconds": 83.48863874003291}
{"step": 11000, "loss": 0.0906679704785347, "brdf_relative_l2": 0.09275230020284653, "transmission_l1": 0.049604177474975586, "reflection_l1": 0.05691225826740265, "learning_rate": 0.0008864195185350405, "seconds": 87.34584023803473}
{"step": 11500, "loss": 0.10444794595241547, "brdf_relative_l2": 0.10709644854068756, "transmission_l1": 0.052100103348493576, "reflection_l1": 0.062232062220573425, "learning_rate": 0.0008763208166844057, "seconds": 91.25091837299988}
{"step": 12000, "loss": 0.1354408860206604, "brdf_relative_l2": 0.13936099410057068, "transmission_l1": 0.05878443270921707, "reflection_l1": 0.0696573257446289, "learning_rate": 0.0008658556513606224, "seconds": 95.15053492598236}
{"step": 12500, "loss": 0.10550623387098312, "brdf_relative_l2": 0.10764624178409576, "transmission_l1": 0.06434156745672226, "reflection_l1": 0.06686469167470932, "learning_rate": 0.0008550343508314825, "seconds": 98.38051957497373}
{"step": 13000, "loss": 0.10672636330127716, "brdf_relative_l2": 0.10934227705001831, "transmission_l1": 0.05661408603191376, "reflection_l1": 0.058663509786129, "learning_rate": 0.0008438675948412875, "seconds": 101.44015120202675}
{"step": 13500, "loss": 0.09363893419504166, "brdf_relative_l2": 0.09602697938680649, "transmission_l1": 0.04731769487261772, "reflection_l1": 0.05205974727869034, "learning_rate": 0.0008323664040708077, "seconds": 104.45955779077485}
{"step": 14000, "loss": 0.09116775542497635, "brdf_relative_l2": 0.09364058077335358, "transmission_l1": 0.04213808476924896, "reflection_l1": 0.05236804112792015, "learning_rate": 0.0008205421292607655, "seconds": 107.50580383883789}
{"step": 14500, "loss": 0.08120302110910416, "brdf_relative_l2": 0.083356112241745, "transmission_l1": 0.03809404373168945, "reflection_l1": 0.04909534752368927, "learning_rate": 0.0008084064400095772, "seconds": 110.45621285401285}
{"step": 15000, "loss": 0.0709037110209465, "brdf_relative_l2": 0.07269930094480515, "transmission_l1": 0.03429605811834335, "reflection_l1": 0.04675314575433731, "learning_rate": 0.0007959713132564076, "seconds": 113.444700749591}
{"step": 15500, "loss": 0.10742408037185669, "brdf_relative_l2": 0.11049532890319824, "transmission_l1": 0.04751647636294365, "reflection_l1": 0.05528610199689865, "learning_rate": 0.0007832490214609043, "seconds": 116.5763730276376}
{"step": 16000, "loss": 0.07764708250761032, "brdf_relative_l2": 0.07984340190887451, "transmission_l1": 0.03364886716008186, "reflection_l1": 0.04498923942446709, "learning_rate": 0.000770252120491277, "seconds": 119.65162518201396}
{"step": 16500, "loss": 0.0697699785232544, "brdf_relative_l2": 0.07154366374015808, "transmission_l1": 0.03396446630358696, "reflection_l1": 0.0444926843047142, "learning_rate": 0.0007569934372326756, "seconds": 122.66713321395218}
{"step": 17000, "loss": 0.08063369244337082, "brdf_relative_l2": 0.08277132362127304, "transmission_l1": 0.0387372262775898, "reflection_l1": 0.04514472186565399, "learning_rate": 0.0007434860569280979, "seconds": 125.64865559758618}
{"step": 17500, "loss": 0.13828904926776886, "brdf_relative_l2": 0.14172375202178955, "transmission_l1": 0.07232388108968735, "reflection_l1": 0.07585272192955017, "learning_rate": 0.0007297433102643168, "seconds": 128.61662370571867}
{"step": 18000, "loss": 0.3396851420402527, "brdf_relative_l2": 0.35127973556518555, "transmission_l1": 0.12561866641044617, "reflection_l1": 0.09446429461240768, "learning_rate": 0.0007157787602155764, "seconds": 131.70498900860548}
{"step": 18500, "loss": 0.12153971195220947, "brdf_relative_l2": 0.1241152286529541, "transmission_l1": 0.07282891869544983, "reflection_l1": 0.0717090591788292, "learning_rate": 0.0007016061886580388, "seconds": 134.75064264563844}
{"step": 19000, "loss": 0.09144032746553421, "brdf_relative_l2": 0.09363480657339096, "transmission_l1": 0.04838261753320694, "reflection_l1": 0.055195875465869904, "learning_rate": 0.0006872395827681911, "seconds": 137.90412736777216}
{"step": 19500, "loss": 0.0733465775847435, "brdf_relative_l2": 0.07515271008014679, "transmission_l1": 0.03675926476716995, "reflection_l1": 0.048112936317920685, "learning_rate": 0.0006726931212186398, "seconds": 141.26802122266963}
{"step": 20000, "loss": 0.07193142175674438, "brdf_relative_l2": 0.07383854687213898, "transmission_l1": 0.03360198810696602, "reflection_l1": 0.04407273977994919, "learning_rate": 0.0006579811601849129, "seconds": 145.15870724292472}
{"step": 20500, "loss": 0.11114557087421417, "brdf_relative_l2": 0.1145072728395462, "transmission_l1": 0.044784944504499435, "reflection_l1": 0.05722662806510925, "learning_rate": 0.0006431182191770811, "seconds": 148.94009524863213}
{"step": 21000, "loss": 0.12016374617815018, "brdf_relative_l2": 0.12385480105876923, "transmission_l1": 0.04863892123103142, "reflection_l1": 0.05561370775103569, "learning_rate": 0.0006281189667101809, "seconds": 152.74564125062898}
{"step": 21500, "loss": 0.12288798391819, "brdf_relative_l2": 0.1267157793045044, "transmission_l1": 0.04988453537225723, "reflection_l1": 0.05126059055328369, "learning_rate": 0.0006129982058275822, "seconds": 156.61763868667185}
{"step": 22000, "loss": 0.10517045855522156, "brdf_relative_l2": 0.10842448472976685, "transmission_l1": 0.04096200689673424, "reflection_l1": 0.05287199467420578, "learning_rate": 0.0005977708594915883, "seconds": 160.5480556478724}
{"step": 22500, "loss": 0.0692426934838295, "brdf_relative_l2": 0.0710979551076889, "transmission_l1": 0.0316510945558548, "reflection_l1": 0.04335862398147583, "learning_rate": 0.0005824519558556837, "seconds": 164.54533520992845}
{"step": 23000, "loss": 0.06678298115730286, "brdf_relative_l2": 0.06849022209644318, "transmission_l1": 0.03264361619949341, "reflection_l1": 0.041152216494083405, "learning_rate": 0.0005670566134329681, "seconds": 168.48269867384806}
{"step": 23500, "loss": 0.22014674544334412, "brdf_relative_l2": 0.22823898494243622, "transmission_l1": 0.06583256274461746, "reflection_l1": 0.06864070892333984, "learning_rate": 0.0005516000261754124, "seconds": 172.24886504700407}
{"step": 24000, "loss": 0.10447614639997482, "brdf_relative_l2": 0.10707336664199829, "transmission_l1": 0.05549722909927368, "reflection_l1": 0.05365597456693649, "learning_rate": 0.000536097448478663, "seconds": 175.67784458957613}
{"step": 24500, "loss": 0.09178826212882996, "brdf_relative_l2": 0.09445025771856308, "transmission_l1": 0.03974991664290428, "reflection_l1": 0.04705185815691948, "learning_rate": 0.0005205641801271927, "seconds": 178.4368896665983}
{"step": 25000, "loss": 0.0822390466928482, "brdf_relative_l2": 0.08456943929195404, "transmission_l1": 0.03630760684609413, "reflection_l1": 0.04457719624042511, "learning_rate": 0.0005050155511946567, "seconds": 181.22357266163453}
{"step": 25500, "loss": 0.08098042011260986, "brdf_relative_l2": 0.083402618765831, "transmission_l1": 0.03271542489528656, "reflection_l1": 0.04393190145492554, "learning_rate": 0.0004894669069143551, "seconds": 183.95636137994006}
{"step": 26000, "loss": 0.0780201181769371, "brdf_relative_l2": 0.08035451173782349, "transmission_l1": 0.03129909932613373, "reflection_l1": 0.043136946856975555, "learning_rate": 0.00047393359253473553, "seconds": 186.68685873784125}
{"step": 26500, "loss": 0.07270506024360657, "brdf_relative_l2": 0.07483543455600739, "transmission_l1": 0.029230475425720215, "reflection_l1": 0.044217344373464584, "learning_rate": 0.0004584309381748788, "seconds": 189.4414317687042}
{"step": 27000, "loss": 0.0651010200381279, "brdf_relative_l2": 0.06692878901958466, "transmission_l1": 0.027877215296030045, "reflection_l1": 0.04035797715187073, "learning_rate": 0.0004429742436949183, "seconds": 192.29555919393897}
{"step": 27500, "loss": 0.070961594581604, "brdf_relative_l2": 0.07309236377477646, "transmission_l1": 0.02755783498287201, "reflection_l1": 0.04215415194630623, "learning_rate": 0.0004275787635963198, "seconds": 195.13601782964543}
{"step": 28000, "loss": 0.06580940634012222, "brdf_relative_l2": 0.06768791377544403, "transmission_l1": 0.027611544355750084, "reflection_l1": 0.04014318436384201, "learning_rate": 0.00041225969196692955, "seconds": 197.8888068976812}
{"step": 28500, "loss": 0.14182281494140625, "brdf_relative_l2": 0.14584684371948242, "transmission_l1": 0.06305328011512756, "reflection_l1": 0.07461954653263092, "learning_rate": 0.0003970321474856432, "seconds": 201.14296921296045}
{"step": 29000, "loss": 0.12576812505722046, "brdf_relative_l2": 0.12984688580036163, "transmission_l1": 0.04422955960035324, "reflection_l1": 0.06443968415260315, "learning_rate": 0.0003819111585014982, "seconds": 204.10804697079584}
{"step": 29500, "loss": 0.10713780671358109, "brdf_relative_l2": 0.11078357696533203, "transmission_l1": 0.03326768800616264, "reflection_l1": 0.05626952648162842, "learning_rate": 0.0003669116482019156, "seconds": 207.0534769105725}
{"step": 30000, "loss": 0.10386129468679428, "brdf_relative_l2": 0.10750659555196762, "transmission_l1": 0.029783882200717926, "reflection_l1": 0.053867533802986145, "learning_rate": 0.0003520484198847251, "seconds": 210.90109586482868}
{"step": 30500, "loss": 0.09969808906316757, "brdf_relative_l2": 0.10316254198551178, "transmission_l1": 0.030140161514282227, "reflection_l1": 0.04880668967962265, "learning_rate": 0.00033733614234851485, "seconds": 214.64463454578072}
{"step": 31000, "loss": 0.09440317749977112, "brdf_relative_l2": 0.09768851846456528, "transmission_l1": 0.028372686356306076, "reflection_l1": 0.04641793668270111, "learning_rate": 0.0003227893354157173, "seconds": 218.4187766178511}
{"step": 31500, "loss": 0.12334723025560379, "brdf_relative_l2": 0.12776443362236023, "transmission_l1": 0.0356975756585598, "reflection_l1": 0.05431179702281952, "learning_rate": 0.0003084223556027254, "seconds": 222.20650749560446}
{"step": 32000, "loss": 0.09035353362560272, "brdf_relative_l2": 0.09343834966421127, "transmission_l1": 0.028264179825782776, "reflection_l1": 0.045653291046619415, "learning_rate": 0.0002942493819511779, "seconds": 226.04616531077772}
{"step": 32500, "loss": 0.08450079709291458, "brdf_relative_l2": 0.0873466357588768, "transmission_l1": 0.02748093567788601, "reflection_l1": 0.042225468903779984, "learning_rate": 0.00028028440203439585, "seconds": 229.87844528770074}
{"step": 33000, "loss": 0.10351885855197906, "brdf_relative_l2": 0.10695217549800873, "transmission_l1": 0.03555472195148468, "reflection_l1": 0.049210138618946075, "learning_rate": 0.00026654119815278587, "seconds": 233.69637491181493}
{"step": 33500, "loss": 0.08189846575260162, "brdf_relative_l2": 0.08454173803329468, "transmission_l1": 0.0289323553442955, "reflection_l1": 0.042652420699596405, "learning_rate": 0.00025303333373182923, "seconds": 237.47672308189794}
{"step": 34000, "loss": 0.09916076064109802, "brdf_relative_l2": 0.1025492250919342, "transmission_l1": 0.03211219981312752, "reflection_l1": 0.045450497418642044, "learning_rate": 0.00023977413993608228, "seconds": 241.33009220659733}
{"step": 34500, "loss": 0.07718357443809509, "brdf_relative_l2": 0.07969717681407928, "transmission_l1": 0.02682853862643242, "reflection_l1": 0.03981160372495651, "learning_rate": 0.0002267767025124015, "seconds": 245.18448728788644}
{"step": 35000, "loss": 0.12567178905010223, "brdf_relative_l2": 0.13022887706756592, "transmission_l1": 0.03660430759191513, "reflection_l1": 0.049018748104572296, "learning_rate": 0.00021405384887537355, "seconds": 249.11343819694594}
{"step": 35500, "loss": 0.08618500083684921, "brdf_relative_l2": 0.08888383954763412, "transmission_l1": 0.03296031802892685, "reflection_l1": 0.04269419610500336, "learning_rate": 0.0002016181354476997, "seconds": 252.93878719164059}
{"step": 36000, "loss": 0.07555339485406876, "brdf_relative_l2": 0.07790964096784592, "transmission_l1": 0.028795739635825157, "reflection_l1": 0.03874042630195618, "learning_rate": 0.0001894818352680279, "seconds": 256.7412759559229}
{"step": 36500, "loss": 0.07115136086940765, "brdf_relative_l2": 0.07324129343032837, "transmission_l1": 0.02934923768043518, "reflection_l1": 0.03981553763151169, "learning_rate": 0.0001776569258784593, "seconds": 260.6357094380073}
{"step": 37000, "loss": 0.07656554132699966, "brdf_relative_l2": 0.07894248515367508, "transmission_l1": 0.029002327471971512, "reflection_l1": 0.0410088375210762, "learning_rate": 0.00016615507750368912, "seconds": 264.4620449668728}
{"step": 37500, "loss": 0.06794922053813934, "brdf_relative_l2": 0.06996311247348785, "transmission_l1": 0.027317386120557785, "reflection_l1": 0.03915733844041824, "learning_rate": 0.00015498764153344175, "seconds": 268.2775966376066}
{"step": 38000, "loss": 0.06773241609334946, "brdf_relative_l2": 0.06969892978668213, "transmission_l1": 0.028115425258874893, "reflection_l1": 0.039381787180900574, "learning_rate": 0.00014416563931957238, "seconds": 272.1700473409146}
{"step": 38500, "loss": 0.09251855313777924, "brdf_relative_l2": 0.09549930691719055, "transmission_l1": 0.0337747298181057, "reflection_l1": 0.04432220384478569, "learning_rate": 0.00013369975129888794, "seconds": 276.03794808359817}
{"step": 39000, "loss": 0.07092927396297455, "brdf_relative_l2": 0.07303366810083389, "transmission_l1": 0.02878151461482048, "reflection_l1": 0.03960277512669563, "learning_rate": 0.00012360030645242398, "seconds": 279.88944062264636}
{"step": 39500, "loss": 0.06619057804346085, "brdf_relative_l2": 0.06804031133651733, "transmission_l1": 0.028934737667441368, "reflection_l1": 0.03948974609375, "learning_rate": 0.00011387727211157982, "seconds": 283.66058207070455}
{"step": 40000, "loss": 0.06221940368413925, "brdf_relative_l2": 0.06387199461460114, "transmission_l1": 0.028797393664717674, "reflection_l1": 0.038911473006010056, "learning_rate": 0.0001045402441211721, "seconds": 287.5144198415801}
{"step": 40500, "loss": 0.06282179057598114, "brdf_relative_l2": 0.06455346941947937, "transmission_l1": 0.027803514152765274, "reflection_l1": 0.038385115563869476, "learning_rate": 9.559843736911556e-05, "seconds": 291.3750852015801}
{"step": 41000, "loss": 0.06122249364852905, "brdf_relative_l2": 0.0629105493426323, "transmission_l1": 0.027347123250365257, "reflection_l1": 0.03635865077376366, "learning_rate": 8.706067669207834e-05, "seconds": 295.25973075069487}
{"step": 41500, "loss": 0.061055976897478104, "brdf_relative_l2": 0.06267490983009338, "transmission_l1": 0.02796856127679348, "reflection_l1": 0.039607346057891846, "learning_rate": 7.893538816608406e-05, "seconds": 299.19134118501097}
{"step": 42000, "loss": 0.061666637659072876, "brdf_relative_l2": 0.06325633823871613, "transmission_l1": 0.029825445264577866, "reflection_l1": 0.03801000863313675, "learning_rate": 7.123059079066026e-05, "seconds": 302.984250202775}
{"step": 42500, "loss": 0.0602351650595665, "brdf_relative_l2": 0.06181059405207634, "transmission_l1": 0.02858950011432171, "reflection_l1": 0.03715217113494873, "learning_rate": 6.395388857473754e-05, "seconds": 306.8063864149153}
{"step": 43000, "loss": 0.05905265733599663, "brdf_relative_l2": 0.060529276728630066, "transmission_l1": 0.029030196368694305, "reflection_l1": 0.03886384516954422, "learning_rate": 5.7112463032109906e-05, "seconds": 310.61854662792757}
{"step": 43500, "loss": 0.06113246828317642, "brdf_relative_l2": 0.06272684037685394, "transmission_l1": 0.02851286344230175, "reflection_l1": 0.04014545679092407, "learning_rate": 5.071306609386513e-05, "seconds": 314.5136302825995}
{"step": 44000, "loss": 0.06137855723500252, "brdf_relative_l2": 0.06304129213094711, "transmission_l1": 0.027602702379226685, "reflection_l1": 0.03852220997214317, "learning_rate": 4.476201344477678e-05, "seconds": 318.4112630765885}
{"step": 44500, "loss": 0.055521637201309204, "brdf_relative_l2": 0.05688350647687912, "transmission_l1": 0.027516085654497147, "reflection_l1": 0.03816618025302887, "learning_rate": 3.926517829023663e-05, "seconds": 322.2581324437633}
{"step": 45000, "loss": 0.06279438734054565, "brdf_relative_l2": 0.06450629979372025, "transmission_l1": 0.028591420501470566, "reflection_l1": 0.03697426617145538, "learning_rate": 3.422798555987854e-05, "seconds": 326.0787910236977}
{"step": 45500, "loss": 0.05903853103518486, "brdf_relative_l2": 0.06055564805865288, "transmission_l1": 0.02811138890683651, "reflection_l1": 0.03862082585692406, "learning_rate": 2.965540655361334e-05, "seconds": 329.9502486526035}
{"step": 46000, "loss": 0.05339980125427246, "brdf_relative_l2": 0.05468323826789856, "transmission_l1": 0.027012869715690613, "reflection_l1": 0.037021346390247345, "learning_rate": 2.5551954035360023e-05, "seconds": 333.7676127469167}
{"step": 46500, "loss": 0.05979716405272484, "brdf_relative_l2": 0.061381787061691284, "transmission_l1": 0.027826674282550812, "reflection_l1": 0.03714016079902649, "learning_rate": 2.1921677779314138e-05, "seconds": 337.5969764916226}
{"step": 47000, "loss": 0.058355167508125305, "brdf_relative_l2": 0.05979900807142258, "transmission_l1": 0.029023755341768265, "reflection_l1": 0.03851623833179474, "learning_rate": 1.8768160573150297e-05, "seconds": 341.26018440164626}
{"step": 47500, "loss": 0.05582280457019806, "brdf_relative_l2": 0.05715949460864067, "transmission_l1": 0.028779154643416405, "reflection_l1": 0.03701169416308403, "learning_rate": 1.60945146821013e-05, "seconds": 345.09277979983017}
{"step": 48000, "loss": 0.05687367543578148, "brdf_relative_l2": 0.05826174467802048, "transmission_l1": 0.028753837570548058, "reflection_l1": 0.03748633712530136, "learning_rate": 1.3903378777405592e-05, "seconds": 348.8693531267345}
{"step": 48500, "loss": 0.06401543319225311, "brdf_relative_l2": 0.06578882038593292, "transmission_l1": 0.028316903859376907, "reflection_l1": 0.038337342441082, "learning_rate": 1.2196915332152862e-05, "seconds": 352.5079401056282}
{"step": 49000, "loss": 0.05585841089487076, "brdf_relative_l2": 0.05722306668758392, "transmission_l1": 0.028089221566915512, "reflection_l1": 0.03729269653558731, "learning_rate": 1.0976808487099363e-05, "seconds": 356.28727834858}
{"step": 49500, "loss": 0.05925866588950157, "brdf_relative_l2": 0.060805343091487885, "transmission_l1": 0.027640467509627342, "reflection_l1": 0.038797490298748016, "learning_rate": 1.0244262388557117e-05, "seconds": 360.0556558598764}
{"step": 50000, "loss": 0.05940892547369003, "brdf_relative_l2": 0.060954026877880096, "transmission_l1": 0.02831409126520157, "reflection_l1": 0.03700369969010353, "learning_rate": 1e-05, "seconds": 363.5748084275983}
{"event": "complete", "output": "/workspace/ubuntu2004_cuda12_1/projects/3dgs_relighting/PORT-GS/runs/neural_material_prior", "validation": {"count": 32768, "relative_brdf_l2": 0.06200089305639267, "log1p_brdf_rmse": 0.31674665212631226, "transmission_mae": 0.027582069858908653, "reflection_mae": 0.03712082654237747}}
