Fetching 20 files:   0%|          | 0/20 [00:00<?, ?it/s]Downloading 'controlnet/config.json' to 'third_party/weights/stable-normal-v0-1/.cache/huggingface/download/controlnet/8_PA_wEVGiVa2goH2H4KQOQpvVY=.361d09b0eeb74166ac372cb11e058c80bf253f20.incomplete'
Downloading 'controlnet/controlnetvae.py' to 'third_party/weights/stable-normal-v0-1/.cache/huggingface/download/controlnet/6e4JoczxNSCFX-1sN6M35lLySjI=.cc1c5200556abbd7a030fe0e76060643095c6748.incomplete'
Download complete. Moving file to third_party/weights/stable-normal-v0-1/controlnet/config.json
Download complete. Moving file to third_party/weights/stable-normal-v0-1/controlnet/controlnetvae.py
Downloading '.gitattributes' to 'third_party/weights/stable-normal-v0-1/.cache/huggingface/download/wPaCkH-WbT7GsmxMKKrNZTV4nSM=.f6b1f326ca4ab7cf0c8798856f8fe0020ff82d58.incomplete'
Downloading 'controlnet/diffusion_pytorch_model.fp16.safetensors' to 'third_party/weights/stable-normal-v0-1/.cache/huggingface/download/controlnet/ubm5m3bnxno3jFS723tbWO9jMbk=.ac412aa024ffbb0b1cbba7e935cbf8cd0eec59dc7f80ed6f1dfacebe669fb19d.incomplete'
Downloading 'dino_controlnet/config.json' to 'third_party/weights/stable-normal-v0-1/.cache/huggingface/download/dino_controlnet/8_PA_wEVGiVa2goH2H4KQOQpvVY=.8f092b64f8aa42435b7c04ba675b4ec8ca5d8c92.incomplete'
Download complete. Moving file to third_party/weights/stable-normal-v0-1/dino_controlnet/config.json
Download complete. Moving file to third_party/weights/stable-normal-v0-1/.gitattributes
Fetching 20 files:  20%|██        | 4/20 [00:00<00:01,  8.23it/s]Downloading 'README.md' to 'third_party/weights/stable-normal-v0-1/.cache/huggingface/download/Xn7B-BWUGOee2Y6hCZtEhtFu4BE=.d4626337514b81e542ced49f3bc67295c40e6ad5.incomplete'
Downloading 'dino_controlnet/diffusion_pytorch_model.fp16.safetensors' to 'third_party/weights/stable-normal-v0-1/.cache/huggingface/download/dino_controlnet/ubm5m3bnxno3jFS723tbWO9jMbk=.97a89293403c71b33376a941b98fdb8be5c3cb42ad3b6ce0f34c0fb74a3b0a42.incomplete'
Download complete. Moving file to third_party/weights/stable-normal-v0-1/README.md
Downloading 'dino_controlnet/dino_controlnetvae.py' to 'third_party/weights/stable-normal-v0-1/.cache/huggingface/download/dino_controlnet/YmfGvw31DYrzGhin3DFg1iqcd60=.c8cce543d4649035e54b6c336c4d50e39a46e983.incomplete'
Download complete. Moving file to third_party/weights/stable-normal-v0-1/dino_controlnet/dino_controlnetvae.py
Downloading 'model_index.json' to 'third_party/weights/stable-normal-v0-1/.cache/huggingface/download/GdzJ-MSUxwmuXEKVy-ZpuQNVts8=.39592e42387cd8a46789e2b539e58b93950b154e.incomplete'
Downloading 'scheduler/scheduler_config.json' to 'third_party/weights/stable-normal-v0-1/.cache/huggingface/download/scheduler/fTz7LIZoAjB8tJc4nUjBC8WhuvU=.7ab7beb1bbfbf5d8eb0814b5fc8e5aac528c7179.incomplete'
Download complete. Moving file to third_party/weights/stable-normal-v0-1/model_index.json
Download complete. Moving file to third_party/weights/stable-normal-v0-1/scheduler/scheduler_config.json
Fetching 20 files:  40%|████      | 8/20 [00:01<00:01,  7.65it/s]Downloading 'text_encoder/config.json' to 'third_party/weights/stable-normal-v0-1/.cache/huggingface/download/text_encoder/8_PA_wEVGiVa2goH2H4KQOQpvVY=.6e040e3d7f36e8c7c5048e7faeb9adfc757fffac.incomplete'
Downloading 'text_encoder/model.fp16.safetensors' to 'third_party/weights/stable-normal-v0-1/.cache/huggingface/download/text_encoder/lfMPmZgGzWzGO2RkvfCHsLAIMUk=.bc1827c465450322616f06dea41596eac7d493f4e95904dcb51f0fc745c4e13f.incomplete'
Download complete. Moving file to third_party/weights/stable-normal-v0-1/text_encoder/config.json
Downloading 'tokenizer/merges.txt' to 'third_party/weights/stable-normal-v0-1/.cache/huggingface/download/tokenizer/PtHk0z_I45atnj23IIRhTExwT3w=.76e821f1b6f0a9709293c3b6b51ed90980b3166b.incomplete'
Download complete. Moving file to third_party/weights/stable-normal-v0-1/tokenizer/merges.txt
Downloading 'tokenizer/special_tokens_map.json' to 'third_party/weights/stable-normal-v0-1/.cache/huggingface/download/tokenizer/ahkChHUJFxEmOdq5GDFEmerRzCY=.eaf8780e3c90b1af01a8574bf8596a9acebe6858.incomplete'
Download complete. Moving file to third_party/weights/stable-normal-v0-1/tokenizer/special_tokens_map.json
Downloading 'tokenizer/tokenizer_config.json' to 'third_party/weights/stable-normal-v0-1/.cache/huggingface/download/tokenizer/vzaExXFZNBay89bvlQv-ZcI6BTg=.bd2abe19377557ff5771584921f9b65fa041fef0.incomplete'
Download complete. Moving file to third_party/weights/stable-normal-v0-1/tokenizer/tokenizer_config.json
Fetching 20 files:  60%|██████    | 12/20 [00:02<00:01,  5.04it/s]Downloading 'tokenizer/vocab.json' to 'third_party/weights/stable-normal-v0-1/.cache/huggingface/download/tokenizer/j3m-Hy6QvBddw8RXA1uSWl1AJ0c=.469be27c5c010538f845f518c4f5e8574c78f7c8.incomplete'
Download complete. Moving file to third_party/weights/stable-normal-v0-1/tokenizer/vocab.json
Downloading 'unet/config.json' to 'third_party/weights/stable-normal-v0-1/.cache/huggingface/download/unet/8_PA_wEVGiVa2goH2H4KQOQpvVY=.261ee67f9ffd7668bcde02c18a7b5481e1c8edc3.incomplete'
Download complete. Moving file to third_party/weights/stable-normal-v0-1/unet/config.json
Downloading 'unet/diffusion_pytorch_model.fp16.safetensors' to 'third_party/weights/stable-normal-v0-1/.cache/huggingface/download/unet/ubm5m3bnxno3jFS723tbWO9jMbk=.6138d8250972d1e5b8a13ea8490bba91400ed13c765f41ba07bd639f496a9787.incomplete'
Fetching 20 files:  70%|███████   | 14/20 [00:20<00:08,  1.43s/it]Download complete. Moving file to third_party/weights/stable-normal-v0-1/text_encoder/model.fp16.safetensors
Fetching 20 files:  75%|███████▌  | 15/20 [01:05<00:21,  4.40s/it]Downloading 'vae/config.json' to 'third_party/weights/stable-normal-v0-1/.cache/huggingface/download/vae/8_PA_wEVGiVa2goH2H4KQOQpvVY=.12554bdafbe287bd47d806e121bc239ba8e4822c.incomplete'
Download complete. Moving file to third_party/weights/stable-normal-v0-1/vae/config.json
Fetching 20 files:  80%|████████  | 16/20 [01:06<00:16,  4.15s/it]Downloading 'vae/diffusion_pytorch_model.fp16.safetensors' to 'third_party/weights/stable-normal-v0-1/.cache/huggingface/download/vae/ubm5m3bnxno3jFS723tbWO9jMbk=.3e4c08995484ee61270175e9e7a072b66a6e4eeb5f0c266667fe1f45b90daf9a.incomplete'
Download complete. Moving file to third_party/weights/stable-normal-v0-1/dino_controlnet/diffusion_pytorch_model.fp16.safetensors
Fetching 20 files:  85%|████████▌ | 17/20 [01:13<00:13,  4.34s/it]Download complete. Moving file to third_party/weights/stable-normal-v0-1/controlnet/diffusion_pytorch_model.fp16.safetensors
Fetching 20 files:  90%|█████████ | 18/20 [01:18<00:08,  4.36s/it]Download complete. Moving file to third_party/weights/stable-normal-v0-1/vae/diffusion_pytorch_model.fp16.safetensors
Fetching 20 files:  95%|█████████▌| 19/20 [01:19<00:04,  4.17s/it]Download complete. Moving file to third_party/weights/stable-normal-v0-1/unet/diffusion_pytorch_model.fp16.safetensors
Fetching 20 files: 100%|██████████| 20/20 [01:27<00:00,  4.40s/it]Fetching 20 files: 100%|██████████| 20/20 [01:27<00:00,  4.40s/it]
/workspace/ubuntu2004_cuda12_1/projects/3dgs_relighting/PORT-GS/third_party/weights/stable-normal-v0-1
