Fetching 18 files:   0%|          | 0/18 [00:00<?, ?it/s]Downloading 'controlnet/config.json' to 'third_party/weights/yoso-normal-v0-3/.cache/huggingface/download/controlnet/8_PA_wEVGiVa2goH2H4KQOQpvVY=.b33eb255e1eae91e4fac1bfd1bb9e2db25aa106a.incomplete'
Download complete. Moving file to third_party/weights/yoso-normal-v0-3/controlnet/config.json
Downloading 'controlnet/controlnet_controlnetvae.py' to 'third_party/weights/yoso-normal-v0-3/.cache/huggingface/download/controlnet/rkMcjXEOfpaONCecKzMGucIQaqM=.cc1c5200556abbd7a030fe0e76060643095c6748.incomplete'
Download complete. Moving file to third_party/weights/yoso-normal-v0-3/controlnet/controlnet_controlnetvae.py
Downloading '.gitattributes' to 'third_party/weights/yoso-normal-v0-3/.cache/huggingface/download/wPaCkH-WbT7GsmxMKKrNZTV4nSM=.a6344aac8c09253b3b630fb776ae94478aa0275b.incomplete'
Download complete. Moving file to third_party/weights/yoso-normal-v0-3/.gitattributes
Downloading 'README.md' to 'third_party/weights/yoso-normal-v0-3/.cache/huggingface/download/Xn7B-BWUGOee2Y6hCZtEhtFu4BE=.a407a9571db1e20bc71b604af7f7f03d7cc573d3.incomplete'
Downloading 'controlnet/controlnetvae.py' to 'third_party/weights/yoso-normal-v0-3/.cache/huggingface/download/controlnet/6e4JoczxNSCFX-1sN6M35lLySjI=.cc1c5200556abbd7a030fe0e76060643095c6748.incomplete'
Download complete. Moving file to third_party/weights/yoso-normal-v0-3/README.md
Fetching 18 files:  22%|██▏       | 4/18 [00:00<00:01,  9.76it/s]Download complete. Moving file to third_party/weights/yoso-normal-v0-3/controlnet/controlnetvae.py
Downloading 'model_index.json' to 'third_party/weights/yoso-normal-v0-3/.cache/huggingface/download/GdzJ-MSUxwmuXEKVy-ZpuQNVts8=.91b3bae1cab988dc90e78dca41ceb4efa9fd75e1.incomplete'
Download complete. Moving file to third_party/weights/yoso-normal-v0-3/model_index.json
Downloading 'controlnet/diffusion_pytorch_model.fp16.safetensors' to 'third_party/weights/yoso-normal-v0-3/.cache/huggingface/download/controlnet/ubm5m3bnxno3jFS723tbWO9jMbk=.d54aabc094e33ae8748429b3c4a7c88dccb7cd1decd20b36d964c0d3f1fd1deb.incomplete'
Downloading 'scheduler/scheduler_config.json' to 'third_party/weights/yoso-normal-v0-3/.cache/huggingface/download/scheduler/fTz7LIZoAjB8tJc4nUjBC8WhuvU=.bbcdf6f22e954d23a4087337b5ce1ff9db49fb88.incomplete'
Downloading 'text_encoder/config.json' to 'third_party/weights/yoso-normal-v0-3/.cache/huggingface/download/text_encoder/8_PA_wEVGiVa2goH2H4KQOQpvVY=.910288560daeb7cf9f444e6be610c1f4054b923f.incomplete'
Download complete. Moving file to third_party/weights/yoso-normal-v0-3/scheduler/scheduler_config.json
Download complete. Moving file to third_party/weights/yoso-normal-v0-3/text_encoder/config.json
Fetching 18 files:  44%|████▍     | 8/18 [00:00<00:00, 13.12it/s]Downloading 'text_encoder/model.fp16.safetensors' to 'third_party/weights/yoso-normal-v0-3/.cache/huggingface/download/text_encoder/lfMPmZgGzWzGO2RkvfCHsLAIMUk=.bc1827c465450322616f06dea41596eac7d493f4e95904dcb51f0fc745c4e13f.incomplete'
Downloading 'tokenizer/merges.txt' to 'third_party/weights/yoso-normal-v0-3/.cache/huggingface/download/tokenizer/PtHk0z_I45atnj23IIRhTExwT3w=.76e821f1b6f0a9709293c3b6b51ed90980b3166b.incomplete'
Downloading 'tokenizer/special_tokens_map.json' to 'third_party/weights/yoso-normal-v0-3/.cache/huggingface/download/tokenizer/ahkChHUJFxEmOdq5GDFEmerRzCY=.ae0c5be6f35217e51c4c000fd325d8de0294e99c.incomplete'
Download complete. Moving file to third_party/weights/yoso-normal-v0-3/tokenizer/special_tokens_map.json
Download complete. Moving file to third_party/weights/yoso-normal-v0-3/tokenizer/merges.txt
Downloading 'tokenizer/tokenizer_config.json' to 'third_party/weights/yoso-normal-v0-3/.cache/huggingface/download/tokenizer/vzaExXFZNBay89bvlQv-ZcI6BTg=.bd2abe19377557ff5771584921f9b65fa041fef0.incomplete'
Downloading 'tokenizer/vocab.json' to 'third_party/weights/yoso-normal-v0-3/.cache/huggingface/download/tokenizer/j3m-Hy6QvBddw8RXA1uSWl1AJ0c=.469be27c5c010538f845f518c4f5e8574c78f7c8.incomplete'
Download complete. Moving file to third_party/weights/yoso-normal-v0-3/tokenizer/tokenizer_config.json
Download complete. Moving file to third_party/weights/yoso-normal-v0-3/tokenizer/vocab.json
Fetching 18 files:  67%|██████▋   | 12/18 [00:01<00:00, 11.74it/s]Downloading 'unet/config.json' to 'third_party/weights/yoso-normal-v0-3/.cache/huggingface/download/unet/8_PA_wEVGiVa2goH2H4KQOQpvVY=.9a5852a464e0fe9d15d16fe07685cf4c3118acb8.incomplete'
Download complete. Moving file to third_party/weights/yoso-normal-v0-3/unet/config.json
Downloading 'unet/diffusion_pytorch_model.fp16.safetensors' to 'third_party/weights/yoso-normal-v0-3/.cache/huggingface/download/unet/ubm5m3bnxno3jFS723tbWO9jMbk=.b966130575b75c6eadbef009780aeb09ea970075e8f186ce389d9d5b44deca80.incomplete'
Downloading 'vae/config.json' to 'third_party/weights/yoso-normal-v0-3/.cache/huggingface/download/vae/8_PA_wEVGiVa2goH2H4KQOQpvVY=.cc6a52a22ffbd27ec1637023e4e1615f2b59e2ba.incomplete'
Download complete. Moving file to third_party/weights/yoso-normal-v0-3/vae/config.json
Downloading 'vae/diffusion_pytorch_model.fp16.safetensors' to 'third_party/weights/yoso-normal-v0-3/.cache/huggingface/download/vae/ubm5m3bnxno3jFS723tbWO9jMbk=.3e4c08995484ee61270175e9e7a072b66a6e4eeb5f0c266667fe1f45b90daf9a.incomplete'
Fetching 18 files:  78%|███████▊  | 14/18 [00:20<00:05,  1.43s/it]Download complete. Moving file to third_party/weights/yoso-normal-v0-3/text_encoder/model.fp16.safetensors
Fetching 18 files:  83%|████████▎ | 15/18 [00:20<00:04,  1.36s/it]Download complete. Moving file to third_party/weights/yoso-normal-v0-3/vae/diffusion_pytorch_model.fp16.safetensors
Fetching 18 files:  89%|████████▉ | 16/18 [01:01<00:07,  3.85s/it]Download complete. Moving file to third_party/weights/yoso-normal-v0-3/controlnet/diffusion_pytorch_model.fp16.safetensors
Fetching 18 files:  94%|█████████▍| 17/18 [01:17<00:04,  4.58s/it]Download complete. Moving file to third_party/weights/yoso-normal-v0-3/unet/diffusion_pytorch_model.fp16.safetensors
Fetching 18 files: 100%|██████████| 18/18 [01:25<00:00,  4.76s/it]Fetching 18 files: 100%|██████████| 18/18 [01:25<00:00,  4.76s/it]
/workspace/ubuntu2004_cuda12_1/projects/3dgs_relighting/PORT-GS/third_party/weights/yoso-normal-v0-3
