/workspace/ubuntu2004_cuda12_1/projects/3dgs_relighting/PORT-GS/third_party/stablenormal_env/lib/python3.10/site-packages/transformers/utils/generic.py:441: FutureWarning: `torch.utils._pytree._register_pytree_node` is deprecated. Please use `torch.utils._pytree.register_pytree_node` instead.
  _torch_pytree._register_pytree_node(
/workspace/ubuntu2004_cuda12_1/projects/3dgs_relighting/PORT-GS/third_party/stablenormal_env/lib/python3.10/site-packages/transformers/utils/generic.py:309: FutureWarning: `torch.utils._pytree._register_pytree_node` is deprecated. Please use `torch.utils._pytree.register_pytree_node` instead.
  _torch_pytree._register_pytree_node(
/workspace/ubuntu2004_cuda12_1/projects/3dgs_relighting/PORT-GS/third_party/stablenormal_env/lib/python3.10/site-packages/transformers/utils/generic.py:309: FutureWarning: `torch.utils._pytree._register_pytree_node` is deprecated. Please use `torch.utils._pytree.register_pytree_node` instead.
  _torch_pytree._register_pytree_node(
Keyword arguments {'trust_remote_code': True} are not expected by YOSONormalsPipeline and will be ignored.
Loading pipeline components...:   0%|          | 0/6 [00:00<?, ?it/s]The config attributes {'shift_factor': None, 'use_post_quant_conv': True, 'use_quant_conv': True} were passed to AutoencoderKL, but are not expected and will be ignored. Please verify your config.json configuration file.
Loading pipeline components...:  33%|███▎      | 2/6 [00:00<00:00, 11.84it/s]Loading pipeline components...:  67%|██████▋   | 4/6 [00:00<00:00, 13.37it/s]Loading pipeline components...: 100%|██████████| 6/6 [00:00<00:00, 16.61it/s]
You have disabled the safety checker for <class 'stablenormal.pipeline_yoso_normal.YOSONormalsPipeline'> by passing `safety_checker=None`. Ensure that you abide to the conditions of the Stable Diffusion license and do not expose unfiltered results in services or applications open to the public. Both the diffusers team and Hugging Face strongly recommend to keep the safety filter enabled in all public facing circumstances, disabling it only for use-cases that involve analyzing network behavior or auditing its results. For more information, please have a look at https://github.com/huggingface/diffusers/pull/254 .
Keyword arguments {'trust_remote_code': True} are not expected by StableNormalPipeline and will be ignored.
Loading pipeline components...:   0%|          | 0/6 [00:00<?, ?it/s]Loading pipeline components...:  33%|███▎      | 2/6 [00:00<00:00, 11.53it/s]Loading pipeline components...:  83%|████████▎ | 5/6 [00:00<00:00, 14.21it/s]Loading pipeline components...: 100%|██████████| 6/6 [00:00<00:00, 14.60it/s]
You have disabled the safety checker for <class 'stablenormal.pipeline_stablenormal.StableNormalPipeline'> by passing `safety_checker=None`. Ensure that you abide to the conditions of the Stable Diffusion license and do not expose unfiltered results in services or applications open to the public. Both the diffusers team and Hugging Face strongly recommend to keep the safety filter enabled in all public facing circumstances, disabling it only for use-cases that involve analyzing network behavior or auditing its results. For more information, please have a look at https://github.com/huggingface/diffusers/pull/254 .
Using cache found in /workspace/ubuntu2004_cuda12_1/projects/3dgs_relighting/PORT-GS/third_party/torch_cache/hub/facebookresearch_dinov2_main
/workspace/ubuntu2004_cuda12_1/projects/3dgs_relighting/PORT-GS/third_party/torch_cache/hub/facebookresearch_dinov2_main/dinov2/layers/swiglu_ffn.py:51: UserWarning: xFormers is not available (SwiGLU)
  warnings.warn("xFormers is not available (SwiGLU)")
/workspace/ubuntu2004_cuda12_1/projects/3dgs_relighting/PORT-GS/third_party/torch_cache/hub/facebookresearch_dinov2_main/dinov2/layers/attention.py:33: UserWarning: xFormers is not available (Attention)
  warnings.warn("xFormers is not available (Attention)")
/workspace/ubuntu2004_cuda12_1/projects/3dgs_relighting/PORT-GS/third_party/torch_cache/hub/facebookresearch_dinov2_main/dinov2/layers/block.py:40: UserWarning: xFormers is not available (Block)
  warnings.warn("xFormers is not available (Block)")
Diffusion steps...: 0it [00:00, ?it/s]Diffusion steps...: 3it [00:00, 26.58it/s]Diffusion steps...: 6it [00:00, 27.81it/s]Diffusion steps...: 10it [00:00, 29.19it/s]                                           {"test": "Analytic convex sphere, OpenCV rays; global axis convention diagnostic only, not a measured prior accuracy on Cat/Pixiu", "transforms": [{"signs": [-1.0, -1.0, -1.0], "mean_deg": 13.200810432434082, "median_deg": 12.694961547851562}, {"signs": [1.0, -1.0, -1.0], "mean_deg": 45.924949645996094, "median_deg": 39.88169479370117}, {"signs": [-1.0, 1.0, -1.0], "mean_deg": 46.2585563659668, "median_deg": 39.374210357666016}, {"signs": [1.0, 1.0, -1.0], "mean_deg": 72.1796646118164, "median_deg": 71.21488189697266}, {"signs": [-1.0, -1.0, 1.0], "mean_deg": 107.8203353881836, "median_deg": 108.78472137451172}, {"signs": [1.0, -1.0, 1.0], "mean_deg": 133.741455078125, "median_deg": 140.62518310546875}, {"signs": [-1.0, 1.0, 1.0], "mean_deg": 134.07504272460938, "median_deg": 140.11781311035156}, {"signs": [1.0, 1.0, 1.0], "mean_deg": 166.79917907714844, "median_deg": 167.30502319335938}]}
