[WARNING] SOF rasterizer not installed.
Preparing fit-only occupancy initialization
Number of points at initialisation :  2000
/workspace/ubuntu2004_cuda12_1/projects/3dgs_relighting/PORT-GS/third_party/GaussianWrapping/gaussian_wrapping/scene/gaussian_model.py:607: UserWarning: To copy construct from a tensor, it is recommended to use sourceTensor.clone().detach() or sourceTensor.clone().detach().requires_grad_(True), rather than torch.tensor(sourceTensor).
  R = torch.tensor(camera.R, device=xyz.device, dtype=torch.float32)
/workspace/ubuntu2004_cuda12_1/projects/3dgs_relighting/PORT-GS/third_party/GaussianWrapping/gaussian_wrapping/scene/gaussian_model.py:608: UserWarning: To copy construct from a tensor, it is recommended to use sourceTensor.clone().detach() or sourceTensor.clone().detach().requires_grad_(True), rather than torch.tensor(sourceTensor).
  T = torch.tensor(camera.T, device=xyz.device, dtype=torch.float32)
{"event": "initialized_wrapping", "points": 2000, "fit": 506, "validation": 56, "gpu": "NVIDIA RTX 6000 Ada Generation"}
{"step": 1, "frame_index": 478, "loss": 0.18963226675987244, "loss_terms": {"photo": 0.15803617238998413, "silhouette": 0.0315961018204689}, "points": 2000, "topology_event": null, "seconds": 0.4251259476877749}
{"step": 100, "frame_index": 383, "loss": 0.42738768458366394, "loss_terms": {"photo": 0.09826600551605225, "silhouette": 0.012371480464935303, "normal": 0.0007331850356422365, "ncc": 0.3153798580169678, "multiview_geo": 0.0006371436757035553}, "points": 2000, "topology_event": null, "seconds": 1.2684464217163622}
{"step": 200, "frame_index": 414, "loss": 0.4334072768688202, "loss_terms": {"photo": 0.07446881383657455, "silhouette": 0.008257043547928333, "normal": 0.0008862533723004162, "ncc": 0.34916841983795166, "multiview_geo": 0.0006267455173656344}, "points": 2000, "topology_event": null, "seconds": 3.3221055129542947}
{"step": 300, "frame_index": 245, "loss": 0.3243359625339508, "loss_terms": {"photo": 0.07018677145242691, "silhouette": 0.006132155656814575, "normal": 0.0018161115003749728, "ncc": 0.24479250609874725, "multiview_geo": 0.00019262613204773515, "wrap_normal": 0.0012158029712736607}, "points": 2000, "topology_event": null, "seconds": 5.692820709664375}
{"step": 400, "frame_index": 84, "loss": 0.41263678669929504, "loss_terms": {"photo": 0.07031284272670746, "silhouette": 0.005981796886771917, "normal": 0.0009700435330159962, "ncc": 0.33405283093452454, "multiview_geo": 0.00021329834999050945, "wrap_normal": 0.0011059679090976715}, "points": 2000, "topology_event": null, "seconds": 8.076270992867649}
{"step": 500, "frame_index": 52, "loss": 0.4422786831855774, "loss_terms": {"photo": 0.07045634090900421, "silhouette": 0.00448739854618907, "normal": 0.0011489468161016703, "ncc": 0.36539366841316223, "multiview_geo": 0.00010840863978955895, "wrap_normal": 0.0006839103298261762}, "points": 2000, "topology_event": null, "seconds": 10.444419669918716}
/workspace/ubuntu2004_cuda12_1/projects/3dgs_relighting/PORT-GS/third_party/GaussianWrapping/gaussian_wrapping/scene/gaussian_model.py:607: UserWarning: To copy construct from a tensor, it is recommended to use sourceTensor.clone().detach() or sourceTensor.clone().detach().requires_grad_(True), rather than torch.tensor(sourceTensor).
  R = torch.tensor(camera.R, device=xyz.device, dtype=torch.float32)
/workspace/ubuntu2004_cuda12_1/projects/3dgs_relighting/PORT-GS/third_party/GaussianWrapping/gaussian_wrapping/scene/gaussian_model.py:608: UserWarning: To copy construct from a tensor, it is recommended to use sourceTensor.clone().detach() or sourceTensor.clone().detach().requires_grad_(True), rather than torch.tensor(sourceTensor).
  T = torch.tensor(camera.T, device=xyz.device, dtype=torch.float32)
{"step": 600, "frame_index": 118, "loss": 0.43482616543769836, "loss_terms": {"photo": 0.08598437160253525, "silhouette": 0.008080685511231422, "normal": 0.0010209281463176012, "ncc": 0.3390290141105652, "multiview_geo": 0.00010819992166943848, "wrap_normal": 0.0006029705400578678}, "points": 2000, "topology_event": null, "seconds": 12.985869081690907}
{"cloned": 100, "max_error": 0.7610710263252258, "quantile_error": 0.2813683748245239, "step": 699, "kind": "wrapping_shell"}
{"step": 700, "frame_index": 471, "loss": 0.383781373500824, "loss_terms": {"photo": 0.07661379128694534, "silhouette": 0.005517831537872553, "normal": 0.0007592628826387227, "ncc": 0.2995448708534241, "multiview_geo": 8.690757385920733e-05, "wrap_normal": 0.001258713542483747}, "points": 2100, "topology_event": null, "seconds": 17.056499369908124}
{"step": 800, "frame_index": 387, "loss": 0.35963642597198486, "loss_terms": {"photo": 0.09157038480043411, "silhouette": 0.004814270418137312, "normal": 0.001231788075529039, "ncc": 0.2612951993942261, "multiview_geo": 0.00017283244233112782, "wrap_normal": 0.0005519574624486268}, "points": 2100, "topology_event": null, "seconds": 19.26622577290982}
{"event": "complete", "steps": 800, "seconds": 19.846794771030545}
