{"event": "startup_confirmed", "job": "PORT-Real_NRHints-Pixiu-lisa", "gpu": 3, "pid": 230400, "phase": "train", "step": 100}
{"event": "startup_confirmed", "job": "PORT-Real_NRHints-Cat-lisa", "gpu": 2, "pid": 230401, "phase": "train", "step": 100}
{"event": "phasefinish", "job": "PORT-Real_NRHints-Pixiu-lisa", "gpu": 3, "phase": "train", "pid": 230400}
{"event": "phasefinish", "job": "PORT-Real_NRHints-Pixiu-lisa", "gpu": 3, "phase": "eval", "pid": 231950}
{"event": "jobfinish", "job": "PORT-Real_NRHints-Pixiu-lisa", "gpu": 3}
{"event": "startup_confirmed", "job": "PORT-Synthetic_GS3-AnisoMetal-lisa", "gpu": 3, "pid": 232052, "phase": "train", "step": 100}
{"event": "phasefinish", "job": "PORT-Real_NRHints-Cat-lisa", "gpu": 2, "phase": "train", "pid": 230401}
{"event": "phasefinish", "job": "PORT-Real_NRHints-Cat-lisa", "gpu": 2, "phase": "eval", "pid": 232417}
{"event": "jobfinish", "job": "PORT-Real_NRHints-Cat-lisa", "gpu": 2}
{"event": "startup_confirmed", "job": "PORT-Synthetic_GS3-Translucent-lisa", "gpu": 2, "pid": 232508, "phase": "train", "step": 100}
{"event": "phasefinish", "job": "PORT-Synthetic_GS3-AnisoMetal-lisa", "gpu": 3, "phase": "train", "pid": 232052}
{"event": "phasefinish", "job": "PORT-Synthetic_GS3-AnisoMetal-lisa", "gpu": 3, "phase": "eval", "pid": 233930}
{"event": "jobfinish", "job": "PORT-Synthetic_GS3-AnisoMetal-lisa", "gpu": 3}
{"event": "startup_confirmed", "job": "PORT-Synthetic_SSS-GS-bunny_small-lisa", "gpu": 3, "pid": 234084, "phase": "train", "step": 100}
{"event": "phasefinish", "job": "PORT-Synthetic_GS3-Translucent-lisa", "gpu": 2, "phase": "train", "pid": 232508}
{"event": "phasefinish", "job": "PORT-Synthetic_GS3-Translucent-lisa", "gpu": 2, "phase": "eval", "pid": 234610}
{"event": "jobfinish", "job": "PORT-Synthetic_GS3-Translucent-lisa", "gpu": 2}
{"event": "startup_confirmed", "job": "PORT-Synthetic_SSS-GS-dragon_small-lisa", "gpu": 2, "pid": 234778, "phase": "train", "step": 100}
{"event": "phasefinish", "job": "PORT-Synthetic_SSS-GS-bunny_small-lisa", "gpu": 3, "phase": "train", "pid": 234084}
{"event": "phasefinish", "job": "PORT-Synthetic_SSS-GS-bunny_small-lisa", "gpu": 3, "phase": "eval", "pid": 235830}
{"event": "jobfinish", "job": "PORT-Synthetic_SSS-GS-bunny_small-lisa", "gpu": 3}
{"event": "startup_confirmed", "job": "PORT-Real_NRHints-Cat-no_transport", "gpu": 3, "pid": 235938, "phase": "train", "step": 100}
{"event": "phasefinish", "job": "PORT-Synthetic_SSS-GS-dragon_small-lisa", "gpu": 2, "phase": "train", "pid": 234778}
{"event": "phasefinish", "job": "PORT-Synthetic_SSS-GS-dragon_small-lisa", "gpu": 2, "phase": "eval", "pid": 236339}
{"event": "jobfinish", "job": "PORT-Synthetic_SSS-GS-dragon_small-lisa", "gpu": 2}
{"event": "startup_confirmed", "job": "PORT-Real_NRHints-Pixiu-no_transport", "gpu": 2, "pid": 236452, "phase": "train", "step": 100}
{"event": "phasefinish", "job": "PORT-Real_NRHints-Pixiu-no_transport", "gpu": 2, "phase": "train", "pid": 236452}
{"event": "phasefinish", "job": "PORT-Real_NRHints-Pixiu-no_transport", "gpu": 2, "phase": "eval", "pid": 238548}
{"event": "jobfinish", "job": "PORT-Real_NRHints-Pixiu-no_transport", "gpu": 2}
{"event": "phasefinish", "job": "PORT-Real_NRHints-Cat-no_transport", "gpu": 3, "phase": "train", "pid": 235938}
{"event": "phasefinish", "job": "PORT-Real_NRHints-Cat-no_transport", "gpu": 3, "phase": "eval", "pid": 238680}
{"event": "jobfinish", "job": "PORT-Real_NRHints-Cat-no_transport", "gpu": 3}
{"event": "startup_confirmed", "job": "PORT-Synthetic_GS3-AnisoMetal-no_transport", "gpu": 2, "pid": 238638, "phase": "train", "step": 100}
{"event": "startup_confirmed", "job": "PORT-Synthetic_GS3-Translucent-no_transport", "gpu": 3, "pid": 238783, "phase": "train", "step": 100}
{"event": "phasefinish", "job": "PORT-Synthetic_GS3-AnisoMetal-no_transport", "gpu": 2, "phase": "train", "pid": 238638}
{"event": "phasefinish", "job": "PORT-Synthetic_GS3-AnisoMetal-no_transport", "gpu": 2, "phase": "eval", "pid": 240137}
{"event": "jobfinish", "job": "PORT-Synthetic_GS3-AnisoMetal-no_transport", "gpu": 2}
{"event": "startup_confirmed", "job": "PORT-Synthetic_SSS-GS-bunny_small-no_transport", "gpu": 2, "pid": 240282, "phase": "train", "step": 100}
{"event": "phasefinish", "job": "PORT-Synthetic_GS3-Translucent-no_transport", "gpu": 3, "phase": "train", "pid": 238783}
{"event": "phasefinish", "job": "PORT-Synthetic_GS3-Translucent-no_transport", "gpu": 3, "phase": "eval", "pid": 240358}
{"event": "jobfinish", "job": "PORT-Synthetic_GS3-Translucent-no_transport", "gpu": 3}
{"event": "startup_confirmed", "job": "PORT-Synthetic_SSS-GS-dragon_small-no_transport", "gpu": 3, "pid": 240505, "phase": "train", "step": 100}
{"event": "phasefinish", "job": "PORT-Synthetic_SSS-GS-bunny_small-no_transport", "gpu": 2, "phase": "train", "pid": 240282}
{"event": "phasefinish", "job": "PORT-Synthetic_SSS-GS-bunny_small-no_transport", "gpu": 2, "phase": "eval", "pid": 241484}
{"event": "jobfinish", "job": "PORT-Synthetic_SSS-GS-bunny_small-no_transport", "gpu": 2}
{"event": "startup_confirmed", "job": "PORT-Real_NRHints-Cat-gaussian_visibility", "gpu": 2, "pid": 241596, "phase": "train", "step": 100}
{"event": "phasefinish", "job": "PORT-Synthetic_SSS-GS-dragon_small-no_transport", "gpu": 3, "phase": "train", "pid": 240505}
{"event": "phasefinish", "job": "PORT-Synthetic_SSS-GS-dragon_small-no_transport", "gpu": 3, "phase": "eval", "pid": 241667}
{"event": "jobfinish", "job": "PORT-Synthetic_SSS-GS-dragon_small-no_transport", "gpu": 3}
{"event": "startup_confirmed", "job": "PORT-Real_NRHints-Pixiu-gaussian_visibility", "gpu": 3, "pid": 241825, "phase": "train", "step": 100}
{"event": "phasefinish", "job": "PORT-Real_NRHints-Pixiu-gaussian_visibility", "gpu": 3, "phase": "train", "pid": 241825}
{"event": "phasefinish", "job": "PORT-Real_NRHints-Pixiu-gaussian_visibility", "gpu": 3, "phase": "eval", "pid": 243281}
{"event": "jobfinish", "job": "PORT-Real_NRHints-Pixiu-gaussian_visibility", "gpu": 3}
{"event": "startup_confirmed", "job": "PORT-Synthetic_GS3-AnisoMetal-gaussian_visibility", "gpu": 3, "pid": 243368, "phase": "train", "step": 100}
{"event": "phasefinish", "job": "PORT-Real_NRHints-Cat-gaussian_visibility", "gpu": 2, "phase": "train", "pid": 241596}
{"event": "phasefinish", "job": "PORT-Real_NRHints-Cat-gaussian_visibility", "gpu": 2, "phase": "eval", "pid": 243700}
{"event": "jobfinish", "job": "PORT-Real_NRHints-Cat-gaussian_visibility", "gpu": 2}
{"event": "startup_confirmed", "job": "PORT-Synthetic_GS3-Translucent-gaussian_visibility", "gpu": 2, "pid": 243799, "phase": "train", "step": 100}
{"event": "phasefinish", "job": "PORT-Synthetic_GS3-AnisoMetal-gaussian_visibility", "gpu": 3, "phase": "train", "pid": 243368}
{"event": "phasefinish", "job": "PORT-Synthetic_GS3-AnisoMetal-gaussian_visibility", "gpu": 3, "phase": "eval", "pid": 245257}
{"event": "jobfinish", "job": "PORT-Synthetic_GS3-AnisoMetal-gaussian_visibility", "gpu": 3}
{"event": "startup_confirmed", "job": "PORT-Synthetic_SSS-GS-bunny_small-gaussian_visibility", "gpu": 3, "pid": 245388, "phase": "train", "step": 100}
{"event": "phasefinish", "job": "PORT-Synthetic_GS3-Translucent-gaussian_visibility", "gpu": 2, "phase": "train", "pid": 243799}
{"event": "phasefinish", "job": "PORT-Synthetic_GS3-Translucent-gaussian_visibility", "gpu": 2, "phase": "eval", "pid": 245720}
{"event": "jobfinish", "job": "PORT-Synthetic_GS3-Translucent-gaussian_visibility", "gpu": 2}
{"event": "startup_confirmed", "job": "PORT-Synthetic_SSS-GS-dragon_small-gaussian_visibility", "gpu": 2, "pid": 245852, "phase": "train", "step": 100}
{"event": "phasefinish", "job": "PORT-Synthetic_SSS-GS-bunny_small-gaussian_visibility", "gpu": 3, "phase": "train", "pid": 245388}
{"event": "phasefinish", "job": "PORT-Synthetic_SSS-GS-bunny_small-gaussian_visibility", "gpu": 3, "phase": "eval", "pid": 247122}
{"event": "jobfinish", "job": "PORT-Synthetic_SSS-GS-bunny_small-gaussian_visibility", "gpu": 3}
{"event": "startup_confirmed", "job": "PORT-Real_NRHints-Cat-moment_visibility", "gpu": 3, "pid": 247228, "phase": "train", "step": 100}
{"event": "phasefinish", "job": "PORT-Synthetic_SSS-GS-dragon_small-gaussian_visibility", "gpu": 2, "phase": "train", "pid": 245852}
{"event": "phasefinish", "job": "PORT-Synthetic_SSS-GS-dragon_small-gaussian_visibility", "gpu": 2, "phase": "eval", "pid": 247401}
{"event": "jobfinish", "job": "PORT-Synthetic_SSS-GS-dragon_small-gaussian_visibility", "gpu": 2}
{"event": "startup_confirmed", "job": "PORT-Real_NRHints-Pixiu-moment_visibility", "gpu": 2, "pid": 247508, "phase": "train", "step": 100}
{"event": "phasefinish", "job": "PORT-Real_NRHints-Pixiu-moment_visibility", "gpu": 2, "phase": "train", "pid": 247508}
{"event": "phasefinish", "job": "PORT-Real_NRHints-Pixiu-moment_visibility", "gpu": 2, "phase": "eval", "pid": 248603}
{"event": "jobfinish", "job": "PORT-Real_NRHints-Pixiu-moment_visibility", "gpu": 2}
{"event": "startup_confirmed", "job": "PORT-Synthetic_GS3-AnisoMetal-moment_visibility", "gpu": 2, "pid": 248686, "phase": "train", "step": 100}
{"event": "phasefinish", "job": "PORT-Real_NRHints-Cat-moment_visibility", "gpu": 3, "phase": "train", "pid": 247228}
{"event": "phasefinish", "job": "PORT-Real_NRHints-Cat-moment_visibility", "gpu": 3, "phase": "eval", "pid": 248862}
{"event": "jobfinish", "job": "PORT-Real_NRHints-Cat-moment_visibility", "gpu": 3}
{"event": "startup_confirmed", "job": "PORT-Synthetic_GS3-Translucent-moment_visibility", "gpu": 3, "pid": 248967, "phase": "train", "step": 100}
{"event": "phasefinish", "job": "PORT-Synthetic_GS3-AnisoMetal-moment_visibility", "gpu": 2, "phase": "train", "pid": 248686}
{"event": "phasefinish", "job": "PORT-Synthetic_GS3-AnisoMetal-moment_visibility", "gpu": 2, "phase": "eval", "pid": 250067}
{"event": "jobfinish", "job": "PORT-Synthetic_GS3-AnisoMetal-moment_visibility", "gpu": 2}
{"event": "startup_confirmed", "job": "PORT-Synthetic_SSS-GS-bunny_small-moment_visibility", "gpu": 2, "pid": 250198, "phase": "train", "step": 100}
{"event": "phasefinish", "job": "PORT-Synthetic_GS3-Translucent-moment_visibility", "gpu": 3, "phase": "train", "pid": 248967}
{"event": "phasefinish", "job": "PORT-Synthetic_GS3-Translucent-moment_visibility", "gpu": 3, "phase": "eval", "pid": 250375}
{"event": "jobfinish", "job": "PORT-Synthetic_GS3-Translucent-moment_visibility", "gpu": 3}
{"event": "startup_confirmed", "job": "PORT-Synthetic_SSS-GS-dragon_small-moment_visibility", "gpu": 3, "pid": 250507, "phase": "train", "step": 100}
{"event": "phasefinish", "job": "PORT-Synthetic_SSS-GS-bunny_small-moment_visibility", "gpu": 2, "phase": "train", "pid": 250198}
{"event": "phasefinish", "job": "PORT-Synthetic_SSS-GS-bunny_small-moment_visibility", "gpu": 2, "phase": "eval", "pid": 251474}
{"event": "jobfinish", "job": "PORT-Synthetic_SSS-GS-bunny_small-moment_visibility", "gpu": 2}
{"event": "phasefinish", "job": "PORT-Synthetic_SSS-GS-dragon_small-moment_visibility", "gpu": 3, "phase": "train", "pid": 250507}
{"event": "phasefinish", "job": "PORT-Synthetic_SSS-GS-dragon_small-moment_visibility", "gpu": 3, "phase": "eval", "pid": 251578}
{"event": "jobfinish", "job": "PORT-Synthetic_SSS-GS-dragon_small-moment_visibility", "gpu": 3}
{"event": "queue_complete", "status": "/workspace/ubuntu2004_cuda12_1/projects/3dgs_relighting/PORT-GS/runs/light_atlas_final_six_scene_20261002/status.json"}
