{"event": "startup_confirmed", "job": "PORT-Real_NRHints-Cat-lisa_v2", "gpu": "3.1", "pid": 486951, "phase": "train", "step": 100}
{"event": "startup_confirmed", "job": "PORT-Synthetic_GS3-Hotdog-lisa_v2", "gpu": "1.0", "pid": 486948, "phase": "train", "step": 100}
{"event": "startup_confirmed", "job": "PORT-Synthetic_GS3-AnisoMetal-lisa_v2", "gpu": "1.1", "pid": 486947, "phase": "train", "step": 100}
{"event": "startup_confirmed", "job": "PORT-Synthetic_GS3-FurBall-lisa_v2", "gpu": "2.1", "pid": 486949, "phase": "train", "step": 100}
{"event": "startup_confirmed", "job": "PORT-Synthetic_GS3-Translucent-lisa_v2", "gpu": "3.0", "pid": 486950, "phase": "train", "step": 100}
{"event": "startup_confirmed", "job": "PORT-Real_NRHints-CatSmall-lisa_v2", "gpu": "2.0", "pid": 486952, "phase": "train", "step": 100}
{"event": "startup_confirmed", "job": "PORT-Synthetic_GS3-Drums-lisa_v2", "gpu": "0.1", "pid": 486944, "phase": "train", "step": 100}
{"event": "startup_confirmed", "job": "PORT-Synthetic_GS3-Lego-lisa_v2", "gpu": "0.0", "pid": 486945, "phase": "train", "step": 100}
{"event": "phasefinish", "job": "PORT-Synthetic_GS3-Hotdog-lisa_v2", "gpu": "1.0", "phase": "train", "pid": 486948}
{"event": "phasefinish", "job": "PORT-Synthetic_GS3-AnisoMetal-lisa_v2", "gpu": "1.1", "phase": "train", "pid": 486947}
{"event": "phasefinish", "job": "PORT-Synthetic_GS3-Hotdog-lisa_v2", "gpu": "1.0", "phase": "eval", "pid": 493339}
{"event": "jobfinish", "job": "PORT-Synthetic_GS3-Hotdog-lisa_v2", "gpu": "1.0"}
{"event": "phasefinish", "job": "PORT-Synthetic_GS3-AnisoMetal-lisa_v2", "gpu": "1.1", "phase": "eval", "pid": 493341}
{"event": "jobfinish", "job": "PORT-Synthetic_GS3-AnisoMetal-lisa_v2", "gpu": "1.1"}
{"event": "startup_confirmed", "job": "PORT-Real_NRHints-Fish-lisa_v2", "gpu": "1.1", "pid": 493674, "phase": "train", "step": 100}
{"event": "startup_confirmed", "job": "PORT-Real_NRHints-CupFabric-lisa_v2", "gpu": "1.0", "pid": 493594, "phase": "train", "step": 100}
{"event": "phasefinish", "job": "PORT-Synthetic_GS3-FurBall-lisa_v2", "gpu": "2.1", "phase": "train", "pid": 486949}
{"event": "phasefinish", "job": "PORT-Synthetic_GS3-Translucent-lisa_v2", "gpu": "3.0", "phase": "train", "pid": 486950}
{"event": "phasefinish", "job": "PORT-Synthetic_GS3-FurBall-lisa_v2", "gpu": "2.1", "phase": "eval", "pid": 495009}
{"event": "jobfinish", "job": "PORT-Synthetic_GS3-FurBall-lisa_v2", "gpu": "2.1"}
{"event": "startup_confirmed", "job": "PORT-Real_NRHints-FurScene-lisa_v2", "gpu": "2.1", "pid": 495258, "phase": "train", "step": 100}
{"event": "phasefinish", "job": "PORT-Synthetic_GS3-Translucent-lisa_v2", "gpu": "3.0", "phase": "eval", "pid": 495140}
{"event": "jobfinish", "job": "PORT-Synthetic_GS3-Translucent-lisa_v2", "gpu": "3.0"}
{"event": "startup_confirmed", "job": "PORT-Real_NRHints-Pikachu-lisa_v2", "gpu": "3.0", "pid": 495378, "phase": "train", "step": 100}
{"event": "phasefinish", "job": "PORT-Real_NRHints-CatSmall-lisa_v2", "gpu": "2.0", "phase": "train", "pid": 486952}
{"event": "phasefinish", "job": "PORT-Real_NRHints-CatSmall-lisa_v2", "gpu": "2.0", "phase": "eval", "pid": 495613}
{"event": "jobfinish", "job": "PORT-Real_NRHints-CatSmall-lisa_v2", "gpu": "2.0"}
{"event": "startup_confirmed", "job": "PORT-Real_NRHints-Pixiu-lisa_v2", "gpu": "2.0", "pid": 495741, "phase": "train", "step": 100}
{"event": "phasefinish", "job": "PORT-Synthetic_GS3-Lego-lisa_v2", "gpu": "0.0", "phase": "train", "pid": 486945}
{"event": "phasefinish", "job": "PORT-Real_NRHints-Cat-lisa_v2", "gpu": "3.1", "phase": "train", "pid": 486951}
{"event": "phasefinish", "job": "PORT-Real_NRHints-Cat-lisa_v2", "gpu": "3.1", "phase": "eval", "pid": 496219}
{"event": "jobfinish", "job": "PORT-Real_NRHints-Cat-lisa_v2", "gpu": "3.1"}
{"event": "startup_confirmed", "job": "PORT-Synthetic_SSS-GS-bunny_small-lisa_v2", "gpu": "3.1", "pid": 496328, "phase": "train", "step": 100}
{"event": "phasefinish", "job": "PORT-Synthetic_GS3-Lego-lisa_v2", "gpu": "0.0", "phase": "eval", "pid": 496059}
{"event": "jobfinish", "job": "PORT-Synthetic_GS3-Lego-lisa_v2", "gpu": "0.0"}
{"event": "startup_confirmed", "job": "PORT-Synthetic_SSS-GS-candle_small-lisa_v2", "gpu": "0.0", "pid": 496381, "phase": "train", "step": 100}
{"event": "phasefinish", "job": "PORT-Synthetic_GS3-Drums-lisa_v2", "gpu": "0.1", "phase": "train", "pid": 486944}
{"event": "phasefinish", "job": "PORT-Synthetic_GS3-Drums-lisa_v2", "gpu": "0.1", "phase": "eval", "pid": 496474}
{"event": "jobfinish", "job": "PORT-Synthetic_GS3-Drums-lisa_v2", "gpu": "0.1"}
{"event": "startup_confirmed", "job": "PORT-Synthetic_SSS-GS-dragon_small-lisa_v2", "gpu": "0.1", "pid": 496745, "phase": "train", "step": 100}
{"event": "phasefinish", "job": "PORT-Real_NRHints-Fish-lisa_v2", "gpu": "1.1", "phase": "train", "pid": 493674}
{"event": "phasefinish", "job": "PORT-Real_NRHints-Fish-lisa_v2", "gpu": "1.1", "phase": "eval", "pid": 498346}
{"event": "jobfinish", "job": "PORT-Real_NRHints-Fish-lisa_v2", "gpu": "1.1"}
{"event": "startup_confirmed", "job": "PORT-Synthetic_SSS-GS-soap_small-lisa_v2", "gpu": "1.1", "pid": 498457, "phase": "train", "step": 100}
{"event": "phasefinish", "job": "PORT-Real_NRHints-CupFabric-lisa_v2", "gpu": "1.0", "phase": "train", "pid": 493594}
{"event": "phasefinish", "job": "PORT-Real_NRHints-CupFabric-lisa_v2", "gpu": "1.0", "phase": "eval", "pid": 498552}
{"event": "jobfinish", "job": "PORT-Real_NRHints-CupFabric-lisa_v2", "gpu": "1.0"}
{"event": "startup_confirmed", "job": "PORT-Synthetic_SSS-GS-statue_small-lisa_v2", "gpu": "1.0", "pid": 498675, "phase": "train", "step": 100}
{"event": "phasefinish", "job": "PORT-Real_NRHints-FurScene-lisa_v2", "gpu": "2.1", "phase": "train", "pid": 495258}
{"event": "phasefinish", "job": "PORT-Real_NRHints-FurScene-lisa_v2", "gpu": "2.1", "phase": "eval", "pid": 499602}
{"event": "jobfinish", "job": "PORT-Real_NRHints-FurScene-lisa_v2", "gpu": "2.1"}
{"event": "phasefinish", "job": "PORT-Synthetic_SSS-GS-candle_small-lisa_v2", "gpu": "0.0", "phase": "train", "pid": 496381}
{"event": "phasefinish", "job": "PORT-Real_NRHints-Pikachu-lisa_v2", "gpu": "3.0", "phase": "train", "pid": 495378}
{"event": "phasefinish", "job": "PORT-Synthetic_SSS-GS-candle_small-lisa_v2", "gpu": "0.0", "phase": "eval", "pid": 499884}
{"event": "jobfinish", "job": "PORT-Synthetic_SSS-GS-candle_small-lisa_v2", "gpu": "0.0"}
{"event": "phasefinish", "job": "PORT-Real_NRHints-Pixiu-lisa_v2", "gpu": "2.0", "phase": "train", "pid": 495741}
{"event": "phasefinish", "job": "PORT-Real_NRHints-Pixiu-lisa_v2", "gpu": "2.0", "phase": "eval", "pid": 500129}
{"event": "jobfinish", "job": "PORT-Real_NRHints-Pixiu-lisa_v2", "gpu": "2.0"}
{"event": "phasefinish", "job": "PORT-Real_NRHints-Pikachu-lisa_v2", "gpu": "3.0", "phase": "eval", "pid": 500023}
{"event": "jobfinish", "job": "PORT-Real_NRHints-Pikachu-lisa_v2", "gpu": "3.0"}
{"event": "phasefinish", "job": "PORT-Synthetic_SSS-GS-dragon_small-lisa_v2", "gpu": "0.1", "phase": "train", "pid": 496745}
{"event": "phasefinish", "job": "PORT-Synthetic_SSS-GS-dragon_small-lisa_v2", "gpu": "0.1", "phase": "eval", "pid": 500302}
{"event": "jobfinish", "job": "PORT-Synthetic_SSS-GS-dragon_small-lisa_v2", "gpu": "0.1"}
{"event": "phasefinish", "job": "PORT-Synthetic_SSS-GS-bunny_small-lisa_v2", "gpu": "3.1", "phase": "train", "pid": 496328}
{"event": "phasefinish", "job": "PORT-Synthetic_SSS-GS-bunny_small-lisa_v2", "gpu": "3.1", "phase": "eval", "pid": 500488}
{"event": "jobfinish", "job": "PORT-Synthetic_SSS-GS-bunny_small-lisa_v2", "gpu": "3.1"}
{"event": "phasefinish", "job": "PORT-Synthetic_SSS-GS-soap_small-lisa_v2", "gpu": "1.1", "phase": "train", "pid": 498457}
{"event": "phasefinish", "job": "PORT-Synthetic_SSS-GS-soap_small-lisa_v2", "gpu": "1.1", "phase": "eval", "pid": 502438}
{"event": "jobfinish", "job": "PORT-Synthetic_SSS-GS-soap_small-lisa_v2", "gpu": "1.1"}
{"event": "phasefinish", "job": "PORT-Synthetic_SSS-GS-statue_small-lisa_v2", "gpu": "1.0", "phase": "train", "pid": 498675}
{"event": "phasefinish", "job": "PORT-Synthetic_SSS-GS-statue_small-lisa_v2", "gpu": "1.0", "phase": "eval", "pid": 502613}
{"event": "jobfinish", "job": "PORT-Synthetic_SSS-GS-statue_small-lisa_v2", "gpu": "1.0"}
{"event": "queue_complete", "status": "/workspace/ubuntu2004_cuda12_1/projects/3dgs_relighting/PORT-GS/runs/lisa_v2_full_dataset_20261004/status.json"}
