{"event": "startup_confirmed", "job": "PORT-Synthetic_SSS-GS-bunny_small-G_spec", "gpu": "3.1", "pid": 475274, "phase": "train", "step": 100}
{"event": "startup_confirmed", "job": "PORT-Synthetic_SSS-GS-soap_small-G_spec", "gpu": "2.0", "pid": 475275, "phase": "train", "step": 100}
{"event": "startup_confirmed", "job": "PORT-Real_NRHints-Cat-G_spec", "gpu": "0.0", "pid": 475268, "phase": "train", "step": 100}
{"event": "startup_confirmed", "job": "PORT-Real_NRHints-FurScene-G_spec", "gpu": "1.1", "pid": 475271, "phase": "train", "step": 100}
{"event": "startup_confirmed", "job": "PORT-Synthetic_GS3-Hotdog-G_spec", "gpu": "3.0", "pid": 475270, "phase": "train", "step": 100}
{"event": "startup_confirmed", "job": "PORT-Synthetic_GS3-Drums-G_spec", "gpu": "2.1", "pid": 475272, "phase": "train", "step": 100}
{"event": "startup_confirmed", "job": "PORT-Real_NRHints-CupFabric-G_spec", "gpu": "0.1", "pid": 475269, "phase": "train", "step": 100}
{"event": "startup_confirmed", "job": "PORT-Synthetic_GS3-Lego-G_spec", "gpu": "1.0", "pid": 475273, "phase": "train", "step": 100}
{"event": "phasefinish", "job": "PORT-Synthetic_SSS-GS-bunny_small-G_spec", "gpu": "3.1", "phase": "train", "pid": 475274}
{"event": "phasefinish", "job": "PORT-Synthetic_SSS-GS-bunny_small-G_spec", "gpu": "3.1", "phase": "eval", "pid": 479619}
{"event": "jobfinish", "job": "PORT-Synthetic_SSS-GS-bunny_small-G_spec", "gpu": "3.1"}
{"event": "startup_confirmed", "job": "PORT-Real_NRHints-Cat-ref", "gpu": "3.1", "pid": 479722, "phase": "train", "step": 100}
{"event": "phasefinish", "job": "PORT-Synthetic_GS3-Hotdog-G_spec", "gpu": "3.0", "phase": "train", "pid": 475270}
{"event": "phasefinish", "job": "PORT-Synthetic_GS3-Hotdog-G_spec", "gpu": "3.0", "phase": "eval", "pid": 479870}
{"event": "jobfinish", "job": "PORT-Synthetic_GS3-Hotdog-G_spec", "gpu": "3.0"}
{"event": "startup_confirmed", "job": "PORT-Real_NRHints-CupFabric-ref", "gpu": "3.0", "pid": 480001, "phase": "train", "step": 100}
{"event": "phasefinish", "job": "PORT-Real_NRHints-Cat-G_spec", "gpu": "0.0", "phase": "train", "pid": 475268}
{"event": "phasefinish", "job": "PORT-Real_NRHints-Cat-G_spec", "gpu": "0.0", "phase": "eval", "pid": 480221}
{"event": "jobfinish", "job": "PORT-Real_NRHints-Cat-G_spec", "gpu": "0.0"}
{"event": "startup_confirmed", "job": "PORT-Real_NRHints-FurScene-ref", "gpu": "0.0", "pid": 480325, "phase": "train", "step": 100}
{"event": "phasefinish", "job": "PORT-Synthetic_GS3-Lego-G_spec", "gpu": "1.0", "phase": "train", "pid": 475273}
{"event": "phasefinish", "job": "PORT-Synthetic_GS3-Lego-G_spec", "gpu": "1.0", "phase": "eval", "pid": 480399}
{"event": "jobfinish", "job": "PORT-Synthetic_GS3-Lego-G_spec", "gpu": "1.0"}
{"event": "phasefinish", "job": "PORT-Real_NRHints-CupFabric-G_spec", "gpu": "0.1", "phase": "train", "pid": 475269}
{"event": "phasefinish", "job": "PORT-Real_NRHints-FurScene-G_spec", "gpu": "1.1", "phase": "train", "pid": 475271}
{"event": "phasefinish", "job": "PORT-Real_NRHints-FurScene-G_spec", "gpu": "1.1", "phase": "eval", "pid": 480674}
{"event": "jobfinish", "job": "PORT-Real_NRHints-FurScene-G_spec", "gpu": "1.1"}
{"event": "phasefinish", "job": "PORT-Real_NRHints-CupFabric-G_spec", "gpu": "0.1", "phase": "eval", "pid": 480560}
{"event": "jobfinish", "job": "PORT-Real_NRHints-CupFabric-G_spec", "gpu": "0.1"}
{"event": "startup_confirmed", "job": "PORT-Synthetic_GS3-Drums-ref", "gpu": "1.0", "pid": 480521, "phase": "train", "step": 100}
{"event": "startup_confirmed", "job": "PORT-Synthetic_GS3-Hotdog-ref", "gpu": "1.1", "pid": 480771, "phase": "train", "step": 100}
{"event": "startup_confirmed", "job": "PORT-Synthetic_GS3-Lego-ref", "gpu": "0.1", "pid": 480813, "phase": "train", "step": 100}
{"event": "phasefinish", "job": "PORT-Synthetic_SSS-GS-soap_small-G_spec", "gpu": "2.0", "phase": "train", "pid": 475275}
{"event": "phasefinish", "job": "PORT-Synthetic_SSS-GS-soap_small-G_spec", "gpu": "2.0", "phase": "eval", "pid": 481001}
{"event": "jobfinish", "job": "PORT-Synthetic_SSS-GS-soap_small-G_spec", "gpu": "2.0"}
{"event": "startup_confirmed", "job": "PORT-Synthetic_SSS-GS-bunny_small-ref", "gpu": "2.0", "pid": 481110, "phase": "train", "step": 100}
{"event": "phasefinish", "job": "PORT-Synthetic_GS3-Drums-G_spec", "gpu": "2.1", "phase": "train", "pid": 475272}
{"event": "phasefinish", "job": "PORT-Synthetic_GS3-Drums-G_spec", "gpu": "2.1", "phase": "eval", "pid": 481295}
{"event": "jobfinish", "job": "PORT-Synthetic_GS3-Drums-G_spec", "gpu": "2.1"}
{"event": "startup_confirmed", "job": "PORT-Synthetic_SSS-GS-soap_small-ref", "gpu": "2.1", "pid": 481419, "phase": "train", "step": 100}
{"event": "phasefinish", "job": "PORT-Real_NRHints-Cat-ref", "gpu": "3.1", "phase": "train", "pid": 479722}
{"event": "phasefinish", "job": "PORT-Real_NRHints-Cat-ref", "gpu": "3.1", "phase": "eval", "pid": 484460}
{"event": "jobfinish", "job": "PORT-Real_NRHints-Cat-ref", "gpu": "3.1"}
{"event": "job_failed", "job": "PORT-Real_NRHints-Cat-G", "gpu": "3.1", "phase": "train", "error": "CalledProcessError(1, ['/workspace/ubuntu2004_cuda12_1/utils/conda-envs/ssd-gs/bin/python', '-u', '/workspace/ubuntu2004_cuda12_1/projects/3dgs_relighting/PORT-GS/train.py', '--steps', '30000', '--seed', '0', '--resolution', '512', '--background', '0.0', '--display-gamma', '2.2', '--shadow-start', '2000', '--port-start', '2000', '--holdout-every', '10', '--representation', 'light_atlas', '--material-head', 'svbrdf', '--mask-weight', '0.5', '--foreground-appearance-until', '2000', '--optimize-cameras', '--camera-mode', 'rotation', '--camera-gauge', 'translation', '--camera-start', '2000', '--camera-lr', '0.001', '--camera-lr-final', '1e-05', '--scene', '/workspace/datasets/SSD-GS/data/Real_NRHints/Cat', '--output', '/workspace/ubuntu2004_cuda12_1/projects/3dgs_relighting/PORT-GS/runs/lisa_v2_interp_selection_20261004/G/Real_NRHints/Cat'])"}
{"event": "phasefinish", "job": "PORT-Synthetic_SSS-GS-bunny_small-ref", "gpu": "2.0", "phase": "train", "pid": 481110}
{"event": "job_failed", "job": "PORT-Real_NRHints-CupFabric-G", "gpu": "3.1", "phase": "train", "error": "CalledProcessError(1, ['/workspace/ubuntu2004_cuda12_1/utils/conda-envs/ssd-gs/bin/python', '-u', '/workspace/ubuntu2004_cuda12_1/projects/3dgs_relighting/PORT-GS/train.py', '--steps', '30000', '--seed', '0', '--resolution', '512', '--background', '0.0', '--display-gamma', '2.2', '--shadow-start', '2000', '--port-start', '2000', '--holdout-every', '10', '--representation', 'light_atlas', '--material-head', 'svbrdf', '--mask-weight', '0.5', '--foreground-appearance-until', '2000', '--optimize-cameras', '--camera-mode', 'rotation', '--camera-gauge', 'translation', '--camera-start', '2000', '--camera-lr', '0.001', '--camera-lr-final', '1e-05', '--scene', '/workspace/datasets/SSD-GS/data/Real_NRHints/CupFabric', '--output', '/workspace/ubuntu2004_cuda12_1/projects/3dgs_relighting/PORT-GS/runs/lisa_v2_interp_selection_20261004/G/Real_NRHints/CupFabric'])"}
{"event": "job_failed", "job": "PORT-Real_NRHints-FurScene-G", "gpu": "3.1", "phase": "train", "error": "CalledProcessError(1, ['/workspace/ubuntu2004_cuda12_1/utils/conda-envs/ssd-gs/bin/python', '-u', '/workspace/ubuntu2004_cuda12_1/projects/3dgs_relighting/PORT-GS/train.py', '--steps', '30000', '--seed', '0', '--resolution', '512', '--background', '0.0', '--display-gamma', '2.2', '--shadow-start', '2000', '--port-start', '2000', '--holdout-every', '10', '--representation', 'light_atlas', '--material-head', 'svbrdf', '--mask-weight', '0.5', '--foreground-appearance-until', '2000', '--optimize-cameras', '--camera-mode', 'rotation', '--camera-gauge', 'translation', '--camera-start', '2000', '--camera-lr', '0.001', '--camera-lr-final', '1e-05', '--scene', '/workspace/datasets/SSD-GS/data/Real_NRHints/FurScene', '--output', '/workspace/ubuntu2004_cuda12_1/projects/3dgs_relighting/PORT-GS/runs/lisa_v2_interp_selection_20261004/G/Real_NRHints/FurScene'])"}
{"event": "job_failed", "job": "PORT-Synthetic_GS3-Drums-G", "gpu": "3.1", "phase": "train", "error": "CalledProcessError(1, ['/workspace/ubuntu2004_cuda12_1/utils/conda-envs/ssd-gs/bin/python', '-u', '/workspace/ubuntu2004_cuda12_1/projects/3dgs_relighting/PORT-GS/train.py', '--steps', '30000', '--seed', '0', '--resolution', '512', '--background', '1.0', '--display-gamma', '2.2', '--shadow-start', '2000', '--port-start', '2000', '--holdout-every', '10', '--representation', 'light_atlas', '--material-head', 'svbrdf', '--mask-weight', '0.5', '--foreground-appearance-until', '2000', '--scene', '/workspace/datasets/SSD-GS/data/Synthetic_GS3/Drums', '--output', '/workspace/ubuntu2004_cuda12_1/projects/3dgs_relighting/PORT-GS/runs/lisa_v2_interp_selection_20261004/G/Synthetic_GS3/Drums'])"}
{"event": "job_failed", "job": "PORT-Synthetic_GS3-Hotdog-G", "gpu": "3.1", "phase": "train", "error": "CalledProcessError(1, ['/workspace/ubuntu2004_cuda12_1/utils/conda-envs/ssd-gs/bin/python', '-u', '/workspace/ubuntu2004_cuda12_1/projects/3dgs_relighting/PORT-GS/train.py', '--steps', '30000', '--seed', '0', '--resolution', '512', '--background', '1.0', '--display-gamma', '2.2', '--shadow-start', '2000', '--port-start', '2000', '--holdout-every', '10', '--representation', 'light_atlas', '--material-head', 'svbrdf', '--mask-weight', '0.5', '--foreground-appearance-until', '2000', '--scene', '/workspace/datasets/SSD-GS/data/Synthetic_GS3/Hotdog', '--output', '/workspace/ubuntu2004_cuda12_1/projects/3dgs_relighting/PORT-GS/runs/lisa_v2_interp_selection_20261004/G/Synthetic_GS3/Hotdog'])"}
{"event": "job_failed", "job": "PORT-Synthetic_GS3-Lego-G", "gpu": "3.1", "phase": "train", "error": "CalledProcessError(1, ['/workspace/ubuntu2004_cuda12_1/utils/conda-envs/ssd-gs/bin/python', '-u', '/workspace/ubuntu2004_cuda12_1/projects/3dgs_relighting/PORT-GS/train.py', '--steps', '30000', '--seed', '0', '--resolution', '512', '--background', '1.0', '--display-gamma', '2.2', '--shadow-start', '2000', '--port-start', '2000', '--holdout-every', '10', '--representation', 'light_atlas', '--material-head', 'svbrdf', '--mask-weight', '0.5', '--foreground-appearance-until', '2000', '--scene', '/workspace/datasets/SSD-GS/data/Synthetic_GS3/Lego', '--output', '/workspace/ubuntu2004_cuda12_1/projects/3dgs_relighting/PORT-GS/runs/lisa_v2_interp_selection_20261004/G/Synthetic_GS3/Lego'])"}
{"event": "phasefinish", "job": "PORT-Synthetic_SSS-GS-bunny_small-ref", "gpu": "2.0", "phase": "eval", "pid": 484582}
{"event": "jobfinish", "job": "PORT-Synthetic_SSS-GS-bunny_small-ref", "gpu": "2.0"}
{"event": "job_failed", "job": "PORT-Synthetic_SSS-GS-bunny_small-G", "gpu": "3.1", "phase": "train", "error": "CalledProcessError(1, ['/workspace/ubuntu2004_cuda12_1/utils/conda-envs/ssd-gs/bin/python', '-u', '/workspace/ubuntu2004_cuda12_1/projects/3dgs_relighting/PORT-GS/train.py', '--steps', '30000', '--seed', '0', '--resolution', '256', '--background', '0.0', '--display-gamma', '2.2', '--shadow-start', '2000', '--port-start', '2000', '--holdout-every', '10', '--representation', 'light_atlas', '--material-head', 'svbrdf', '--mask-weight', '0.5', '--foreground-appearance-until', '2000', '--unit-light-intensity', '1.0', '--scene', '/workspace/datasets/SSD-GS/data/Synthetic_SSS-GS/bunny_small', '--output', '/workspace/ubuntu2004_cuda12_1/projects/3dgs_relighting/PORT-GS/runs/lisa_v2_interp_selection_20261004/G/Synthetic_SSS-GS/bunny_small'])"}
{"event": "job_failed", "job": "PORT-Synthetic_SSS-GS-soap_small-G", "gpu": "2.0", "phase": "train", "error": "CalledProcessError(1, ['/workspace/ubuntu2004_cuda12_1/utils/conda-envs/ssd-gs/bin/python', '-u', '/workspace/ubuntu2004_cuda12_1/projects/3dgs_relighting/PORT-GS/train.py', '--steps', '30000', '--seed', '0', '--resolution', '256', '--background', '0.0', '--display-gamma', '2.2', '--shadow-start', '2000', '--port-start', '2000', '--holdout-every', '10', '--representation', 'light_atlas', '--material-head', 'svbrdf', '--mask-weight', '0.5', '--foreground-appearance-until', '2000', '--unit-light-intensity', '1.0', '--scene', '/workspace/datasets/SSD-GS/data/Synthetic_SSS-GS/soap_small', '--output', '/workspace/ubuntu2004_cuda12_1/projects/3dgs_relighting/PORT-GS/runs/lisa_v2_interp_selection_20261004/G/Synthetic_SSS-GS/soap_small'])"}
{"event": "startup_confirmed", "job": "PORT-Real_NRHints-Cat-D", "gpu": "3.1", "pid": 484926, "phase": "train", "step": 100}
{"event": "startup_confirmed", "job": "PORT-Real_NRHints-CupFabric-D", "gpu": "2.0", "pid": 484967, "phase": "train", "step": 100}
{"event": "phasefinish", "job": "PORT-Real_NRHints-CupFabric-ref", "gpu": "3.0", "phase": "train", "pid": 480001}
{"event": "phasefinish", "job": "PORT-Real_NRHints-CupFabric-ref", "gpu": "3.0", "phase": "eval", "pid": 485259}
{"event": "jobfinish", "job": "PORT-Real_NRHints-CupFabric-ref", "gpu": "3.0"}
{"event": "startup_confirmed", "job": "PORT-Real_NRHints-FurScene-D", "gpu": "3.0", "pid": 485384, "phase": "train", "step": 100}
{"event": "phasefinish", "job": "PORT-Synthetic_GS3-Lego-ref", "gpu": "0.1", "phase": "train", "pid": 480813}
{"event": "phasefinish", "job": "PORT-Synthetic_SSS-GS-soap_small-ref", "gpu": "2.1", "phase": "train", "pid": 481419}
{"event": "phasefinish", "job": "PORT-Synthetic_SSS-GS-soap_small-ref", "gpu": "2.1", "phase": "eval", "pid": 485599}
{"event": "jobfinish", "job": "PORT-Synthetic_SSS-GS-soap_small-ref", "gpu": "2.1"}
{"event": "phasefinish", "job": "PORT-Synthetic_GS3-Lego-ref", "gpu": "0.1", "phase": "eval", "pid": 485507}
{"event": "jobfinish", "job": "PORT-Synthetic_GS3-Lego-ref", "gpu": "0.1"}
{"event": "startup_confirmed", "job": "PORT-Synthetic_GS3-Hotdog-D", "gpu": "0.1", "pid": 485753, "phase": "train", "step": 100}
{"event": "startup_confirmed", "job": "PORT-Synthetic_GS3-Drums-D", "gpu": "2.1", "pid": 485695, "phase": "train", "step": 100}
{"event": "phasefinish", "job": "PORT-Real_NRHints-FurScene-ref", "gpu": "0.0", "phase": "train", "pid": 480325}
{"event": "phasefinish", "job": "PORT-Real_NRHints-FurScene-ref", "gpu": "0.0", "phase": "eval", "pid": 485927}
{"event": "jobfinish", "job": "PORT-Real_NRHints-FurScene-ref", "gpu": "0.0"}
{"event": "startup_confirmed", "job": "PORT-Synthetic_GS3-Lego-D", "gpu": "0.0", "pid": 486020, "phase": "train", "step": 100}
{"event": "phasefinish", "job": "PORT-Synthetic_GS3-Drums-ref", "gpu": "1.0", "phase": "train", "pid": 480521}
{"event": "phasefinish", "job": "PORT-Synthetic_GS3-Hotdog-ref", "gpu": "1.1", "phase": "train", "pid": 480771}
{"event": "phasefinish", "job": "PORT-Synthetic_GS3-Drums-ref", "gpu": "1.0", "phase": "eval", "pid": 486341}
{"event": "jobfinish", "job": "PORT-Synthetic_GS3-Drums-ref", "gpu": "1.0"}
{"event": "phasefinish", "job": "PORT-Synthetic_GS3-Hotdog-ref", "gpu": "1.1", "phase": "eval", "pid": 486343}
{"event": "jobfinish", "job": "PORT-Synthetic_GS3-Hotdog-ref", "gpu": "1.1"}
{"event": "startup_confirmed", "job": "PORT-Synthetic_SSS-GS-bunny_small-D", "gpu": "1.0", "pid": 486530, "phase": "train", "step": 100}
{"event": "startup_confirmed", "job": "PORT-Synthetic_SSS-GS-soap_small-D", "gpu": "1.1", "pid": 486569, "phase": "train", "step": 100}
{"event": "phasefinish", "job": "PORT-Synthetic_SSS-GS-soap_small-D", "gpu": "1.1", "phase": "train", "pid": 486569}
{"event": "phasefinish", "job": "PORT-Synthetic_SSS-GS-bunny_small-D", "gpu": "1.0", "phase": "train", "pid": 486530}
{"event": "phasefinish", "job": "PORT-Synthetic_SSS-GS-soap_small-D", "gpu": "1.1", "phase": "eval", "pid": 491978}
{"event": "jobfinish", "job": "PORT-Synthetic_SSS-GS-soap_small-D", "gpu": "1.1"}
{"event": "phasefinish", "job": "PORT-Synthetic_SSS-GS-bunny_small-D", "gpu": "1.0", "phase": "eval", "pid": 492058}
{"event": "jobfinish", "job": "PORT-Synthetic_SSS-GS-bunny_small-D", "gpu": "1.0"}
{"event": "phasefinish", "job": "PORT-Real_NRHints-CupFabric-D", "gpu": "2.0", "phase": "train", "pid": 484967}
{"event": "phasefinish", "job": "PORT-Real_NRHints-CupFabric-D", "gpu": "2.0", "phase": "eval", "pid": 492885}
{"event": "jobfinish", "job": "PORT-Real_NRHints-CupFabric-D", "gpu": "2.0"}
{"event": "phasefinish", "job": "PORT-Synthetic_GS3-Hotdog-D", "gpu": "0.1", "phase": "train", "pid": 485753}
{"event": "phasefinish", "job": "PORT-Synthetic_GS3-Drums-D", "gpu": "2.1", "phase": "train", "pid": 485695}
{"event": "phasefinish", "job": "PORT-Synthetic_GS3-Drums-D", "gpu": "2.1", "phase": "eval", "pid": 493132}
{"event": "jobfinish", "job": "PORT-Synthetic_GS3-Drums-D", "gpu": "2.1"}
{"event": "phasefinish", "job": "PORT-Synthetic_GS3-Hotdog-D", "gpu": "0.1", "phase": "eval", "pid": 493042}
{"event": "jobfinish", "job": "PORT-Synthetic_GS3-Hotdog-D", "gpu": "0.1"}
{"event": "phasefinish", "job": "PORT-Real_NRHints-Cat-D", "gpu": "3.1", "phase": "train", "pid": 484926}
{"event": "phasefinish", "job": "PORT-Synthetic_GS3-Lego-D", "gpu": "0.0", "phase": "train", "pid": 486020}
{"event": "phasefinish", "job": "PORT-Real_NRHints-Cat-D", "gpu": "3.1", "phase": "eval", "pid": 494428}
{"event": "jobfinish", "job": "PORT-Real_NRHints-Cat-D", "gpu": "3.1"}
{"event": "phasefinish", "job": "PORT-Synthetic_GS3-Lego-D", "gpu": "0.0", "phase": "eval", "pid": 494538}
{"event": "jobfinish", "job": "PORT-Synthetic_GS3-Lego-D", "gpu": "0.0"}
{"event": "phasefinish", "job": "PORT-Real_NRHints-FurScene-D", "gpu": "3.0", "phase": "train", "pid": 485384}
{"event": "phasefinish", "job": "PORT-Real_NRHints-FurScene-D", "gpu": "3.0", "phase": "eval", "pid": 494720}
{"event": "jobfinish", "job": "PORT-Real_NRHints-FurScene-D", "gpu": "3.0"}
{"event": "queue_failed", "jobs": [{"job": "PORT-Real_NRHints-Cat-G", "error": "CalledProcessError(1, ['/workspace/ubuntu2004_cuda12_1/utils/conda-envs/ssd-gs/bin/python', '-u', '/workspace/ubuntu2004_cuda12_1/projects/3dgs_relighting/PORT-GS/train.py', '--steps', '30000', '--seed', '0', '--resolution', '512', '--background', '0.0', '--display-gamma', '2.2', '--shadow-start', '2000', '--port-start', '2000', '--holdout-every', '10', '--representation', 'light_atlas', '--material-head', 'svbrdf', '--mask-weight', '0.5', '--foreground-appearance-until', '2000', '--optimize-cameras', '--camera-mode', 'rotation', '--camera-gauge', 'translation', '--camera-start', '2000', '--camera-lr', '0.001', '--camera-lr-final', '1e-05', '--scene', '/workspace/datasets/SSD-GS/data/Real_NRHints/Cat', '--output', '/workspace/ubuntu2004_cuda12_1/projects/3dgs_relighting/PORT-GS/runs/lisa_v2_interp_selection_20261004/G/Real_NRHints/Cat'])"}, {"job": "PORT-Real_NRHints-CupFabric-G", "error": "CalledProcessError(1, ['/workspace/ubuntu2004_cuda12_1/utils/conda-envs/ssd-gs/bin/python', '-u', '/workspace/ubuntu2004_cuda12_1/projects/3dgs_relighting/PORT-GS/train.py', '--steps', '30000', '--seed', '0', '--resolution', '512', '--background', '0.0', '--display-gamma', '2.2', '--shadow-start', '2000', '--port-start', '2000', '--holdout-every', '10', '--representation', 'light_atlas', '--material-head', 'svbrdf', '--mask-weight', '0.5', '--foreground-appearance-until', '2000', '--optimize-cameras', '--camera-mode', 'rotation', '--camera-gauge', 'translation', '--camera-start', '2000', '--camera-lr', '0.001', '--camera-lr-final', '1e-05', '--scene', '/workspace/datasets/SSD-GS/data/Real_NRHints/CupFabric', '--output', '/workspace/ubuntu2004_cuda12_1/projects/3dgs_relighting/PORT-GS/runs/lisa_v2_interp_selection_20261004/G/Real_NRHints/CupFabric'])"}, {"job": "PORT-Real_NRHints-FurScene-G", "error": "CalledProcessError(1, ['/workspace/ubuntu2004_cuda12_1/utils/conda-envs/ssd-gs/bin/python', '-u', '/workspace/ubuntu2004_cuda12_1/projects/3dgs_relighting/PORT-GS/train.py', '--steps', '30000', '--seed', '0', '--resolution', '512', '--background', '0.0', '--display-gamma', '2.2', '--shadow-start', '2000', '--port-start', '2000', '--holdout-every', '10', '--representation', 'light_atlas', '--material-head', 'svbrdf', '--mask-weight', '0.5', '--foreground-appearance-until', '2000', '--optimize-cameras', '--camera-mode', 'rotation', '--camera-gauge', 'translation', '--camera-start', '2000', '--camera-lr', '0.001', '--camera-lr-final', '1e-05', '--scene', '/workspace/datasets/SSD-GS/data/Real_NRHints/FurScene', '--output', '/workspace/ubuntu2004_cuda12_1/projects/3dgs_relighting/PORT-GS/runs/lisa_v2_interp_selection_20261004/G/Real_NRHints/FurScene'])"}, {"job": "PORT-Synthetic_GS3-Drums-G", "error": "CalledProcessError(1, ['/workspace/ubuntu2004_cuda12_1/utils/conda-envs/ssd-gs/bin/python', '-u', '/workspace/ubuntu2004_cuda12_1/projects/3dgs_relighting/PORT-GS/train.py', '--steps', '30000', '--seed', '0', '--resolution', '512', '--background', '1.0', '--display-gamma', '2.2', '--shadow-start', '2000', '--port-start', '2000', '--holdout-every', '10', '--representation', 'light_atlas', '--material-head', 'svbrdf', '--mask-weight', '0.5', '--foreground-appearance-until', '2000', '--scene', '/workspace/datasets/SSD-GS/data/Synthetic_GS3/Drums', '--output', '/workspace/ubuntu2004_cuda12_1/projects/3dgs_relighting/PORT-GS/runs/lisa_v2_interp_selection_20261004/G/Synthetic_GS3/Drums'])"}, {"job": "PORT-Synthetic_GS3-Hotdog-G", "error": "CalledProcessError(1, ['/workspace/ubuntu2004_cuda12_1/utils/conda-envs/ssd-gs/bin/python', '-u', '/workspace/ubuntu2004_cuda12_1/projects/3dgs_relighting/PORT-GS/train.py', '--steps', '30000', '--seed', '0', '--resolution', '512', '--background', '1.0', '--display-gamma', '2.2', '--shadow-start', '2000', '--port-start', '2000', '--holdout-every', '10', '--representation', 'light_atlas', '--material-head', 'svbrdf', '--mask-weight', '0.5', '--foreground-appearance-until', '2000', '--scene', '/workspace/datasets/SSD-GS/data/Synthetic_GS3/Hotdog', '--output', '/workspace/ubuntu2004_cuda12_1/projects/3dgs_relighting/PORT-GS/runs/lisa_v2_interp_selection_20261004/G/Synthetic_GS3/Hotdog'])"}, {"job": "PORT-Synthetic_GS3-Lego-G", "error": "CalledProcessError(1, ['/workspace/ubuntu2004_cuda12_1/utils/conda-envs/ssd-gs/bin/python', '-u', '/workspace/ubuntu2004_cuda12_1/projects/3dgs_relighting/PORT-GS/train.py', '--steps', '30000', '--seed', '0', '--resolution', '512', '--background', '1.0', '--display-gamma', '2.2', '--shadow-start', '2000', '--port-start', '2000', '--holdout-every', '10', '--representation', 'light_atlas', '--material-head', 'svbrdf', '--mask-weight', '0.5', '--foreground-appearance-until', '2000', '--scene', '/workspace/datasets/SSD-GS/data/Synthetic_GS3/Lego', '--output', '/workspace/ubuntu2004_cuda12_1/projects/3dgs_relighting/PORT-GS/runs/lisa_v2_interp_selection_20261004/G/Synthetic_GS3/Lego'])"}, {"job": "PORT-Synthetic_SSS-GS-bunny_small-G", "error": "CalledProcessError(1, ['/workspace/ubuntu2004_cuda12_1/utils/conda-envs/ssd-gs/bin/python', '-u', '/workspace/ubuntu2004_cuda12_1/projects/3dgs_relighting/PORT-GS/train.py', '--steps', '30000', '--seed', '0', '--resolution', '256', '--background', '0.0', '--display-gamma', '2.2', '--shadow-start', '2000', '--port-start', '2000', '--holdout-every', '10', '--representation', 'light_atlas', '--material-head', 'svbrdf', '--mask-weight', '0.5', '--foreground-appearance-until', '2000', '--unit-light-intensity', '1.0', '--scene', '/workspace/datasets/SSD-GS/data/Synthetic_SSS-GS/bunny_small', '--output', '/workspace/ubuntu2004_cuda12_1/projects/3dgs_relighting/PORT-GS/runs/lisa_v2_interp_selection_20261004/G/Synthetic_SSS-GS/bunny_small'])"}, {"job": "PORT-Synthetic_SSS-GS-soap_small-G", "error": "CalledProcessError(1, ['/workspace/ubuntu2004_cuda12_1/utils/conda-envs/ssd-gs/bin/python', '-u', '/workspace/ubuntu2004_cuda12_1/projects/3dgs_relighting/PORT-GS/train.py', '--steps', '30000', '--seed', '0', '--resolution', '256', '--background', '0.0', '--display-gamma', '2.2', '--shadow-start', '2000', '--port-start', '2000', '--holdout-every', '10', '--representation', 'light_atlas', '--material-head', 'svbrdf', '--mask-weight', '0.5', '--foreground-appearance-until', '2000', '--unit-light-intensity', '1.0', '--scene', '/workspace/datasets/SSD-GS/data/Synthetic_SSS-GS/soap_small', '--output', '/workspace/ubuntu2004_cuda12_1/projects/3dgs_relighting/PORT-GS/runs/lisa_v2_interp_selection_20261004/G/Synthetic_SSS-GS/soap_small'])"}]}
Traceback (most recent call last):
  File "/workspace/ubuntu2004_cuda12_1/projects/3dgs_relighting/PORT-GS/run_benchmark.py", line 525, in <module>
    main()
  File "/workspace/ubuntu2004_cuda12_1/projects/3dgs_relighting/PORT-GS/run_benchmark.py", line 521, in main
    run(manifest_path, resume=args.resume)
  File "/workspace/ubuntu2004_cuda12_1/projects/3dgs_relighting/PORT-GS/run_benchmark.py", line 471, in run
    raise RuntimeError(f"benchmark jobs failed: {json.dumps(failed_jobs)}")
RuntimeError: benchmark jobs failed: [{"job": "PORT-Real_NRHints-Cat-G", "error": "CalledProcessError(1, ['/workspace/ubuntu2004_cuda12_1/utils/conda-envs/ssd-gs/bin/python', '-u', '/workspace/ubuntu2004_cuda12_1/projects/3dgs_relighting/PORT-GS/train.py', '--steps', '30000', '--seed', '0', '--resolution', '512', '--background', '0.0', '--display-gamma', '2.2', '--shadow-start', '2000', '--port-start', '2000', '--holdout-every', '10', '--representation', 'light_atlas', '--material-head', 'svbrdf', '--mask-weight', '0.5', '--foreground-appearance-until', '2000', '--optimize-cameras', '--camera-mode', 'rotation', '--camera-gauge', 'translation', '--camera-start', '2000', '--camera-lr', '0.001', '--camera-lr-final', '1e-05', '--scene', '/workspace/datasets/SSD-GS/data/Real_NRHints/Cat', '--output', '/workspace/ubuntu2004_cuda12_1/projects/3dgs_relighting/PORT-GS/runs/lisa_v2_interp_selection_20261004/G/Real_NRHints/Cat'])"}, {"job": "PORT-Real_NRHints-CupFabric-G", "error": "CalledProcessError(1, ['/workspace/ubuntu2004_cuda12_1/utils/conda-envs/ssd-gs/bin/python', '-u', '/workspace/ubuntu2004_cuda12_1/projects/3dgs_relighting/PORT-GS/train.py', '--steps', '30000', '--seed', '0', '--resolution', '512', '--background', '0.0', '--display-gamma', '2.2', '--shadow-start', '2000', '--port-start', '2000', '--holdout-every', '10', '--representation', 'light_atlas', '--material-head', 'svbrdf', '--mask-weight', '0.5', '--foreground-appearance-until', '2000', '--optimize-cameras', '--camera-mode', 'rotation', '--camera-gauge', 'translation', '--camera-start', '2000', '--camera-lr', '0.001', '--camera-lr-final', '1e-05', '--scene', '/workspace/datasets/SSD-GS/data/Real_NRHints/CupFabric', '--output', '/workspace/ubuntu2004_cuda12_1/projects/3dgs_relighting/PORT-GS/runs/lisa_v2_interp_selection_20261004/G/Real_NRHints/CupFabric'])"}, {"job": "PORT-Real_NRHints-FurScene-G", "error": "CalledProcessError(1, ['/workspace/ubuntu2004_cuda12_1/utils/conda-envs/ssd-gs/bin/python', '-u', '/workspace/ubuntu2004_cuda12_1/projects/3dgs_relighting/PORT-GS/train.py', '--steps', '30000', '--seed', '0', '--resolution', '512', '--background', '0.0', '--display-gamma', '2.2', '--shadow-start', '2000', '--port-start', '2000', '--holdout-every', '10', '--representation', 'light_atlas', '--material-head', 'svbrdf', '--mask-weight', '0.5', '--foreground-appearance-until', '2000', '--optimize-cameras', '--camera-mode', 'rotation', '--camera-gauge', 'translation', '--camera-start', '2000', '--camera-lr', '0.001', '--camera-lr-final', '1e-05', '--scene', '/workspace/datasets/SSD-GS/data/Real_NRHints/FurScene', '--output', '/workspace/ubuntu2004_cuda12_1/projects/3dgs_relighting/PORT-GS/runs/lisa_v2_interp_selection_20261004/G/Real_NRHints/FurScene'])"}, {"job": "PORT-Synthetic_GS3-Drums-G", "error": "CalledProcessError(1, ['/workspace/ubuntu2004_cuda12_1/utils/conda-envs/ssd-gs/bin/python', '-u', '/workspace/ubuntu2004_cuda12_1/projects/3dgs_relighting/PORT-GS/train.py', '--steps', '30000', '--seed', '0', '--resolution', '512', '--background', '1.0', '--display-gamma', '2.2', '--shadow-start', '2000', '--port-start', '2000', '--holdout-every', '10', '--representation', 'light_atlas', '--material-head', 'svbrdf', '--mask-weight', '0.5', '--foreground-appearance-until', '2000', '--scene', '/workspace/datasets/SSD-GS/data/Synthetic_GS3/Drums', '--output', '/workspace/ubuntu2004_cuda12_1/projects/3dgs_relighting/PORT-GS/runs/lisa_v2_interp_selection_20261004/G/Synthetic_GS3/Drums'])"}, {"job": "PORT-Synthetic_GS3-Hotdog-G", "error": "CalledProcessError(1, ['/workspace/ubuntu2004_cuda12_1/utils/conda-envs/ssd-gs/bin/python', '-u', '/workspace/ubuntu2004_cuda12_1/projects/3dgs_relighting/PORT-GS/train.py', '--steps', '30000', '--seed', '0', '--resolution', '512', '--background', '1.0', '--display-gamma', '2.2', '--shadow-start', '2000', '--port-start', '2000', '--holdout-every', '10', '--representation', 'light_atlas', '--material-head', 'svbrdf', '--mask-weight', '0.5', '--foreground-appearance-until', '2000', '--scene', '/workspace/datasets/SSD-GS/data/Synthetic_GS3/Hotdog', '--output', '/workspace/ubuntu2004_cuda12_1/projects/3dgs_relighting/PORT-GS/runs/lisa_v2_interp_selection_20261004/G/Synthetic_GS3/Hotdog'])"}, {"job": "PORT-Synthetic_GS3-Lego-G", "error": "CalledProcessError(1, ['/workspace/ubuntu2004_cuda12_1/utils/conda-envs/ssd-gs/bin/python', '-u', '/workspace/ubuntu2004_cuda12_1/projects/3dgs_relighting/PORT-GS/train.py', '--steps', '30000', '--seed', '0', '--resolution', '512', '--background', '1.0', '--display-gamma', '2.2', '--shadow-start', '2000', '--port-start', '2000', '--holdout-every', '10', '--representation', 'light_atlas', '--material-head', 'svbrdf', '--mask-weight', '0.5', '--foreground-appearance-until', '2000', '--scene', '/workspace/datasets/SSD-GS/data/Synthetic_GS3/Lego', '--output', '/workspace/ubuntu2004_cuda12_1/projects/3dgs_relighting/PORT-GS/runs/lisa_v2_interp_selection_20261004/G/Synthetic_GS3/Lego'])"}, {"job": "PORT-Synthetic_SSS-GS-bunny_small-G", "error": "CalledProcessError(1, ['/workspace/ubuntu2004_cuda12_1/utils/conda-envs/ssd-gs/bin/python', '-u', '/workspace/ubuntu2004_cuda12_1/projects/3dgs_relighting/PORT-GS/train.py', '--steps', '30000', '--seed', '0', '--resolution', '256', '--background', '0.0', '--display-gamma', '2.2', '--shadow-start', '2000', '--port-start', '2000', '--holdout-every', '10', '--representation', 'light_atlas', '--material-head', 'svbrdf', '--mask-weight', '0.5', '--foreground-appearance-until', '2000', '--unit-light-intensity', '1.0', '--scene', '/workspace/datasets/SSD-GS/data/Synthetic_SSS-GS/bunny_small', '--output', '/workspace/ubuntu2004_cuda12_1/projects/3dgs_relighting/PORT-GS/runs/lisa_v2_interp_selection_20261004/G/Synthetic_SSS-GS/bunny_small'])"}, {"job": "PORT-Synthetic_SSS-GS-soap_small-G", "error": "CalledProcessError(1, ['/workspace/ubuntu2004_cuda12_1/utils/conda-envs/ssd-gs/bin/python', '-u', '/workspace/ubuntu2004_cuda12_1/projects/3dgs_relighting/PORT-GS/train.py', '--steps', '30000', '--seed', '0', '--resolution', '256', '--background', '0.0', '--display-gamma', '2.2', '--shadow-start', '2000', '--port-start', '2000', '--holdout-every', '10', '--representation', 'light_atlas', '--material-head', 'svbrdf', '--mask-weight', '0.5', '--foreground-appearance-until', '2000', '--unit-light-intensity', '1.0', '--scene', '/workspace/datasets/SSD-GS/data/Synthetic_SSS-GS/soap_small', '--output', '/workspace/ubuntu2004_cuda12_1/projects/3dgs_relighting/PORT-GS/runs/lisa_v2_interp_selection_20261004/G/Synthetic_SSS-GS/soap_small'])"}]
