{"event": "startup_confirmed", "job": "PORT-Synthetic_SSS-GS-soap_small-nosplit_fg_spec", "gpu": "3.0", "pid": 447815, "phase": "train", "step": 100}
{"event": "startup_confirmed", "job": "PORT-Synthetic_SSS-GS-bunny_small-nosplit_fg_spec", "gpu": "3.1", "pid": 447814, "phase": "train", "step": 100}
{"event": "startup_confirmed", "job": "PORT-Real_NRHints-Cat-nosplit_fg_spec", "gpu": "0.0", "pid": 447809, "phase": "train", "step": 100}
{"event": "startup_confirmed", "job": "PORT-Real_NRHints-FurScene-nosplit_fg_spec", "gpu": "1.0", "pid": 447811, "phase": "train", "step": 100}
{"event": "startup_confirmed", "job": "PORT-Synthetic_GS3-Hotdog-nosplit_fg_spec", "gpu": "2.0", "pid": 447813, "phase": "train", "step": 100}
{"event": "startup_confirmed", "job": "PORT-Synthetic_GS3-Lego-nosplit_fg_spec", "gpu": "2.1", "pid": 447810, "phase": "train", "step": 100}
{"event": "startup_confirmed", "job": "PORT-Real_NRHints-CupFabric-nosplit_fg_spec", "gpu": "0.1", "pid": 447808, "phase": "train", "step": 100}
{"event": "startup_confirmed", "job": "PORT-Synthetic_GS3-Drums-nosplit_fg_spec", "gpu": "1.1", "pid": 447812, "phase": "train", "step": 100}
{"event": "phasefinish", "job": "PORT-Synthetic_SSS-GS-soap_small-nosplit_fg_spec", "gpu": "3.0", "phase": "train", "pid": 447815}
{"event": "phasefinish", "job": "PORT-Synthetic_SSS-GS-soap_small-nosplit_fg_spec", "gpu": "3.0", "phase": "eval", "pid": 452685}
{"event": "jobfinish", "job": "PORT-Synthetic_SSS-GS-soap_small-nosplit_fg_spec", "gpu": "3.0"}
{"event": "phasefinish", "job": "PORT-Synthetic_SSS-GS-bunny_small-nosplit_fg_spec", "gpu": "3.1", "phase": "train", "pid": 447814}
{"event": "phasefinish", "job": "PORT-Synthetic_SSS-GS-bunny_small-nosplit_fg_spec", "gpu": "3.1", "phase": "eval", "pid": 452814}
{"event": "jobfinish", "job": "PORT-Synthetic_SSS-GS-bunny_small-nosplit_fg_spec", "gpu": "3.1"}
{"event": "startup_confirmed", "job": "PORT-Real_NRHints-Cat-nosplit_fg", "gpu": "3.0", "pid": 452771, "phase": "train", "step": 100}
{"event": "startup_confirmed", "job": "PORT-Real_NRHints-CupFabric-nosplit_fg", "gpu": "3.1", "pid": 452931, "phase": "train", "step": 100}
{"event": "phasefinish", "job": "PORT-Synthetic_GS3-Hotdog-nosplit_fg_spec", "gpu": "2.0", "phase": "train", "pid": 447813}
{"event": "phasefinish", "job": "PORT-Synthetic_GS3-Hotdog-nosplit_fg_spec", "gpu": "2.0", "phase": "eval", "pid": 454528}
{"event": "jobfinish", "job": "PORT-Synthetic_GS3-Hotdog-nosplit_fg_spec", "gpu": "2.0"}
{"event": "phasefinish", "job": "PORT-Synthetic_GS3-Lego-nosplit_fg_spec", "gpu": "2.1", "phase": "train", "pid": 447810}
{"event": "startup_confirmed", "job": "PORT-Real_NRHints-FurScene-nosplit_fg", "gpu": "2.0", "pid": 454666, "phase": "train", "step": 100}
{"event": "phasefinish", "job": "PORT-Real_NRHints-Cat-nosplit_fg_spec", "gpu": "0.0", "phase": "train", "pid": 447809}
{"event": "phasefinish", "job": "PORT-Synthetic_GS3-Lego-nosplit_fg_spec", "gpu": "2.1", "phase": "eval", "pid": 454735}
{"event": "jobfinish", "job": "PORT-Synthetic_GS3-Lego-nosplit_fg_spec", "gpu": "2.1"}
{"event": "phasefinish", "job": "PORT-Real_NRHints-FurScene-nosplit_fg_spec", "gpu": "1.0", "phase": "train", "pid": 447811}
{"event": "phasefinish", "job": "PORT-Real_NRHints-Cat-nosplit_fg_spec", "gpu": "0.0", "phase": "eval", "pid": 454868}
{"event": "jobfinish", "job": "PORT-Real_NRHints-Cat-nosplit_fg_spec", "gpu": "0.0"}
{"event": "phasefinish", "job": "PORT-Real_NRHints-CupFabric-nosplit_fg_spec", "gpu": "0.1", "phase": "train", "pid": 447808}
{"event": "phasefinish", "job": "PORT-Real_NRHints-FurScene-nosplit_fg_spec", "gpu": "1.0", "phase": "eval", "pid": 455023}
{"event": "jobfinish", "job": "PORT-Real_NRHints-FurScene-nosplit_fg_spec", "gpu": "1.0"}
{"event": "phasefinish", "job": "PORT-Real_NRHints-CupFabric-nosplit_fg_spec", "gpu": "0.1", "phase": "eval", "pid": 455146}
{"event": "jobfinish", "job": "PORT-Real_NRHints-CupFabric-nosplit_fg_spec", "gpu": "0.1"}
{"event": "phasefinish", "job": "PORT-Synthetic_GS3-Drums-nosplit_fg_spec", "gpu": "1.1", "phase": "train", "pid": 447812}
{"event": "startup_confirmed", "job": "PORT-Synthetic_SSS-GS-bunny_small-nosplit_fg", "gpu": "0.1", "pid": 455283, "phase": "train", "step": 100}
{"event": "startup_confirmed", "job": "PORT-Synthetic_GS3-Hotdog-nosplit_fg", "gpu": "0.0", "pid": 455024, "phase": "train", "step": 100}
{"event": "phasefinish", "job": "PORT-Synthetic_GS3-Drums-nosplit_fg_spec", "gpu": "1.1", "phase": "eval", "pid": 455323}
{"event": "jobfinish", "job": "PORT-Synthetic_GS3-Drums-nosplit_fg_spec", "gpu": "1.1"}
{"event": "startup_confirmed", "job": "PORT-Synthetic_SSS-GS-soap_small-nosplit_fg", "gpu": "1.1", "pid": 455461, "phase": "train", "step": 100}
{"event": "startup_confirmed", "job": "PORT-Synthetic_GS3-Drums-nosplit_fg", "gpu": "2.1", "pid": 454917, "phase": "train", "step": 100}
{"event": "startup_confirmed", "job": "PORT-Synthetic_GS3-Lego-nosplit_fg", "gpu": "1.0", "pid": 455226, "phase": "train", "step": 100}
{"event": "phasefinish", "job": "PORT-Real_NRHints-Cat-nosplit_fg", "gpu": "3.0", "phase": "train", "pid": 452771}
{"event": "phasefinish", "job": "PORT-Real_NRHints-Cat-nosplit_fg", "gpu": "3.0", "phase": "eval", "pid": 460479}
{"event": "jobfinish", "job": "PORT-Real_NRHints-Cat-nosplit_fg", "gpu": "3.0"}
{"event": "startup_confirmed", "job": "PORT-Real_NRHints-Cat-ref", "gpu": "3.0", "pid": 460580, "phase": "train", "step": 100}
{"event": "phasefinish", "job": "PORT-Real_NRHints-CupFabric-nosplit_fg", "gpu": "3.1", "phase": "train", "pid": 452931}
{"event": "phasefinish", "job": "PORT-Real_NRHints-CupFabric-nosplit_fg", "gpu": "3.1", "phase": "eval", "pid": 460681}
{"event": "jobfinish", "job": "PORT-Real_NRHints-CupFabric-nosplit_fg", "gpu": "3.1"}
{"event": "startup_confirmed", "job": "PORT-Real_NRHints-CupFabric-ref", "gpu": "3.1", "pid": 460778, "phase": "train", "step": 100}
{"event": "phasefinish", "job": "PORT-Synthetic_SSS-GS-bunny_small-nosplit_fg", "gpu": "0.1", "phase": "train", "pid": 455283}
{"event": "phasefinish", "job": "PORT-Synthetic_SSS-GS-bunny_small-nosplit_fg", "gpu": "0.1", "phase": "eval", "pid": 461980}
{"event": "jobfinish", "job": "PORT-Synthetic_SSS-GS-bunny_small-nosplit_fg", "gpu": "0.1"}
{"event": "startup_confirmed", "job": "PORT-Real_NRHints-FurScene-ref", "gpu": "0.1", "pid": 462094, "phase": "train", "step": 100}
{"event": "phasefinish", "job": "PORT-Synthetic_GS3-Hotdog-nosplit_fg", "gpu": "0.0", "phase": "train", "pid": 455024}
{"event": "phasefinish", "job": "PORT-Synthetic_GS3-Hotdog-nosplit_fg", "gpu": "0.0", "phase": "eval", "pid": 462268}
{"event": "jobfinish", "job": "PORT-Synthetic_GS3-Hotdog-nosplit_fg", "gpu": "0.0"}
{"event": "phasefinish", "job": "PORT-Synthetic_SSS-GS-soap_small-nosplit_fg", "gpu": "1.1", "phase": "train", "pid": 455461}
{"event": "phasefinish", "job": "PORT-Synthetic_SSS-GS-soap_small-nosplit_fg", "gpu": "1.1", "phase": "eval", "pid": 462586}
{"event": "jobfinish", "job": "PORT-Synthetic_SSS-GS-soap_small-nosplit_fg", "gpu": "1.1"}
{"event": "startup_confirmed", "job": "PORT-Synthetic_GS3-Drums-ref", "gpu": "0.0", "pid": 462464, "phase": "train", "step": 100}
{"event": "startup_confirmed", "job": "PORT-Synthetic_GS3-Hotdog-ref", "gpu": "1.1", "pid": 462688, "phase": "train", "step": 100}
{"event": "phasefinish", "job": "PORT-Synthetic_GS3-Lego-nosplit_fg", "gpu": "1.0", "phase": "train", "pid": 455226}
{"event": "phasefinish", "job": "PORT-Synthetic_GS3-Lego-nosplit_fg", "gpu": "1.0", "phase": "eval", "pid": 463039}
{"event": "jobfinish", "job": "PORT-Synthetic_GS3-Lego-nosplit_fg", "gpu": "1.0"}
{"event": "startup_confirmed", "job": "PORT-Synthetic_GS3-Lego-ref", "gpu": "1.0", "pid": 463215, "phase": "train", "step": 100}
{"event": "phasefinish", "job": "PORT-Synthetic_GS3-Drums-nosplit_fg", "gpu": "2.1", "phase": "train", "pid": 454917}
{"event": "phasefinish", "job": "PORT-Synthetic_GS3-Drums-nosplit_fg", "gpu": "2.1", "phase": "eval", "pid": 464612}
{"event": "jobfinish", "job": "PORT-Synthetic_GS3-Drums-nosplit_fg", "gpu": "2.1"}
{"event": "startup_confirmed", "job": "PORT-Synthetic_SSS-GS-bunny_small-ref", "gpu": "2.1", "pid": 464797, "phase": "train", "step": 100}
{"event": "phasefinish", "job": "PORT-Real_NRHints-FurScene-nosplit_fg", "gpu": "2.0", "phase": "train", "pid": 454666}
{"event": "phasefinish", "job": "PORT-Real_NRHints-FurScene-nosplit_fg", "gpu": "2.0", "phase": "eval", "pid": 465024}
{"event": "jobfinish", "job": "PORT-Real_NRHints-FurScene-nosplit_fg", "gpu": "2.0"}
{"event": "startup_confirmed", "job": "PORT-Synthetic_SSS-GS-soap_small-ref", "gpu": "2.0", "pid": 465157, "phase": "train", "step": 100}
{"event": "phasefinish", "job": "PORT-Real_NRHints-Cat-ref", "gpu": "3.0", "phase": "train", "pid": 460580}
{"event": "phasefinish", "job": "PORT-Real_NRHints-Cat-ref", "gpu": "3.0", "phase": "eval", "pid": 471981}
{"event": "jobfinish", "job": "PORT-Real_NRHints-Cat-ref", "gpu": "3.0"}
{"event": "startup_confirmed", "job": "PORT-Real_NRHints-Cat-nosplit", "gpu": "3.0", "pid": 472110, "phase": "train", "step": 100}
{"event": "phasefinish", "job": "PORT-Real_NRHints-CupFabric-ref", "gpu": "3.1", "phase": "train", "pid": 460778}
{"event": "phasefinish", "job": "PORT-Real_NRHints-CupFabric-ref", "gpu": "3.1", "phase": "eval", "pid": 472173}
{"event": "jobfinish", "job": "PORT-Real_NRHints-CupFabric-ref", "gpu": "3.1"}
{"event": "startup_confirmed", "job": "PORT-Real_NRHints-CupFabric-nosplit", "gpu": "3.1", "pid": 472291, "phase": "train", "step": 100}
{"event": "phasefinish", "job": "PORT-Synthetic_SSS-GS-bunny_small-ref", "gpu": "2.1", "phase": "train", "pid": 464797}
{"event": "phasefinish", "job": "PORT-Synthetic_SSS-GS-bunny_small-ref", "gpu": "2.1", "phase": "eval", "pid": 472702}
{"event": "jobfinish", "job": "PORT-Synthetic_SSS-GS-bunny_small-ref", "gpu": "2.1"}
{"event": "phasefinish", "job": "PORT-Synthetic_GS3-Drums-ref", "gpu": "0.0", "phase": "train", "pid": 462464}
{"event": "startup_confirmed", "job": "PORT-Real_NRHints-FurScene-nosplit", "gpu": "2.1", "pid": 472792, "phase": "train", "step": 100}
{"event": "phasefinish", "job": "PORT-Synthetic_GS3-Drums-ref", "gpu": "0.0", "phase": "eval", "pid": 472849}
{"event": "jobfinish", "job": "PORT-Synthetic_GS3-Drums-ref", "gpu": "0.0"}
{"event": "startup_confirmed", "job": "PORT-Synthetic_GS3-Drums-nosplit", "gpu": "0.0", "pid": 473004, "phase": "train", "step": 100}
{"event": "phasefinish", "job": "PORT-Synthetic_GS3-Hotdog-ref", "gpu": "1.1", "phase": "train", "pid": 462688}
{"event": "phasefinish", "job": "PORT-Synthetic_GS3-Hotdog-ref", "gpu": "1.1", "phase": "eval", "pid": 474092}
{"event": "jobfinish", "job": "PORT-Synthetic_GS3-Hotdog-ref", "gpu": "1.1"}
{"event": "phasefinish", "job": "PORT-Real_NRHints-FurScene-ref", "gpu": "0.1", "phase": "train", "pid": 462094}
{"event": "phasefinish", "job": "PORT-Real_NRHints-FurScene-ref", "gpu": "0.1", "phase": "eval", "pid": 474450}
{"event": "jobfinish", "job": "PORT-Real_NRHints-FurScene-ref", "gpu": "0.1"}
{"event": "startup_confirmed", "job": "PORT-Synthetic_GS3-Hotdog-nosplit", "gpu": "1.1", "pid": 474362, "phase": "train", "step": 100}
{"event": "job_failed", "job": "PORT-Synthetic_GS3-Lego-nosplit", "gpu": "0.1", "phase": "train", "error": "CalledProcessError(-15, ['/workspace/ubuntu2004_cuda12_1/utils/conda-envs/ssd-gs/bin/python', '-u', '/workspace/ubuntu2004_cuda12_1/projects/3dgs_relighting/PORT-GS/train.py', '--steps', '30000', '--seed', '0', '--resolution', '512', '--background', '1.0', '--display-gamma', '2.2', '--shadow-start', '2000', '--port-start', '2000', '--representation', 'light_atlas', '--material-head', 'svbrdf', '--split-scale2d-stop', '0', '--scene', '/workspace/datasets/SSD-GS/data/Synthetic_GS3/Lego', '--output', '/workspace/ubuntu2004_cuda12_1/projects/3dgs_relighting/PORT-GS/runs/lisa_v2_selection_20261004/nosplit/Synthetic_GS3/Lego'])"}
{"event": "job_failed", "job": "PORT-Real_NRHints-FurScene-nosplit", "gpu": "2.1", "phase": "train", "error": "CalledProcessError(-15, ['/workspace/ubuntu2004_cuda12_1/utils/conda-envs/ssd-gs/bin/python', '-u', '/workspace/ubuntu2004_cuda12_1/projects/3dgs_relighting/PORT-GS/train.py', '--steps', '30000', '--seed', '0', '--resolution', '512', '--background', '0.0', '--display-gamma', '2.2', '--shadow-start', '2000', '--port-start', '2000', '--representation', 'light_atlas', '--material-head', 'svbrdf', '--split-scale2d-stop', '0', '--optimize-cameras', '--camera-mode', 'rotation', '--camera-gauge', 'translation', '--camera-start', '2000', '--camera-lr', '0.001', '--camera-lr-final', '1e-05', '--scene', '/workspace/datasets/SSD-GS/data/Real_NRHints/FurScene', '--output', '/workspace/ubuntu2004_cuda12_1/projects/3dgs_relighting/PORT-GS/runs/lisa_v2_selection_20261004/nosplit/Real_NRHints/FurScene'])"}
{"event": "job_failed", "job": "PORT-Real_NRHints-Cat-nosplit", "gpu": "3.0", "phase": "train", "error": "CalledProcessError(-15, ['/workspace/ubuntu2004_cuda12_1/utils/conda-envs/ssd-gs/bin/python', '-u', '/workspace/ubuntu2004_cuda12_1/projects/3dgs_relighting/PORT-GS/train.py', '--steps', '30000', '--seed', '0', '--resolution', '512', '--background', '0.0', '--display-gamma', '2.2', '--shadow-start', '2000', '--port-start', '2000', '--representation', 'light_atlas', '--material-head', 'svbrdf', '--split-scale2d-stop', '0', '--optimize-cameras', '--camera-mode', 'rotation', '--camera-gauge', 'translation', '--camera-start', '2000', '--camera-lr', '0.001', '--camera-lr-final', '1e-05', '--scene', '/workspace/datasets/SSD-GS/data/Real_NRHints/Cat', '--output', '/workspace/ubuntu2004_cuda12_1/projects/3dgs_relighting/PORT-GS/runs/lisa_v2_selection_20261004/nosplit/Real_NRHints/Cat'])"}
{"event": "job_failed", "job": "PORT-Real_NRHints-CupFabric-nosplit", "gpu": "3.1", "phase": "train", "error": "CalledProcessError(-15, ['/workspace/ubuntu2004_cuda12_1/utils/conda-envs/ssd-gs/bin/python', '-u', '/workspace/ubuntu2004_cuda12_1/projects/3dgs_relighting/PORT-GS/train.py', '--steps', '30000', '--seed', '0', '--resolution', '512', '--background', '0.0', '--display-gamma', '2.2', '--shadow-start', '2000', '--port-start', '2000', '--representation', 'light_atlas', '--material-head', 'svbrdf', '--split-scale2d-stop', '0', '--optimize-cameras', '--camera-mode', 'rotation', '--camera-gauge', 'translation', '--camera-start', '2000', '--camera-lr', '0.001', '--camera-lr-final', '1e-05', '--scene', '/workspace/datasets/SSD-GS/data/Real_NRHints/CupFabric', '--output', '/workspace/ubuntu2004_cuda12_1/projects/3dgs_relighting/PORT-GS/runs/lisa_v2_selection_20261004/nosplit/Real_NRHints/CupFabric'])"}
{"event": "job_failed", "job": "PORT-Synthetic_GS3-Hotdog-nosplit", "gpu": "1.1", "phase": "train", "error": "CalledProcessError(-15, ['/workspace/ubuntu2004_cuda12_1/utils/conda-envs/ssd-gs/bin/python', '-u', '/workspace/ubuntu2004_cuda12_1/projects/3dgs_relighting/PORT-GS/train.py', '--steps', '30000', '--seed', '0', '--resolution', '512', '--background', '1.0', '--display-gamma', '2.2', '--shadow-start', '2000', '--port-start', '2000', '--representation', 'light_atlas', '--material-head', 'svbrdf', '--split-scale2d-stop', '0', '--scene', '/workspace/datasets/SSD-GS/data/Synthetic_GS3/Hotdog', '--output', '/workspace/ubuntu2004_cuda12_1/projects/3dgs_relighting/PORT-GS/runs/lisa_v2_selection_20261004/nosplit/Synthetic_GS3/Hotdog'])"}
{"event": "job_failed", "job": "PORT-Synthetic_GS3-Drums-nosplit", "gpu": "0.0", "phase": "train", "error": "CalledProcessError(-15, ['/workspace/ubuntu2004_cuda12_1/utils/conda-envs/ssd-gs/bin/python', '-u', '/workspace/ubuntu2004_cuda12_1/projects/3dgs_relighting/PORT-GS/train.py', '--steps', '30000', '--seed', '0', '--resolution', '512', '--background', '1.0', '--display-gamma', '2.2', '--shadow-start', '2000', '--port-start', '2000', '--representation', 'light_atlas', '--material-head', 'svbrdf', '--split-scale2d-stop', '0', '--scene', '/workspace/datasets/SSD-GS/data/Synthetic_GS3/Drums', '--output', '/workspace/ubuntu2004_cuda12_1/projects/3dgs_relighting/PORT-GS/runs/lisa_v2_selection_20261004/nosplit/Synthetic_GS3/Drums'])"}
{"event": "job_failed", "job": "PORT-Synthetic_SSS-GS-bunny_small-nosplit", "gpu": "0.1", "phase": "train", "error": "CalledProcessError(1, ['/workspace/ubuntu2004_cuda12_1/utils/conda-envs/ssd-gs/bin/python', '-u', '/workspace/ubuntu2004_cuda12_1/projects/3dgs_relighting/PORT-GS/train.py', '--steps', '30000', '--seed', '0', '--resolution', '256', '--background', '0.0', '--display-gamma', '2.2', '--shadow-start', '2000', '--port-start', '2000', '--representation', 'light_atlas', '--material-head', 'svbrdf', '--split-scale2d-stop', '0', '--unit-light-intensity', '1.0', '--scene', '/workspace/datasets/SSD-GS/data/Synthetic_SSS-GS/bunny_small', '--output', '/workspace/ubuntu2004_cuda12_1/projects/3dgs_relighting/PORT-GS/runs/lisa_v2_selection_20261004/nosplit/Synthetic_SSS-GS/bunny_small'])"}
{"event": "job_failed", "job": "PORT-Synthetic_SSS-GS-soap_small-nosplit", "gpu": "2.1", "phase": "train", "error": "CalledProcessError(1, ['/workspace/ubuntu2004_cuda12_1/utils/conda-envs/ssd-gs/bin/python', '-u', '/workspace/ubuntu2004_cuda12_1/projects/3dgs_relighting/PORT-GS/train.py', '--steps', '30000', '--seed', '0', '--resolution', '256', '--background', '0.0', '--display-gamma', '2.2', '--shadow-start', '2000', '--port-start', '2000', '--representation', 'light_atlas', '--material-head', 'svbrdf', '--split-scale2d-stop', '0', '--unit-light-intensity', '1.0', '--scene', '/workspace/datasets/SSD-GS/data/Synthetic_SSS-GS/soap_small', '--output', '/workspace/ubuntu2004_cuda12_1/projects/3dgs_relighting/PORT-GS/runs/lisa_v2_selection_20261004/nosplit/Synthetic_SSS-GS/soap_small'])"}
{"event": "phasefinish", "job": "PORT-Synthetic_SSS-GS-soap_small-ref", "gpu": "2.0", "phase": "train", "pid": 465157}
{"event": "phasefinish", "job": "PORT-Synthetic_SSS-GS-soap_small-ref", "gpu": "2.0", "phase": "eval", "pid": 474744}
{"event": "jobfinish", "job": "PORT-Synthetic_SSS-GS-soap_small-ref", "gpu": "2.0"}
{"event": "phasefinish", "job": "PORT-Synthetic_GS3-Lego-ref", "gpu": "1.0", "phase": "train", "pid": 463215}
{"event": "phasefinish", "job": "PORT-Synthetic_GS3-Lego-ref", "gpu": "1.0", "phase": "eval", "pid": 474850}
{"event": "jobfinish", "job": "PORT-Synthetic_GS3-Lego-ref", "gpu": "1.0"}
{"event": "queue_failed", "jobs": [{"job": "PORT-Real_NRHints-Cat-nosplit", "error": "CalledProcessError(-15, ['/workspace/ubuntu2004_cuda12_1/utils/conda-envs/ssd-gs/bin/python', '-u', '/workspace/ubuntu2004_cuda12_1/projects/3dgs_relighting/PORT-GS/train.py', '--steps', '30000', '--seed', '0', '--resolution', '512', '--background', '0.0', '--display-gamma', '2.2', '--shadow-start', '2000', '--port-start', '2000', '--representation', 'light_atlas', '--material-head', 'svbrdf', '--split-scale2d-stop', '0', '--optimize-cameras', '--camera-mode', 'rotation', '--camera-gauge', 'translation', '--camera-start', '2000', '--camera-lr', '0.001', '--camera-lr-final', '1e-05', '--scene', '/workspace/datasets/SSD-GS/data/Real_NRHints/Cat', '--output', '/workspace/ubuntu2004_cuda12_1/projects/3dgs_relighting/PORT-GS/runs/lisa_v2_selection_20261004/nosplit/Real_NRHints/Cat'])"}, {"job": "PORT-Real_NRHints-CupFabric-nosplit", "error": "CalledProcessError(-15, ['/workspace/ubuntu2004_cuda12_1/utils/conda-envs/ssd-gs/bin/python', '-u', '/workspace/ubuntu2004_cuda12_1/projects/3dgs_relighting/PORT-GS/train.py', '--steps', '30000', '--seed', '0', '--resolution', '512', '--background', '0.0', '--display-gamma', '2.2', '--shadow-start', '2000', '--port-start', '2000', '--representation', 'light_atlas', '--material-head', 'svbrdf', '--split-scale2d-stop', '0', '--optimize-cameras', '--camera-mode', 'rotation', '--camera-gauge', 'translation', '--camera-start', '2000', '--camera-lr', '0.001', '--camera-lr-final', '1e-05', '--scene', '/workspace/datasets/SSD-GS/data/Real_NRHints/CupFabric', '--output', '/workspace/ubuntu2004_cuda12_1/projects/3dgs_relighting/PORT-GS/runs/lisa_v2_selection_20261004/nosplit/Real_NRHints/CupFabric'])"}, {"job": "PORT-Real_NRHints-FurScene-nosplit", "error": "CalledProcessError(-15, ['/workspace/ubuntu2004_cuda12_1/utils/conda-envs/ssd-gs/bin/python', '-u', '/workspace/ubuntu2004_cuda12_1/projects/3dgs_relighting/PORT-GS/train.py', '--steps', '30000', '--seed', '0', '--resolution', '512', '--background', '0.0', '--display-gamma', '2.2', '--shadow-start', '2000', '--port-start', '2000', '--representation', 'light_atlas', '--material-head', 'svbrdf', '--split-scale2d-stop', '0', '--optimize-cameras', '--camera-mode', 'rotation', '--camera-gauge', 'translation', '--camera-start', '2000', '--camera-lr', '0.001', '--camera-lr-final', '1e-05', '--scene', '/workspace/datasets/SSD-GS/data/Real_NRHints/FurScene', '--output', '/workspace/ubuntu2004_cuda12_1/projects/3dgs_relighting/PORT-GS/runs/lisa_v2_selection_20261004/nosplit/Real_NRHints/FurScene'])"}, {"job": "PORT-Synthetic_GS3-Drums-nosplit", "error": "CalledProcessError(-15, ['/workspace/ubuntu2004_cuda12_1/utils/conda-envs/ssd-gs/bin/python', '-u', '/workspace/ubuntu2004_cuda12_1/projects/3dgs_relighting/PORT-GS/train.py', '--steps', '30000', '--seed', '0', '--resolution', '512', '--background', '1.0', '--display-gamma', '2.2', '--shadow-start', '2000', '--port-start', '2000', '--representation', 'light_atlas', '--material-head', 'svbrdf', '--split-scale2d-stop', '0', '--scene', '/workspace/datasets/SSD-GS/data/Synthetic_GS3/Drums', '--output', '/workspace/ubuntu2004_cuda12_1/projects/3dgs_relighting/PORT-GS/runs/lisa_v2_selection_20261004/nosplit/Synthetic_GS3/Drums'])"}, {"job": "PORT-Synthetic_GS3-Hotdog-nosplit", "error": "CalledProcessError(-15, ['/workspace/ubuntu2004_cuda12_1/utils/conda-envs/ssd-gs/bin/python', '-u', '/workspace/ubuntu2004_cuda12_1/projects/3dgs_relighting/PORT-GS/train.py', '--steps', '30000', '--seed', '0', '--resolution', '512', '--background', '1.0', '--display-gamma', '2.2', '--shadow-start', '2000', '--port-start', '2000', '--representation', 'light_atlas', '--material-head', 'svbrdf', '--split-scale2d-stop', '0', '--scene', '/workspace/datasets/SSD-GS/data/Synthetic_GS3/Hotdog', '--output', '/workspace/ubuntu2004_cuda12_1/projects/3dgs_relighting/PORT-GS/runs/lisa_v2_selection_20261004/nosplit/Synthetic_GS3/Hotdog'])"}, {"job": "PORT-Synthetic_GS3-Lego-nosplit", "error": "CalledProcessError(-15, ['/workspace/ubuntu2004_cuda12_1/utils/conda-envs/ssd-gs/bin/python', '-u', '/workspace/ubuntu2004_cuda12_1/projects/3dgs_relighting/PORT-GS/train.py', '--steps', '30000', '--seed', '0', '--resolution', '512', '--background', '1.0', '--display-gamma', '2.2', '--shadow-start', '2000', '--port-start', '2000', '--representation', 'light_atlas', '--material-head', 'svbrdf', '--split-scale2d-stop', '0', '--scene', '/workspace/datasets/SSD-GS/data/Synthetic_GS3/Lego', '--output', '/workspace/ubuntu2004_cuda12_1/projects/3dgs_relighting/PORT-GS/runs/lisa_v2_selection_20261004/nosplit/Synthetic_GS3/Lego'])"}, {"job": "PORT-Synthetic_SSS-GS-bunny_small-nosplit", "error": "CalledProcessError(1, ['/workspace/ubuntu2004_cuda12_1/utils/conda-envs/ssd-gs/bin/python', '-u', '/workspace/ubuntu2004_cuda12_1/projects/3dgs_relighting/PORT-GS/train.py', '--steps', '30000', '--seed', '0', '--resolution', '256', '--background', '0.0', '--display-gamma', '2.2', '--shadow-start', '2000', '--port-start', '2000', '--representation', 'light_atlas', '--material-head', 'svbrdf', '--split-scale2d-stop', '0', '--unit-light-intensity', '1.0', '--scene', '/workspace/datasets/SSD-GS/data/Synthetic_SSS-GS/bunny_small', '--output', '/workspace/ubuntu2004_cuda12_1/projects/3dgs_relighting/PORT-GS/runs/lisa_v2_selection_20261004/nosplit/Synthetic_SSS-GS/bunny_small'])"}, {"job": "PORT-Synthetic_SSS-GS-soap_small-nosplit", "error": "CalledProcessError(1, ['/workspace/ubuntu2004_cuda12_1/utils/conda-envs/ssd-gs/bin/python', '-u', '/workspace/ubuntu2004_cuda12_1/projects/3dgs_relighting/PORT-GS/train.py', '--steps', '30000', '--seed', '0', '--resolution', '256', '--background', '0.0', '--display-gamma', '2.2', '--shadow-start', '2000', '--port-start', '2000', '--representation', 'light_atlas', '--material-head', 'svbrdf', '--split-scale2d-stop', '0', '--unit-light-intensity', '1.0', '--scene', '/workspace/datasets/SSD-GS/data/Synthetic_SSS-GS/soap_small', '--output', '/workspace/ubuntu2004_cuda12_1/projects/3dgs_relighting/PORT-GS/runs/lisa_v2_selection_20261004/nosplit/Synthetic_SSS-GS/soap_small'])"}]}
Traceback (most recent call last):
  File "/workspace/ubuntu2004_cuda12_1/projects/3dgs_relighting/PORT-GS/run_benchmark.py", line 525, in <module>
    main()
  File "/workspace/ubuntu2004_cuda12_1/projects/3dgs_relighting/PORT-GS/run_benchmark.py", line 521, in main
    run(manifest_path, resume=args.resume)
  File "/workspace/ubuntu2004_cuda12_1/projects/3dgs_relighting/PORT-GS/run_benchmark.py", line 471, in run
    raise RuntimeError(f"benchmark jobs failed: {json.dumps(failed_jobs)}")
RuntimeError: benchmark jobs failed: [{"job": "PORT-Real_NRHints-Cat-nosplit", "error": "CalledProcessError(-15, ['/workspace/ubuntu2004_cuda12_1/utils/conda-envs/ssd-gs/bin/python', '-u', '/workspace/ubuntu2004_cuda12_1/projects/3dgs_relighting/PORT-GS/train.py', '--steps', '30000', '--seed', '0', '--resolution', '512', '--background', '0.0', '--display-gamma', '2.2', '--shadow-start', '2000', '--port-start', '2000', '--representation', 'light_atlas', '--material-head', 'svbrdf', '--split-scale2d-stop', '0', '--optimize-cameras', '--camera-mode', 'rotation', '--camera-gauge', 'translation', '--camera-start', '2000', '--camera-lr', '0.001', '--camera-lr-final', '1e-05', '--scene', '/workspace/datasets/SSD-GS/data/Real_NRHints/Cat', '--output', '/workspace/ubuntu2004_cuda12_1/projects/3dgs_relighting/PORT-GS/runs/lisa_v2_selection_20261004/nosplit/Real_NRHints/Cat'])"}, {"job": "PORT-Real_NRHints-CupFabric-nosplit", "error": "CalledProcessError(-15, ['/workspace/ubuntu2004_cuda12_1/utils/conda-envs/ssd-gs/bin/python', '-u', '/workspace/ubuntu2004_cuda12_1/projects/3dgs_relighting/PORT-GS/train.py', '--steps', '30000', '--seed', '0', '--resolution', '512', '--background', '0.0', '--display-gamma', '2.2', '--shadow-start', '2000', '--port-start', '2000', '--representation', 'light_atlas', '--material-head', 'svbrdf', '--split-scale2d-stop', '0', '--optimize-cameras', '--camera-mode', 'rotation', '--camera-gauge', 'translation', '--camera-start', '2000', '--camera-lr', '0.001', '--camera-lr-final', '1e-05', '--scene', '/workspace/datasets/SSD-GS/data/Real_NRHints/CupFabric', '--output', '/workspace/ubuntu2004_cuda12_1/projects/3dgs_relighting/PORT-GS/runs/lisa_v2_selection_20261004/nosplit/Real_NRHints/CupFabric'])"}, {"job": "PORT-Real_NRHints-FurScene-nosplit", "error": "CalledProcessError(-15, ['/workspace/ubuntu2004_cuda12_1/utils/conda-envs/ssd-gs/bin/python', '-u', '/workspace/ubuntu2004_cuda12_1/projects/3dgs_relighting/PORT-GS/train.py', '--steps', '30000', '--seed', '0', '--resolution', '512', '--background', '0.0', '--display-gamma', '2.2', '--shadow-start', '2000', '--port-start', '2000', '--representation', 'light_atlas', '--material-head', 'svbrdf', '--split-scale2d-stop', '0', '--optimize-cameras', '--camera-mode', 'rotation', '--camera-gauge', 'translation', '--camera-start', '2000', '--camera-lr', '0.001', '--camera-lr-final', '1e-05', '--scene', '/workspace/datasets/SSD-GS/data/Real_NRHints/FurScene', '--output', '/workspace/ubuntu2004_cuda12_1/projects/3dgs_relighting/PORT-GS/runs/lisa_v2_selection_20261004/nosplit/Real_NRHints/FurScene'])"}, {"job": "PORT-Synthetic_GS3-Drums-nosplit", "error": "CalledProcessError(-15, ['/workspace/ubuntu2004_cuda12_1/utils/conda-envs/ssd-gs/bin/python', '-u', '/workspace/ubuntu2004_cuda12_1/projects/3dgs_relighting/PORT-GS/train.py', '--steps', '30000', '--seed', '0', '--resolution', '512', '--background', '1.0', '--display-gamma', '2.2', '--shadow-start', '2000', '--port-start', '2000', '--representation', 'light_atlas', '--material-head', 'svbrdf', '--split-scale2d-stop', '0', '--scene', '/workspace/datasets/SSD-GS/data/Synthetic_GS3/Drums', '--output', '/workspace/ubuntu2004_cuda12_1/projects/3dgs_relighting/PORT-GS/runs/lisa_v2_selection_20261004/nosplit/Synthetic_GS3/Drums'])"}, {"job": "PORT-Synthetic_GS3-Hotdog-nosplit", "error": "CalledProcessError(-15, ['/workspace/ubuntu2004_cuda12_1/utils/conda-envs/ssd-gs/bin/python', '-u', '/workspace/ubuntu2004_cuda12_1/projects/3dgs_relighting/PORT-GS/train.py', '--steps', '30000', '--seed', '0', '--resolution', '512', '--background', '1.0', '--display-gamma', '2.2', '--shadow-start', '2000', '--port-start', '2000', '--representation', 'light_atlas', '--material-head', 'svbrdf', '--split-scale2d-stop', '0', '--scene', '/workspace/datasets/SSD-GS/data/Synthetic_GS3/Hotdog', '--output', '/workspace/ubuntu2004_cuda12_1/projects/3dgs_relighting/PORT-GS/runs/lisa_v2_selection_20261004/nosplit/Synthetic_GS3/Hotdog'])"}, {"job": "PORT-Synthetic_GS3-Lego-nosplit", "error": "CalledProcessError(-15, ['/workspace/ubuntu2004_cuda12_1/utils/conda-envs/ssd-gs/bin/python', '-u', '/workspace/ubuntu2004_cuda12_1/projects/3dgs_relighting/PORT-GS/train.py', '--steps', '30000', '--seed', '0', '--resolution', '512', '--background', '1.0', '--display-gamma', '2.2', '--shadow-start', '2000', '--port-start', '2000', '--representation', 'light_atlas', '--material-head', 'svbrdf', '--split-scale2d-stop', '0', '--scene', '/workspace/datasets/SSD-GS/data/Synthetic_GS3/Lego', '--output', '/workspace/ubuntu2004_cuda12_1/projects/3dgs_relighting/PORT-GS/runs/lisa_v2_selection_20261004/nosplit/Synthetic_GS3/Lego'])"}, {"job": "PORT-Synthetic_SSS-GS-bunny_small-nosplit", "error": "CalledProcessError(1, ['/workspace/ubuntu2004_cuda12_1/utils/conda-envs/ssd-gs/bin/python', '-u', '/workspace/ubuntu2004_cuda12_1/projects/3dgs_relighting/PORT-GS/train.py', '--steps', '30000', '--seed', '0', '--resolution', '256', '--background', '0.0', '--display-gamma', '2.2', '--shadow-start', '2000', '--port-start', '2000', '--representation', 'light_atlas', '--material-head', 'svbrdf', '--split-scale2d-stop', '0', '--unit-light-intensity', '1.0', '--scene', '/workspace/datasets/SSD-GS/data/Synthetic_SSS-GS/bunny_small', '--output', '/workspace/ubuntu2004_cuda12_1/projects/3dgs_relighting/PORT-GS/runs/lisa_v2_selection_20261004/nosplit/Synthetic_SSS-GS/bunny_small'])"}, {"job": "PORT-Synthetic_SSS-GS-soap_small-nosplit", "error": "CalledProcessError(1, ['/workspace/ubuntu2004_cuda12_1/utils/conda-envs/ssd-gs/bin/python', '-u', '/workspace/ubuntu2004_cuda12_1/projects/3dgs_relighting/PORT-GS/train.py', '--steps', '30000', '--seed', '0', '--resolution', '256', '--background', '0.0', '--display-gamma', '2.2', '--shadow-start', '2000', '--port-start', '2000', '--representation', 'light_atlas', '--material-head', 'svbrdf', '--split-scale2d-stop', '0', '--unit-light-intensity', '1.0', '--scene', '/workspace/datasets/SSD-GS/data/Synthetic_SSS-GS/soap_small', '--output', '/workspace/ubuntu2004_cuda12_1/projects/3dgs_relighting/PORT-GS/runs/lisa_v2_selection_20261004/nosplit/Synthetic_SSS-GS/soap_small'])"}]
