This is pdfTeX, Version 3.141592653-2.6-1.40.29 (TeX Live 2026) (preloaded format=pdflatex 2026.10.5)  6 OCT 2026 12:13
entering extended mode
 restricted \write18 enabled.
 %&-line parsing enabled.
**main.tex
(./main.tex
LaTeX2e <2026-06-01>
L3 programming layer <2026-09-09>
(/workspace/ubuntu2004_cuda12_1/utils/tinytex/.TinyTeX/texmf-dist/tex/latex/base/article.cls
Document Class: article 2025/01/22 v1.4n Standard LaTeX document class
(/workspace/ubuntu2004_cuda12_1/utils/tinytex/.TinyTeX/texmf-dist/tex/latex/base/size10.clo
File: size10.clo 2025/01/22 v1.4n Standard LaTeX file (size option)
)
\c@part=\count276
\c@section=\count277
\c@subsection=\count278
\c@subsubsection=\count279
\c@paragraph=\count280
\c@subparagraph=\count281
\c@figure=\count282
\c@table=\count283
\abovecaptionskip=\skip49
\belowcaptionskip=\skip50
\bibindent=\dimen150
) (./cvpr.sty
Package: cvpr 2026 LaTeX class for IEEE CVPR
 (/workspace/ubuntu2004_cuda12_1/utils/tinytex/.TinyTeX/texmf-dist/tex/latex/psnfss/times.sty
Package: times 2020/03/25 PSNFSS-v9.3 (SPQR) 
) (/workspace/ubuntu2004_cuda12_1/utils/tinytex/.TinyTeX/texmf-dist/tex/latex/tools/xspace.sty
Package: xspace 2014/10/28 v1.13 Space after command names (DPC,MH)
) (/workspace/ubuntu2004_cuda12_1/utils/tinytex/.TinyTeX/texmf-dist/tex/latex/xcolor/xcolor.sty
Package: xcolor 2024/09/29 v3.02 LaTeX color extensions (UK)
 (/workspace/ubuntu2004_cuda12_1/utils/tinytex/.TinyTeX/texmf-dist/tex/latex/graphics-cfg/color.cfg
File: color.cfg 2016/01/02 v1.6 sample color configuration
)
Package xcolor Info: Driver file: pdftex.def on input line 274.
 (/workspace/ubuntu2004_cuda12_1/utils/tinytex/.TinyTeX/texmf-dist/tex/latex/graphics-def/pdftex.def
File: pdftex.def 2025/09/29 v1.2d Graphics/color driver for pdftex
) (/workspace/ubuntu2004_cuda12_1/utils/tinytex/.TinyTeX/texmf-dist/tex/latex/graphics/mathcolor.ltx)
Package xcolor Info: Model `cmy' substituted by `cmy0' on input line 1349.
Package xcolor Info: Model `hsb' substituted by `rgb' on input line 1353.
Package xcolor Info: Model `RGB' extended on input line 1365.
Package xcolor Info: Model `HTML' substituted by `rgb' on input line 1367.
Package xcolor Info: Model `Hsb' substituted by `hsb' on input line 1368.
Package xcolor Info: Model `tHsb' substituted by `hsb' on input line 1369.
Package xcolor Info: Model `HSB' substituted by `hsb' on input line 1370.
Package xcolor Info: Model `Gray' substituted by `gray' on input line 1371.
Package xcolor Info: Model `wave' substituted by `hsb' on input line 1372.
) (/workspace/ubuntu2004_cuda12_1/utils/tinytex/.TinyTeX/texmf-dist/tex/latex/graphics/dvipsnam.def
File: dvipsnam.def 2026-05-17 v3.0m Driver-dependent file (DPC,SPQR)
) (/workspace/ubuntu2004_cuda12_1/utils/tinytex/.TinyTeX/texmf-dist/tex/latex/graphics/graphicx.sty
Package: graphicx 2026-05-17 v1.2e Enhanced LaTeX Graphics (DPC,SPQR)
 (/workspace/ubuntu2004_cuda12_1/utils/tinytex/.TinyTeX/texmf-dist/tex/latex/graphics/keyval.sty
Package: keyval 2026-05-17 v1.15 key=value parser (DPC)
\KV@toks@=\toks17
) (/workspace/ubuntu2004_cuda12_1/utils/tinytex/.TinyTeX/texmf-dist/tex/latex/graphics/graphics.sty
Package: graphics 2026-05-17 v1.4h Standard LaTeX Graphics (DPC,SPQR)
 (/workspace/ubuntu2004_cuda12_1/utils/tinytex/.TinyTeX/texmf-dist/tex/latex/graphics/trig.sty
Package: trig 2023/12/02 v1.11 sin cos tan (DPC)
) (/workspace/ubuntu2004_cuda12_1/utils/tinytex/.TinyTeX/texmf-dist/tex/latex/graphics-cfg/graphics.cfg
File: graphics.cfg 2016/06/04 v1.11 sample graphics configuration
)
Package graphics Info: Driver file: pdftex.def on input line 106.
)
\Gin@req@height=\dimen151
\Gin@req@width=\dimen152
) (/workspace/ubuntu2004_cuda12_1/utils/tinytex/.TinyTeX/texmf-dist/tex/latex/amsmath/amsmath.sty
Package: amsmath 2026/05/19 v2.18d AMS math features
\@mathmargin=\skip51

For additional information on amsmath, use the `?' option.
(/workspace/ubuntu2004_cuda12_1/utils/tinytex/.TinyTeX/texmf-dist/tex/latex/amsmath/amstext.sty
Package: amstext 2024/11/17 v2.01 AMS text
 (/workspace/ubuntu2004_cuda12_1/utils/tinytex/.TinyTeX/texmf-dist/tex/latex/amsmath/amsgen.sty
File: amsgen.sty 1999/11/30 v2.0 generic functions
\@emptytoks=\toks18
\ex@=\dimen153
)) (/workspace/ubuntu2004_cuda12_1/utils/tinytex/.TinyTeX/texmf-dist/tex/latex/amsmath/amsbsy.sty
Package: amsbsy 1999/11/29 v1.2d Bold Symbols
\pmbraise@=\dimen154
) (/workspace/ubuntu2004_cuda12_1/utils/tinytex/.TinyTeX/texmf-dist/tex/latex/amsmath/amsopn.sty
Package: amsopn 2022/04/08 v2.04 operator names
)
\inf@bad=\count284
LaTeX Info: Redefining \frac on input line 233.
\uproot@=\count285
\leftroot@=\count286
LaTeX Info: Redefining \overline on input line 398.
LaTeX Info: Redefining \colon on input line 409.
\classnum@=\count287
\DOTSCASE@=\count288
LaTeX Info: Redefining \ldots on input line 495.
LaTeX Info: Redefining \dots on input line 498.
LaTeX Info: Redefining \cdots on input line 619.
\Mathstrutbox@=\box53
\strutbox@=\box54
LaTeX Info: Redefining \big on input line 721.
LaTeX Info: Redefining \Big on input line 722.
LaTeX Info: Redefining \bigg on input line 723.
LaTeX Info: Redefining \Bigg on input line 724.
\big@size=\dimen155
LaTeX Font Info:    Redeclaring font encoding OML on input line 742.
LaTeX Font Info:    Redeclaring font encoding OMS on input line 743.
\macc@depth=\count289
LaTeX Info: Redefining \bmod on input line 904.
LaTeX Info: Redefining \pmod on input line 909.
LaTeX Info: Redefining \smash on input line 939.
LaTeX Info: Redefining \relbar on input line 969.
LaTeX Info: Redefining \Relbar on input line 970.
\c@MaxMatrixCols=\count290
\dotsspace@=\muskip17
\c@parentequation=\count291
\dspbrk@lvl=\count292
\tag@help=\toks19
\row@=\count293
\column@=\count294
\maxfields@=\count295
\andhelp@=\toks20
\eqnshift@=\dimen156
\alignsep@=\dimen157
\tagshift@=\dimen158
\tagwidth@=\dimen159
\totwidth@=\dimen160
\lineht@=\dimen161
\@envbody=\toks21
\multlinegap=\skip52
\multlinetaggap=\skip53
\mathdisplay@stack=\toks22
LaTeX Info: Redefining \[ on input line 2965.
LaTeX Info: Redefining \] on input line 2966.
) (/workspace/ubuntu2004_cuda12_1/utils/tinytex/.TinyTeX/texmf-dist/tex/latex/amsfonts/amssymb.sty
Package: amssymb 2013/01/14 v3.01 AMS font symbols
 (/workspace/ubuntu2004_cuda12_1/utils/tinytex/.TinyTeX/texmf-dist/tex/latex/amsfonts/amsfonts.sty
Package: amsfonts 2013/01/14 v3.01 Basic AMSFonts support
\symAMSa=\mathgroup4
\symAMSb=\mathgroup5
LaTeX Font Info:    Redeclaring math symbol \hbar on input line 98.
LaTeX Font Info:    Overwriting math alphabet `\mathfrak' in version `bold'
(Font)                  U/euf/m/n --> U/euf/b/n on input line 106.
)) (/workspace/ubuntu2004_cuda12_1/utils/tinytex/.TinyTeX/texmf-dist/tex/latex/booktabs/booktabs.sty
Package: booktabs 2020/01/12 v1.61803398 Publication quality tables
\heavyrulewidth=\dimen162
\lightrulewidth=\dimen163
\cmidrulewidth=\dimen164
\belowrulesep=\dimen165
\belowbottomsep=\dimen166
\aboverulesep=\dimen167
\abovetopsep=\dimen168
\cmidrulesep=\dimen169
\cmidrulekern=\dimen170
\defaultaddspace=\dimen171
\@cmidla=\count296
\@cmidlb=\count297
\@aboverulesep=\dimen172
\@belowrulesep=\dimen173
\@thisruleclass=\count298
\@lastruleclass=\count299
\@thisrulewidth=\dimen174
) (/workspace/ubuntu2004_cuda12_1/utils/tinytex/.TinyTeX/texmf-dist/tex/latex/natbib/natbib.sty
Package: natbib 2010/09/13 8.31b (PWD, AO)
\bibhang=\skip54
\bibsep=\skip55
LaTeX Info: Redefining \cite on input line 694.
\c@NAT@ctr=\count300
) (/workspace/ubuntu2004_cuda12_1/utils/tinytex/.TinyTeX/texmf-dist/tex/latex/silence/silence.sty
Package: silence 2012/07/02 v1.5b Selective filtering of warnings and error messages
\sl@Save=\count301
\sl@StateNumber=\count302
\sl@MessageCount=\count303
\sl@Casualties=\count304
\sl@Filter=\toks23
\sl@Message=\toks24
\sl@UnexpandedMessage=\toks25
\sl@Mess@ge=\toks26
\sl@WarningCount=\count305
\sl@WarningNumber=\count306
\sl@WarningCasualties=\count307
\sl@TempBOW=\toks27
\sl@BankOfWarnings=\toks28
LaTeX Info: Redefining \GenericWarning on input line 433.
\sl@ErrorCount=\count308
\sl@ErrorNumber=\count309
\sl@ErrorCasualties=\count310
\sl@TempBOE=\toks29
\sl@BankOfErrors=\toks30
LaTeX Info: Redefining \GenericError on input line 601.
) (/workspace/ubuntu2004_cuda12_1/utils/tinytex/.TinyTeX/texmf-dist/tex/latex/etoolbox/etoolbox.sty
Package: etoolbox 2025/10/02 v2.5m e-TeX tools for LaTeX (JAW)
\etb@tempcnta=\count311
) (/workspace/ubuntu2004_cuda12_1/utils/tinytex/.TinyTeX/texmf-dist/tex/latex/caption/caption.sty
Package: caption 2023/08/05 v3.6o Customizing captions (AR)
 (/workspace/ubuntu2004_cuda12_1/utils/tinytex/.TinyTeX/texmf-dist/tex/latex/caption/caption3.sty
Package: caption3 2023/07/31 v2.4d caption3 kernel (AR)
\caption@tempdima=\dimen175
\captionmargin=\dimen176
\caption@leftmargin=\dimen177
\caption@rightmargin=\dimen178
\caption@width=\dimen179
\caption@indent=\dimen180
\caption@parindent=\dimen181
\caption@hangindent=\dimen182
Package caption Info: Standard document class detected.
)
\c@caption@flags=\count312
\c@continuedfloat=\count313
) (/workspace/ubuntu2004_cuda12_1/utils/tinytex/.TinyTeX/texmf-dist/tex/latex/caption/subcaption.sty
Package: subcaption 2023/07/28 v1.6b Sub-captions (AR)
Package caption Info: New subtype `subfigure' on input line 238.
\c@subfigure=\count314
Package caption Info: New subtype `subtable' on input line 238.
\c@subtable=\count315
) (/workspace/ubuntu2004_cuda12_1/utils/tinytex/.TinyTeX/texmf-dist/tex/latex/url/url.sty
\Urlmuskip=\muskip18
Package: url 2013/09/16  ver 3.4  Verb mode for urls, etc.
)
CVPR 8.5 x 11-Inch Proceedings Style `cvpr.sty'.
\cvprrulerbox=\box55
\cvprrulercount=\count316
\cvprruleroffset=\dimen183
\cv@lineheight=\dimen184
\cv@boxheight=\dimen185
\cv@tmpbox=\box56
\cv@refno=\count317
\cv@tot=\count318
\cv@tmpc@=\count319
\cv@tmpc=\count320
(/workspace/ubuntu2004_cuda12_1/utils/tinytex/.TinyTeX/texmf-dist/tex/latex/lineno/lineno.sty
Package: lineno 2026/03/08 line numbers on paragraphs v5.9
 (/workspace/ubuntu2004_cuda12_1/utils/tinytex/.TinyTeX/texmf-dist/tex/latex/kvoptions/kvoptions.sty
Package: kvoptions 2022-06-15 v3.15 Key value format for package options (HO)
 (/workspace/ubuntu2004_cuda12_1/utils/tinytex/.TinyTeX/texmf-dist/tex/generic/ltxcmds/ltxcmds.sty
Package: ltxcmds 2023-12-04 v1.26 LaTeX kernel commands for general use (HO)
) (/workspace/ubuntu2004_cuda12_1/utils/tinytex/.TinyTeX/texmf-dist/tex/latex/kvsetkeys/kvsetkeys.sty
Package: kvsetkeys 2022-10-05 v1.19 Key value parser (HO)
))
\linenopenalty=\count321
\output=\toks31
\linenoprevgraf=\count322
\linenumbersep=\dimen186
\linenumberwidth=\dimen187
\c@linenumber=\count323
\c@pagewiselinenumber=\count324
\c@LN@truepage=\count325
\c@internallinenumber=\count326
\c@internallinenumbers=\count327
\quotelinenumbersep=\dimen188
\bframerule=\dimen189
\bframesep=\dimen190
\bframebox=\box57
\@LN@amsmath@ams@eqpen=\count328
) (/workspace/ubuntu2004_cuda12_1/utils/tinytex/.TinyTeX/texmf-dist/tex/latex/enumitem/enumitem.sty
Package: enumitem 2025/02/06 v3.11 Customized lists
\labelindent=\skip56
\enit@outerparindent=\dimen191
\enit@toks=\toks32
\enit@inbox=\box58
\enit@count@id=\count329
\enitdp@description=\count330
)) (./preamble.tex (/workspace/ubuntu2004_cuda12_1/utils/tinytex/.TinyTeX/texmf-dist/tex/latex/sttools/cuted.sty
Package: cuted 2025/12/15 v2.10 Mixing onecolumn and twocolumn modes (ST)
\At@ViperColsBreak=\toks33
\preCutedStrip=\toks34
\postCutedStrip=\toks35
\cuted@@tempbox@a=\box59
\cuted@@tempbox@c=\box60
\cuted@@tempbox@var=\box61
\hold@viper=\box62
\@viper=\box63
\cuted@@varbox@a=\box64
\cuted@@varbox@c=\box65
\cuted@@tempdim@spread=\dimen192
\cuted@@tempdim@a=\dimen193
\cuted@@tempdim@b=\dimen194
\ht@hold@viper=\dimen195
\ht@viper=\dimen196
\var@@pagediscards@ht=\dimen197
\stripsep=\skip57
\viper@penalty=\count331
\strip@page@discards=\dimen198
) (/workspace/ubuntu2004_cuda12_1/utils/tinytex/.TinyTeX/texmf-dist/tex/latex/currfile/currfile.sty
Package: currfile 2024/03/14 v1.0 Provides the file path elements of the current input file
 (/workspace/ubuntu2004_cuda12_1/utils/tinytex/.TinyTeX/texmf-dist/tex/latex/filehook/filehook.sty
Package: filehook 2022/10/25 v0.8b Hooks for input files
 (/workspace/ubuntu2004_cuda12_1/utils/tinytex/.TinyTeX/texmf-dist/tex/latex/filehook/filehook-2020.sty
Package: filehook-2020 2022/10/25 v0.8b Hooks for input files
))
\c@currfiledepth=\count332
) (/workspace/ubuntu2004_cuda12_1/utils/tinytex/.TinyTeX/texmf-dist/tex/latex/multirow/multirow.sty
Package: multirow 2024/11/12 v2.9 Span multiple rows of a table
\multirow@colwidth=\skip58
\multirow@cntb=\count333
\multirow@dima=\skip59
\bigstrutjot=\dimen199
) (/workspace/ubuntu2004_cuda12_1/utils/tinytex/.TinyTeX/texmf-dist/tex/latex/pgf/frontendlayer/tikz.sty (/workspace/ubuntu2004_cuda12_1/utils/tinytex/.TinyTeX/texmf-dist/tex/latex/pgf/basiclayer/pgf.sty (/workspace/ubuntu2004_cuda12_1/utils/tinytex/.TinyTeX/texmf-dist/tex/latex/pgf/utilities/pgfrcs.sty (/workspace/ubuntu2004_cuda12_1/utils/tinytex/.TinyTeX/texmf-dist/tex/generic/pgf/utilities/pgfutil-common.tex
\pgfutil@everybye=\toks36
\pgfutil@tempdima=\dimen256
\pgfutil@tempdimb=\dimen257
) (/workspace/ubuntu2004_cuda12_1/utils/tinytex/.TinyTeX/texmf-dist/tex/generic/pgf/utilities/pgfutil-latex.def
\pgfutil@abb=\box66
) (/workspace/ubuntu2004_cuda12_1/utils/tinytex/.TinyTeX/texmf-dist/tex/generic/pgf/utilities/pgfrcs.code.tex (/workspace/ubuntu2004_cuda12_1/utils/tinytex/.TinyTeX/texmf-dist/tex/generic/pgf/pgf.revision.tex)
Package: pgfrcs 2026-08-01 v3.1.12 (3.1.12)
))
Package: pgf 2026-08-01 v3.1.12 (3.1.12)
 (/workspace/ubuntu2004_cuda12_1/utils/tinytex/.TinyTeX/texmf-dist/tex/latex/pgf/basiclayer/pgfcore.sty (/workspace/ubuntu2004_cuda12_1/utils/tinytex/.TinyTeX/texmf-dist/tex/latex/pgf/systemlayer/pgfsys.sty (/workspace/ubuntu2004_cuda12_1/utils/tinytex/.TinyTeX/texmf-dist/tex/generic/pgf/systemlayer/pgfsys.code.tex
Package: pgfsys 2026-08-01 v3.1.12 (3.1.12)
 (/workspace/ubuntu2004_cuda12_1/utils/tinytex/.TinyTeX/texmf-dist/tex/generic/pgf/utilities/pgfkeys.code.tex
\pgfkeys@pathtoks=\toks37
\pgfkeys@temptoks=\toks38
 (/workspace/ubuntu2004_cuda12_1/utils/tinytex/.TinyTeX/texmf-dist/tex/generic/pgf/utilities/pgfkeyslibraryfiltered.code.tex
\pgfkeys@tmptoks=\toks39
))
\pgf@x=\dimen258
\pgf@y=\dimen259
\pgf@xa=\dimen260
\pgf@ya=\dimen261
\pgf@xb=\dimen262
\pgf@yb=\dimen263
\pgf@xc=\dimen264
\pgf@yc=\dimen265
\pgf@xd=\dimen266
\pgf@yd=\dimen267
\w@pgf@writea=\write3
\r@pgf@reada=\read2
\c@pgf@counta=\count334
\c@pgf@countb=\count335
\c@pgf@countc=\count336
\c@pgf@countd=\count337
\t@pgf@toka=\toks40
\t@pgf@tokb=\toks41
\t@pgf@tokc=\toks42
\pgf@sys@id@count=\count338
 (/workspace/ubuntu2004_cuda12_1/utils/tinytex/.TinyTeX/texmf-dist/tex/generic/pgf/systemlayer/pgf.cfg
File: pgf.cfg 2026-08-01 v3.1.12 (3.1.12)
)
Driver file for pgf: pgfsys-pdftex.def
 (/workspace/ubuntu2004_cuda12_1/utils/tinytex/.TinyTeX/texmf-dist/tex/generic/pgf/systemlayer/pgfsys-pdftex.def
File: pgfsys-pdftex.def 2026-08-01 v3.1.12 (3.1.12)
 (/workspace/ubuntu2004_cuda12_1/utils/tinytex/.TinyTeX/texmf-dist/tex/generic/pgf/systemlayer/pgfsys-common-pdf.def
File: pgfsys-common-pdf.def 2026-08-01 v3.1.12 (3.1.12)
))) (/workspace/ubuntu2004_cuda12_1/utils/tinytex/.TinyTeX/texmf-dist/tex/generic/pgf/systemlayer/pgfsyssoftpath.code.tex
File: pgfsyssoftpath.code.tex 2026-08-01 v3.1.12 (3.1.12)
\pgfsyssoftpath@smallbuffer@items=\count339
\pgfsyssoftpath@bigbuffer@items=\count340
) (/workspace/ubuntu2004_cuda12_1/utils/tinytex/.TinyTeX/texmf-dist/tex/generic/pgf/systemlayer/pgfsysprotocol.code.tex
File: pgfsysprotocol.code.tex 2026-08-01 v3.1.12 (3.1.12)
)) (/workspace/ubuntu2004_cuda12_1/utils/tinytex/.TinyTeX/texmf-dist/tex/generic/pgf/basiclayer/pgfcore.code.tex
Package: pgfcore 2026-08-01 v3.1.12 (3.1.12)
 (/workspace/ubuntu2004_cuda12_1/utils/tinytex/.TinyTeX/texmf-dist/tex/generic/pgf/math/pgfmath.code.tex (/workspace/ubuntu2004_cuda12_1/utils/tinytex/.TinyTeX/texmf-dist/tex/generic/pgf/math/pgfmathutil.code.tex) (/workspace/ubuntu2004_cuda12_1/utils/tinytex/.TinyTeX/texmf-dist/tex/generic/pgf/math/pgfmathparser.code.tex
\pgfmath@dimen=\dimen268
\pgfmath@count=\count341
\pgfmath@box=\box67
\pgfmath@toks=\toks43
\pgfmath@stack@operand=\toks44
\pgfmath@stack@operation=\toks45
) (/workspace/ubuntu2004_cuda12_1/utils/tinytex/.TinyTeX/texmf-dist/tex/generic/pgf/math/pgfmathfunctions.code.tex) (/workspace/ubuntu2004_cuda12_1/utils/tinytex/.TinyTeX/texmf-dist/tex/generic/pgf/math/pgfmathfunctions.basic.code.tex) (/workspace/ubuntu2004_cuda12_1/utils/tinytex/.TinyTeX/texmf-dist/tex/generic/pgf/math/pgfmathfunctions.trigonometric.code.tex) (/workspace/ubuntu2004_cuda12_1/utils/tinytex/.TinyTeX/texmf-dist/tex/generic/pgf/math/pgfmathfunctions.random.code.tex) (/workspace/ubuntu2004_cuda12_1/utils/tinytex/.TinyTeX/texmf-dist/tex/generic/pgf/math/pgfmathfunctions.comparison.code.tex) (/workspace/ubuntu2004_cuda12_1/utils/tinytex/.TinyTeX/texmf-dist/tex/generic/pgf/math/pgfmathfunctions.base.code.tex) (/workspace/ubuntu2004_cuda12_1/utils/tinytex/.TinyTeX/texmf-dist/tex/generic/pgf/math/pgfmathfunctions.round.code.tex) (/workspace/ubuntu2004_cuda12_1/utils/tinytex/.TinyTeX/texmf-dist/tex/generic/pgf/math/pgfmathfunctions.misc.code.tex) (/workspace/ubuntu2004_cuda12_1/utils/tinytex/.TinyTeX/texmf-dist/tex/generic/pgf/math/pgfmathfunctions.integerarithmetics.code.tex) (/workspace/ubuntu2004_cuda12_1/utils/tinytex/.TinyTeX/texmf-dist/tex/generic/pgf/math/pgfmathcalc.code.tex) (/workspace/ubuntu2004_cuda12_1/utils/tinytex/.TinyTeX/texmf-dist/tex/generic/pgf/math/pgfmathfloat.code.tex
\c@pgfmathroundto@lastzeros=\count342
)) (/workspace/ubuntu2004_cuda12_1/utils/tinytex/.TinyTeX/texmf-dist/tex/generic/pgf/math/pgfint.code.tex) (/workspace/ubuntu2004_cuda12_1/utils/tinytex/.TinyTeX/texmf-dist/tex/generic/pgf/basiclayer/pgfcorepoints.code.tex
File: pgfcorepoints.code.tex 2026-08-01 v3.1.12 (3.1.12)
\pgf@picminx=\dimen269
\pgf@picmaxx=\dimen270
\pgf@picminy=\dimen271
\pgf@picmaxy=\dimen272
\pgf@pathminx=\dimen273
\pgf@pathmaxx=\dimen274
\pgf@pathminy=\dimen275
\pgf@pathmaxy=\dimen276
\pgf@xx=\dimen277
\pgf@xy=\dimen278
\pgf@yx=\dimen279
\pgf@yy=\dimen280
\pgf@zx=\dimen281
\pgf@zy=\dimen282
) (/workspace/ubuntu2004_cuda12_1/utils/tinytex/.TinyTeX/texmf-dist/tex/generic/pgf/basiclayer/pgfcorepathconstruct.code.tex
File: pgfcorepathconstruct.code.tex 2026-08-01 v3.1.12 (3.1.12)
\pgf@path@lastx=\dimen283
\pgf@path@lasty=\dimen284
) (/workspace/ubuntu2004_cuda12_1/utils/tinytex/.TinyTeX/texmf-dist/tex/generic/pgf/basiclayer/pgfcorepathusage.code.tex
File: pgfcorepathusage.code.tex 2026-08-01 v3.1.12 (3.1.12)
\pgf@shorten@end@additional=\dimen285
\pgf@shorten@start@additional=\dimen286
) (/workspace/ubuntu2004_cuda12_1/utils/tinytex/.TinyTeX/texmf-dist/tex/generic/pgf/basiclayer/pgfcorescopes.code.tex
File: pgfcorescopes.code.tex 2026-08-01 v3.1.12 (3.1.12)
\pgfpic=\box68
\pgf@hbox=\box69
\pgf@layerbox@main=\box70
\pgf@picture@serial@count=\count343
) (/workspace/ubuntu2004_cuda12_1/utils/tinytex/.TinyTeX/texmf-dist/tex/generic/pgf/basiclayer/pgfcoregraphicstate.code.tex
File: pgfcoregraphicstate.code.tex 2026-08-01 v3.1.12 (3.1.12)
\pgflinewidth=\dimen287
) (/workspace/ubuntu2004_cuda12_1/utils/tinytex/.TinyTeX/texmf-dist/tex/generic/pgf/basiclayer/pgfcoretransformations.code.tex
File: pgfcoretransformations.code.tex 2026-08-01 v3.1.12 (3.1.12)
\pgf@pt@x=\dimen288
\pgf@pt@y=\dimen289
\pgf@pt@temp=\dimen290
) (/workspace/ubuntu2004_cuda12_1/utils/tinytex/.TinyTeX/texmf-dist/tex/generic/pgf/basiclayer/pgfcorequick.code.tex
File: pgfcorequick.code.tex 2026-08-01 v3.1.12 (3.1.12)
) (/workspace/ubuntu2004_cuda12_1/utils/tinytex/.TinyTeX/texmf-dist/tex/generic/pgf/basiclayer/pgfcoreobjects.code.tex
File: pgfcoreobjects.code.tex 2026-08-01 v3.1.12 (3.1.12)
) (/workspace/ubuntu2004_cuda12_1/utils/tinytex/.TinyTeX/texmf-dist/tex/generic/pgf/basiclayer/pgfcorepathprocessing.code.tex
File: pgfcorepathprocessing.code.tex 2026-08-01 v3.1.12 (3.1.12)
) (/workspace/ubuntu2004_cuda12_1/utils/tinytex/.TinyTeX/texmf-dist/tex/generic/pgf/basiclayer/pgfcorearrows.code.tex
File: pgfcorearrows.code.tex 2026-08-01 v3.1.12 (3.1.12)
\pgfarrowsep=\dimen291
) (/workspace/ubuntu2004_cuda12_1/utils/tinytex/.TinyTeX/texmf-dist/tex/generic/pgf/basiclayer/pgfcoreshade.code.tex
File: pgfcoreshade.code.tex 2026-08-01 v3.1.12 (3.1.12)
\pgf@max=\dimen292
\pgf@sys@shading@range@num=\count344
\pgf@shadingcount=\count345
) (/workspace/ubuntu2004_cuda12_1/utils/tinytex/.TinyTeX/texmf-dist/tex/generic/pgf/basiclayer/pgfcoreimage.code.tex
File: pgfcoreimage.code.tex 2026-08-01 v3.1.12 (3.1.12)
) (/workspace/ubuntu2004_cuda12_1/utils/tinytex/.TinyTeX/texmf-dist/tex/generic/pgf/basiclayer/pgfcoreexternal.code.tex
File: pgfcoreexternal.code.tex 2026-08-01 v3.1.12 (3.1.12)
\pgfexternal@startupbox=\box71
) (/workspace/ubuntu2004_cuda12_1/utils/tinytex/.TinyTeX/texmf-dist/tex/generic/pgf/basiclayer/pgfcorelayers.code.tex
File: pgfcorelayers.code.tex 2026-08-01 v3.1.12 (3.1.12)
) (/workspace/ubuntu2004_cuda12_1/utils/tinytex/.TinyTeX/texmf-dist/tex/generic/pgf/basiclayer/pgfcoretransparency.code.tex
File: pgfcoretransparency.code.tex 2026-08-01 v3.1.12 (3.1.12)
) (/workspace/ubuntu2004_cuda12_1/utils/tinytex/.TinyTeX/texmf-dist/tex/generic/pgf/basiclayer/pgfcorepatterns.code.tex
File: pgfcorepatterns.code.tex 2026-08-01 v3.1.12 (3.1.12)
) (/workspace/ubuntu2004_cuda12_1/utils/tinytex/.TinyTeX/texmf-dist/tex/generic/pgf/basiclayer/pgfcorerdf.code.tex
File: pgfcorerdf.code.tex 2026-08-01 v3.1.12 (3.1.12)
))) (/workspace/ubuntu2004_cuda12_1/utils/tinytex/.TinyTeX/texmf-dist/tex/generic/pgf/modules/pgfmoduleshapes.code.tex
File: pgfmoduleshapes.code.tex 2026-08-01 v3.1.12 (3.1.12)
\pgfnodeparttextbox=\box72
) (/workspace/ubuntu2004_cuda12_1/utils/tinytex/.TinyTeX/texmf-dist/tex/generic/pgf/modules/pgfmoduleplot.code.tex
File: pgfmoduleplot.code.tex 2026-08-01 v3.1.12 (3.1.12)
) (/workspace/ubuntu2004_cuda12_1/utils/tinytex/.TinyTeX/texmf-dist/tex/latex/pgf/compatibility/pgfcomp-version-0-65.sty
Package: pgfcomp-version-0-65 2026-08-01 v3.1.12 (3.1.12)
\pgf@nodesepstart=\dimen293
\pgf@nodesepend=\dimen294
) (/workspace/ubuntu2004_cuda12_1/utils/tinytex/.TinyTeX/texmf-dist/tex/latex/pgf/compatibility/pgfcomp-version-1-18.sty
Package: pgfcomp-version-1-18 2026-08-01 v3.1.12 (3.1.12)
)) (/workspace/ubuntu2004_cuda12_1/utils/tinytex/.TinyTeX/texmf-dist/tex/latex/pgf/utilities/pgffor.sty (/workspace/ubuntu2004_cuda12_1/utils/tinytex/.TinyTeX/texmf-dist/tex/latex/pgf/utilities/pgfkeys.sty (/workspace/ubuntu2004_cuda12_1/utils/tinytex/.TinyTeX/texmf-dist/tex/generic/pgf/utilities/pgfkeys.code.tex)) (/workspace/ubuntu2004_cuda12_1/utils/tinytex/.TinyTeX/texmf-dist/tex/latex/pgf/math/pgfmath.sty (/workspace/ubuntu2004_cuda12_1/utils/tinytex/.TinyTeX/texmf-dist/tex/generic/pgf/math/pgfmath.code.tex)) (/workspace/ubuntu2004_cuda12_1/utils/tinytex/.TinyTeX/texmf-dist/tex/generic/pgf/utilities/pgffor.code.tex
Package: pgffor 2026-08-01 v3.1.12 (3.1.12)
\pgffor@iter=\dimen295
\pgffor@skip=\dimen296
\pgffor@stack=\toks46
\pgffor@toks=\toks47
)) (/workspace/ubuntu2004_cuda12_1/utils/tinytex/.TinyTeX/texmf-dist/tex/generic/pgf/frontendlayer/tikz/tikz.code.tex
Package: tikz 2026-08-01 v3.1.12 (3.1.12)
 (/workspace/ubuntu2004_cuda12_1/utils/tinytex/.TinyTeX/texmf-dist/tex/generic/pgf/libraries/pgflibraryplothandlers.code.tex
File: pgflibraryplothandlers.code.tex 2026-08-01 v3.1.12 (3.1.12)
\pgf@plot@mark@count=\count346
\pgfplotmarksize=\dimen297
)
\tikz@lastx=\dimen298
\tikz@lasty=\dimen299
\tikz@lastxsaved=\dimen300
\tikz@lastysaved=\dimen301
\tikz@lastmovetox=\dimen302
\tikz@lastmovetoy=\dimen303
\tikzleveldistance=\dimen304
\tikzsiblingdistance=\dimen305
\tikz@figbox=\box73
\tikz@figbox@bg=\box74
\tikz@tempbox=\box75
\tikz@tempbox@bg=\box76
\tikztreelevel=\count347
\tikznumberofchildren=\count348
\tikznumberofcurrentchild=\count349
\tikz@fig@count=\count350
 (/workspace/ubuntu2004_cuda12_1/utils/tinytex/.TinyTeX/texmf-dist/tex/generic/pgf/modules/pgfmodulematrix.code.tex
File: pgfmodulematrix.code.tex 2026-08-01 v3.1.12 (3.1.12)
\pgfmatrixcurrentrow=\count351
\pgfmatrixcurrentcolumn=\count352
\pgf@matrix@numberofcolumns=\count353
)
\tikz@expandcount=\count354
 (/workspace/ubuntu2004_cuda12_1/utils/tinytex/.TinyTeX/texmf-dist/tex/generic/pgf/frontendlayer/tikz/libraries/tikzlibrarytopaths.code.tex
File: tikzlibrarytopaths.code.tex 2026-08-01 v3.1.12 (3.1.12)
))) (/workspace/ubuntu2004_cuda12_1/utils/tinytex/.TinyTeX/texmf-dist/tex/generic/pgf/frontendlayer/tikz/libraries/tikzlibrarypositioning.code.tex
File: tikzlibrarypositioning.code.tex 2026-08-01 v3.1.12 (3.1.12)
) (/workspace/ubuntu2004_cuda12_1/utils/tinytex/.TinyTeX/texmf-dist/tex/generic/pgf/frontendlayer/tikz/libraries/tikzlibraryfit.code.tex
File: tikzlibraryfit.code.tex 2026-08-01 v3.1.12 (3.1.12)
) (/workspace/ubuntu2004_cuda12_1/utils/tinytex/.TinyTeX/texmf-dist/tex/generic/pgf/frontendlayer/tikz/libraries/tikzlibrarycalc.code.tex
File: tikzlibrarycalc.code.tex 2026-08-01 v3.1.12 (3.1.12)
) (/workspace/ubuntu2004_cuda12_1/utils/tinytex/.TinyTeX/texmf-dist/tex/generic/pgf/libraries/pgflibraryarrows.meta.code.tex
File: pgflibraryarrows.meta.code.tex 2026-08-01 v3.1.12 (3.1.12)
\pgfarrowinset=\dimen306
\pgfarrowlength=\dimen307
\pgfarrowwidth=\dimen308
\pgfarrowlinewidth=\dimen309
) (/workspace/ubuntu2004_cuda12_1/utils/tinytex/.TinyTeX/texmf-dist/tex/generic/pgf/frontendlayer/tikz/libraries/tikzlibrarybackgrounds.code.tex
File: tikzlibrarybackgrounds.code.tex 2026-08-01 v3.1.12 (3.1.12)
\pgf@layerbox@background=\box77
\pgf@layerboxsaved@background=\box78
) (/workspace/ubuntu2004_cuda12_1/utils/tinytex/.TinyTeX/texmf-dist/tex/latex/microtype/microtype.sty
Package: microtype 2026/03/01 v3.2d Micro-typographical refinements (RS)
\MT@toks=\toks48
\MT@tempbox=\box79
\MT@count=\count355
LaTeX Info: Redefining \noprotrusionifhmode on input line 1084.
LaTeX Info: Redefining \leftprotrusion on input line 1085.
\MT@prot@toks=\toks49
LaTeX Info: Redefining \rightprotrusion on input line 1104.
LaTeX Info: Redefining \textls on input line 1449.
\MT@outer@kern=\dimen310
LaTeX Info: Redefining \microtypecontext on input line 2053.
LaTeX Info: Redefining \textmicrotypecontext on input line 2070.
\MT@listname@count=\count356
 (/workspace/ubuntu2004_cuda12_1/utils/tinytex/.TinyTeX/texmf-dist/tex/latex/microtype/microtype-pdftex.def
File: microtype-pdftex.def 2026/03/01 v3.2d Definitions specific to pdftex (RS)
LaTeX Info: Redefining \lsstyle on input line 944.
LaTeX Info: Redefining \lslig on input line 944.
\MT@outer@space=\skip60
)
Package microtype Info: Loading configuration file microtype.cfg.
 (/workspace/ubuntu2004_cuda12_1/utils/tinytex/.TinyTeX/texmf-dist/tex/latex/microtype/microtype.cfg
File: microtype.cfg 2026/03/01 v3.2d microtype main configuration file (RS)
)
LaTeX Info: Redefining \microtypesetup on input line 3065.
)) (/workspace/ubuntu2004_cuda12_1/utils/tinytex/.TinyTeX/texmf-dist/tex/latex/hyperref/hyperref.sty
Package: hyperref 2026-06-17 v7.01r Hypertext links for LaTeX
 (/workspace/ubuntu2004_cuda12_1/utils/tinytex/.TinyTeX/texmf-dist/tex/generic/iftex/iftex.sty
Package: iftex 2024/12/12 v1.0g TeX engine tests
) (/workspace/ubuntu2004_cuda12_1/utils/tinytex/.TinyTeX/texmf-dist/tex/generic/kvdefinekeys/kvdefinekeys.sty
Package: kvdefinekeys 2019-12-19 v1.6 Define keys (HO)
) (/workspace/ubuntu2004_cuda12_1/utils/tinytex/.TinyTeX/texmf-dist/tex/generic/pdfescape/pdfescape.sty
Package: pdfescape 2019/12/09 v1.15 Implements pdfTeX's escape features (HO)
 (/workspace/ubuntu2004_cuda12_1/utils/tinytex/.TinyTeX/texmf-dist/tex/generic/pdftexcmds/pdftexcmds.sty
Package: pdftexcmds 2020-06-27 v0.33 Utility functions of pdfTeX for LuaTeX (HO)
 (/workspace/ubuntu2004_cuda12_1/utils/tinytex/.TinyTeX/texmf-dist/tex/generic/infwarerr/infwarerr.sty
Package: infwarerr 2019/12/03 v1.5 Providing info/warning/error messages (HO)
)
Package pdftexcmds Info: \pdf@primitive is available.
Package pdftexcmds Info: \pdf@ifprimitive is available.
Package pdftexcmds Info: \pdfdraftmode found.
))
(/workspace/ubuntu2004_cuda12_1/utils/tinytex/.TinyTeX/texmf-dist/tex/latex/hycolor/hycolor.sty
Package: hycolor 2020-01-27 v1.10 Color options for hyperref/bookmark (HO)
) (/workspace/ubuntu2004_cuda12_1/utils/tinytex/.TinyTeX/texmf-dist/tex/latex/hyperref/nameref.sty
Package: nameref 2026-01-29 v2.58 Cross-referencing by name of section
 (/workspace/ubuntu2004_cuda12_1/utils/tinytex/.TinyTeX/texmf-dist/tex/latex/refcount/refcount.sty
Package: refcount 2019/12/15 v3.6 Data extraction from label references (HO)
) (/workspace/ubuntu2004_cuda12_1/utils/tinytex/.TinyTeX/texmf-dist/tex/generic/gettitlestring/gettitlestring.sty
Package: gettitlestring 2019/12/15 v1.6 Cleanup title references (HO)
)
\c@section@level=\count357
) (/workspace/ubuntu2004_cuda12_1/utils/tinytex/.TinyTeX/texmf-dist/tex/generic/stringenc/stringenc.sty
Package: stringenc 2019/11/29 v1.12 Convert strings between diff. encodings (HO)
)
\@linkdim=\dimen311
\Hy@linkcounter=\count358
\Hy@pagecounter=\count359
 (/workspace/ubuntu2004_cuda12_1/utils/tinytex/.TinyTeX/texmf-dist/tex/latex/hyperref/pd1enc.def
File: pd1enc.def 2026-06-17 v7.01r Hyperref: PDFDocEncoding definition (HO)
Now handling font encoding PD1 ...
... no UTF-8 mapping file for font encoding PD1
) (/workspace/ubuntu2004_cuda12_1/utils/tinytex/.TinyTeX/texmf-dist/tex/generic/intcalc/intcalc.sty
Package: intcalc 2019/12/15 v1.3 Expandable calculations with integers (HO)
)
\Hy@SavedSpaceFactor=\count360
 (/workspace/ubuntu2004_cuda12_1/utils/tinytex/.TinyTeX/texmf-dist/tex/latex/hyperref/puenc.def
File: puenc.def 2026-06-17 v7.01r Hyperref: PDF Unicode definition (HO)
Now handling font encoding PU ...
... no UTF-8 mapping file for font encoding PU
)
Package hyperref Info: Option `breaklinks' set `true' on input line 4070.
Package hyperref Info: Option `colorlinks' set `true' on input line 4070.
Package hyperref Info: Hyper figures OFF on input line 4199.
Package hyperref Info: Link nesting OFF on input line 4204.
Package hyperref Info: Hyper index ON on input line 4207.
Package hyperref Info: Plain pages OFF on input line 4214.
Package hyperref Info: Backreferencing ON on input line 4217.
Package hyperref Info: Implicit mode ON; LaTeX internals redefined.
Package hyperref Info: Bookmarks ON on input line 4466.
 (/workspace/ubuntu2004_cuda12_1/utils/tinytex/.TinyTeX/texmf-dist/tex/latex/hyperref/backref.sty
Package: backref 2025-06-21 v1.45 Bibliographical back referencing
 (/workspace/ubuntu2004_cuda12_1/utils/tinytex/.TinyTeX/texmf-dist/tex/latex/rerunfilecheck/rerunfilecheck.sty
Package: rerunfilecheck 2025-06-21 v1.11 Rerun checks for auxiliary files (HO)
 (/workspace/ubuntu2004_cuda12_1/utils/tinytex/.TinyTeX/texmf-dist/tex/generic/uniquecounter/uniquecounter.sty
Package: uniquecounter 2019/12/15 v1.4 Provide unlimited unique counter (HO)
 (/workspace/ubuntu2004_cuda12_1/utils/tinytex/.TinyTeX/texmf-dist/tex/generic/bigintcalc/bigintcalc.sty
Package: bigintcalc 2019/12/15 v1.5 Expandable calculations on big integers (HO)
))
Package uniquecounter Info: New unique counter `rerunfilecheck' on input line 284.
))
\c@Hy@tempcnt=\count361
LaTeX Info: Redefining \url on input line 4805.
\XeTeXLinkMargin=\dimen312
 (/workspace/ubuntu2004_cuda12_1/utils/tinytex/.TinyTeX/texmf-dist/tex/generic/bitset/bitset.sty
Package: bitset 2019/12/09 v1.3 Handle bit-vector datatype (HO)
)
\Fld@menulength=\count362
\Field@Width=\dimen313
\Fld@charsize=\dimen314
Package hyperref Info: Hyper figures OFF on input line 6091.
Package hyperref Info: Link nesting OFF on input line 6096.
Package hyperref Info: Hyper index ON on input line 6099.
Package hyperref Info: backreferencing ON on input line 6104.
Package hyperref Info: Link coloring ON on input line 6109.
Package hyperref Info: Link coloring with OCG OFF on input line 6116.
Package hyperref Info: PDF/A mode OFF on input line 6121.
\Hy@abspage=\count363
\c@Item=\count364
\c@Hfootnote=\count365
)
Package hyperref Info: Driver (autodetected): hpdftex.
 (/workspace/ubuntu2004_cuda12_1/utils/tinytex/.TinyTeX/texmf-dist/tex/latex/hyperref/hpdftex.def
File: hpdftex.def 2026-06-17 v7.01r Hyperref driver for pdfTeX
\Fld@listcount=\count366
\c@bookmark@seq@number=\count367
\Hy@SectionHShift=\skip61
) (/workspace/ubuntu2004_cuda12_1/utils/tinytex/.TinyTeX/texmf-dist/tex/latex/cleveref/cleveref.sty
Package: cleveref 2018/03/27 v0.21.4 Intelligent cross-referencing
Package cleveref Info: `hyperref' support loaded on input line 2370.
LaTeX Info: Redefining \cref on input line 2370.
LaTeX Info: Redefining \Cref on input line 2370.
LaTeX Info: Redefining \crefrange on input line 2370.
LaTeX Info: Redefining \Crefrange on input line 2370.
LaTeX Info: Redefining \cpageref on input line 2370.
LaTeX Info: Redefining \Cpageref on input line 2370.
LaTeX Info: Redefining \cpagerefrange on input line 2370.
LaTeX Info: Redefining \Cpagerefrange on input line 2370.
LaTeX Info: Redefining \labelcref on input line 2370.
LaTeX Info: Redefining \labelcpageref on input line 2370.
Package cleveref Info: always capitalise cross-reference names on input line 7830.
Package cleveref Info: always capitalise cross-reference names on input line 7852.
)
==> First Aid for cleveref.sty applied!
LaTeX Font Info:    Trying to load font information for OT1+ptm on input line 33.
(/workspace/ubuntu2004_cuda12_1/utils/tinytex/.TinyTeX/texmf-dist/tex/latex/psnfss/ot1ptm.fd
File: ot1ptm.fd 2001/06/04 font definitions for OT1/ptm.
) (/workspace/ubuntu2004_cuda12_1/utils/tinytex/.TinyTeX/texmf-dist/tex/latex/l3kernel/l3backend-pdftex.def
File: l3backend-pdftex.def 2026-09-09 L3 backend support: PDF output (pdfTeX)
\l__color_backend_stack_int=\count368
) (/workspace/ubuntu2004_cuda12_1/projects/3dgs_relighting/PORT-GS/paper/build/main.aux)
\openout1 = `main.aux'.

LaTeX Font Info:    Checking defaults for OML/cmm/m/it on input line 33.
LaTeX Font Info:    ... okay on input line 33.
LaTeX Font Info:    Checking defaults for OMS/cmsy/m/n on input line 33.
LaTeX Font Info:    ... okay on input line 33.
LaTeX Font Info:    Checking defaults for OT1/cmr/m/n on input line 33.
LaTeX Font Info:    ... okay on input line 33.
LaTeX Font Info:    Checking defaults for T1/cmr/m/n on input line 33.
LaTeX Font Info:    ... okay on input line 33.
LaTeX Font Info:    Checking defaults for TS1/cmr/m/n on input line 33.
LaTeX Font Info:    ... okay on input line 33.
LaTeX Font Info:    Checking defaults for OMX/cmex/m/n on input line 33.
LaTeX Font Info:    ... okay on input line 33.
LaTeX Font Info:    Checking defaults for U/cmr/m/n on input line 33.
LaTeX Font Info:    ... okay on input line 33.
LaTeX Font Info:    Checking defaults for PD1/pdf/m/n on input line 33.
LaTeX Font Info:    ... okay on input line 33.
LaTeX Font Info:    Checking defaults for PU/pdf/m/n on input line 33.
LaTeX Font Info:    ... okay on input line 33.
 (/workspace/ubuntu2004_cuda12_1/utils/tinytex/.TinyTeX/texmf-dist/tex/latex/epstopdf-pkg/epstopdf-base.sty
Package: epstopdf-base 2020-01-24 v2.11 Base part for package epstopdf
 (/workspace/ubuntu2004_cuda12_1/utils/tinytex/.TinyTeX/texmf-dist/tex/latex/grfext/grfext.sty
Package: grfext 2019/12/03 v1.3 Manage graphics extensions (HO)
)
Package epstopdf-base Info: Redefining graphics rule for `.eps' on input line 485.
Package grfext Info: Graphics extension search list:
(grfext)             [.pdf,.png,.jpg,.mps,.jpeg,.jbig2,.jb2,.PDF,.PNG,.JPG,.JPEG,.JBIG2,.JB2,.eps]
(grfext)             \AppendGraphicsExtensions on input line 504.
 (/workspace/ubuntu2004_cuda12_1/utils/tinytex/.TinyTeX/texmf-dist/tex/latex/latexconfig/epstopdf-sys.cfg
File: epstopdf-sys.cfg 2010/07/13 v1.3 Configuration of (r)epstopdf for TeX Live
))
Package caption Info: Begin \AtBeginDocument code.
Package caption Info: hyperref package is loaded.
Package caption Info: End \AtBeginDocument code.
 ABD: EveryShipout initializing macros
LaTeX Info: Redefining \microtypecontext on input line 33.
Package microtype Info: Applying patch `item' on input line 33.
Package microtype Info: Applying patch `toc' on input line 33.
Package microtype Info: Applying patch `eqnum' on input line 33.
Package microtype Info: Applying patch `footnote' on input line 33.
Package microtype Info: Applying patch `verbatim' on input line 33.
LaTeX Info: Redefining \microtypesetup on input line 33.
Package microtype Info: Generating PDF output.
Package microtype Info: Character protrusion enabled (level 2).
Package microtype Info: Using default protrusion set `alltext'.
Package microtype Info: Automatic font expansion enabled (level 2),
(microtype)             stretch: 20, shrink: 20, step: 1, non-selected.
Package microtype Info: Using default expansion set `alltext-nott'.
Package microtype Info: Patching command `\showhyphens'.
Package microtype Info: No adjustment of tracking.
Package microtype Info: No adjustment of interword spacing.
Package microtype Info: No adjustment of character kerning.
 (/workspace/ubuntu2004_cuda12_1/utils/tinytex/.TinyTeX/texmf-dist/tex/latex/microtype/mt-ptm.cfg
File: mt-ptm.cfg 2006/04/20 v1.7 microtype config. file: Times (RS)
)
Package backref Info: ** backref set up for natbib ** on input line 33.
Package hyperref Info: Link coloring ON on input line 33.
 (/workspace/ubuntu2004_cuda12_1/projects/3dgs_relighting/PORT-GS/paper/build/main.out) (/workspace/ubuntu2004_cuda12_1/projects/3dgs_relighting/PORT-GS/paper/build/main.out)
\@outlinefile=\write4
\openout4 = `main.out'.

 (./fig/teaser.tex (/workspace/ubuntu2004_cuda12_1/utils/tinytex/.TinyTeX/texmf-dist/tex/latex/microtype/mt-cmr.cfg
File: mt-cmr.cfg 2013/05/19 v2.2 microtype config. file: Computer Modern Roman (RS)
)
LaTeX Font Info:    Trying to load font information for U+msa on input line 6.
 (/workspace/ubuntu2004_cuda12_1/utils/tinytex/.TinyTeX/texmf-dist/tex/latex/amsfonts/umsa.fd
File: umsa.fd 2013/01/14 v3.01 AMS symbols A
) (/workspace/ubuntu2004_cuda12_1/utils/tinytex/.TinyTeX/texmf-dist/tex/latex/microtype/mt-msa.cfg
File: mt-msa.cfg 2006/02/04 v1.1 microtype config. file: AMS symbols (a) (RS)
)
LaTeX Font Info:    Trying to load font information for U+msb on input line 6.
 (/workspace/ubuntu2004_cuda12_1/utils/tinytex/.TinyTeX/texmf-dist/tex/latex/amsfonts/umsb.fd
File: umsb.fd 2013/01/14 v3.01 AMS symbols B
) (/workspace/ubuntu2004_cuda12_1/utils/tinytex/.TinyTeX/texmf-dist/tex/latex/microtype/mt-msb.cfg
File: mt-msb.cfg 2005/06/01 v1.0 microtype config. file: AMS symbols (b) (RS)
)
<figures/teaser/atlas_depth.png, id=83, 513.92pt x 513.92pt>
File: figures/teaser/atlas_depth.png Graphic file (type png)
<use figures/teaser/atlas_depth.png>
Package pdftex.def Info: figures/teaser/atlas_depth.png  used on input line 7.
(pdftex.def)             Requested size: 68.06602pt x 68.06662pt.
<figures/teaser/atlas_flux.png, id=84, 513.92pt x 513.92pt>
File: figures/teaser/atlas_flux.png Graphic file (type png)
<use figures/teaser/atlas_flux.png>
Package pdftex.def Info: figures/teaser/atlas_flux.png  used on input line 8.
(pdftex.def)             Requested size: 68.06602pt x 68.06662pt.
<figures/teaser/visibility.png, id=85, 513.92pt x 513.92pt>
File: figures/teaser/visibility.png Graphic file (type png)
<use figures/teaser/visibility.png>
Package pdftex.def Info: figures/teaser/visibility.png  used on input line 9.
(pdftex.def)             Requested size: 68.06602pt x 68.06662pt.
<figures/teaser/local.png, id=86, 513.92pt x 513.92pt>
File: figures/teaser/local.png Graphic file (type png)
<use figures/teaser/local.png>
Package pdftex.def Info: figures/teaser/local.png  used on input line 10.
(pdftex.def)             Requested size: 68.06602pt x 68.06662pt.
<figures/teaser/transfer.png, id=87, 513.92pt x 513.92pt>
File: figures/teaser/transfer.png Graphic file (type png)
<use figures/teaser/transfer.png>
Package pdftex.def Info: figures/teaser/transfer.png  used on input line 11.
(pdftex.def)             Requested size: 68.06602pt x 68.06662pt.
<figures/teaser/ours.png, id=88, 513.92pt x 513.92pt>
File: figures/teaser/ours.png Graphic file (type png)
<use figures/teaser/ours.png>
Package pdftex.def Info: figures/teaser/ours.png  used on input line 12.
(pdftex.def)             Requested size: 68.06602pt x 68.06662pt.
<figures/teaser/gt.png, id=89, 513.92pt x 513.92pt>
File: figures/teaser/gt.png Graphic file (type png)
<use figures/teaser/gt.png>
Package pdftex.def Info: figures/teaser/gt.png  used on input line 13.
(pdftex.def)             Requested size: 68.06602pt x 68.06662pt.
CUTED [- LAST -]
Extra skip:0.0pt
Left:0.0pt/0.0pt
Right:0.0pt/0.0pt
Split: 0.0pt
Output:0.0pt
Pageshrink: 0.0pt
Pagestretch: 0.0pt
@colht:498.09496pt
CUTED [output]: 0.0pt
CUTED [leftcolumn badness]: 0
CUTED [rightcolumn badness]: 0
) (./sec/0_abstract.tex) (./sec/1_intro.tex
LaTeX Font Info:    Trying to load font information for OT1+phv on input line 16.
 (/workspace/ubuntu2004_cuda12_1/utils/tinytex/.TinyTeX/texmf-dist/tex/latex/psnfss/ot1phv.fd
File: ot1phv.fd 2020/03/25 scalable font definitions for OT1/phv.
)
Package microtype Info: Loading generic protrusion settings for font family
(microtype)             `phv' (encoding: OT1).
(microtype)             For optimal results, create family-specific settings.
(microtype)             See the microtype manual for details.
 [1{/workspace/ubuntu2004_cuda12_1/utils/tinytex/.TinyTeX/texmf-var/fonts/map/pdftex/updmap/pdftex.map}{/workspace/ubuntu2004_cuda12_1/utils/tinytex/.TinyTeX/texmf-dist/fonts/enc/dvips/base/8r.enc}


 <./figures/teaser/atlas_depth.png (PNG copy)> <./figures/teaser/atlas_flux.png (PNG copy)> <./figures/teaser/visibility.png (PNG copy)> <./figures/teaser/local.png (PNG copy)> <./figures/teaser/transfer.png (PNG copy)> <./figures/teaser/ours.png (PNG copy)> <./figures/teaser/gt.png (PNG copy)>]
LaTeX Font Info:    Trying to load font information for TS1+ptm on input line 31.
 (/workspace/ubuntu2004_cuda12_1/utils/tinytex/.TinyTeX/texmf-dist/tex/latex/psnfss/ts1ptm.fd
File: ts1ptm.fd 2001/06/04 font definitions for TS1/ptm.
)) (./sec/2_related.tex [2]) (./sec/3_method.tex (./fig/pipeline.tex (./fig/pipeline_tikz.tex
LaTeX Font Info:    Calculating math sizes for size <7.4> on input line 24.


LaTeX Font Warning: Font shape `OT1/cmr/m/n' in size <3.7> not available
(Font)              size <5> substituted on input line 24.


LaTeX Font Warning: Font shape `OML/cmm/m/it' in size <3.7> not available
(Font)              size <5> substituted on input line 24.


LaTeX Font Warning: Font shape `OMS/cmsy/m/n' in size <3.7> not available
(Font)              size <5> substituted on input line 24.


LaTeX Font Warning: Font shape `OT1/cmr/bx/n' in size <3.7> not available
(Font)              size <5> substituted on input line 24.


LaTeX Font Warning: Font shape `OML/cmm/b/it' in size <3.7> not available
(Font)              size <5> substituted on input line 25.


LaTeX Font Warning: Font shape `OMS/cmsy/b/n' in size <3.7> not available
(Font)              size <5> substituted on input line 25.

<figures/decomp_hotdog/atlas_depth.png, id=262, 513.92pt x 513.92pt>
File: figures/decomp_hotdog/atlas_depth.png Graphic file (type png)
<use figures/decomp_hotdog/atlas_depth.png>
Package pdftex.def Info: figures/decomp_hotdog/atlas_depth.png  used on input line 32.
(pdftex.def)             Requested size: 34.7077pt x 34.7077pt.
<figures/decomp_hotdog/atlas_flux.png, id=263, 513.92pt x 513.92pt>
File: figures/decomp_hotdog/atlas_flux.png Graphic file (type png)
<use figures/decomp_hotdog/atlas_flux.png>
Package pdftex.def Info: figures/decomp_hotdog/atlas_flux.png  used on input line 33.
(pdftex.def)             Requested size: 34.7077pt x 34.7077pt.
LaTeX Font Info:    Calculating math sizes for size <7.8> on input line 40.

LaTeX Font Warning: Font shape `OT1/cmr/m/n' in size <5.45998> not available
(Font)              size <5> substituted on input line 40.


LaTeX Font Warning: Font shape `OT1/cmr/m/n' in size <3.9> not available
(Font)              size <5> substituted on input line 40.


LaTeX Font Warning: Font shape `OML/cmm/m/it' in size <5.45998> not available
(Font)              size <5> substituted on input line 40.


LaTeX Font Warning: Font shape `OML/cmm/m/it' in size <3.9> not available
(Font)              size <5> substituted on input line 40.


LaTeX Font Warning: Font shape `OMS/cmsy/m/n' in size <5.45998> not available
(Font)              size <5> substituted on input line 40.


LaTeX Font Warning: Font shape `OMS/cmsy/m/n' in size <3.9> not available
(Font)              size <5> substituted on input line 40.


LaTeX Font Warning: Font shape `OT1/cmr/bx/n' in size <5.45998> not available
(Font)              size <5> substituted on input line 40.


LaTeX Font Warning: Font shape `OT1/cmr/bx/n' in size <3.9> not available
(Font)              size <5> substituted on input line 40.

File: figures/decomp_hotdog/atlas_flux.png Graphic file (type png)
<use figures/decomp_hotdog/atlas_flux.png>
Package pdftex.def Info: figures/decomp_hotdog/atlas_flux.png  used on input line 41.
(pdftex.def)             Requested size: 34.7077pt x 34.7077pt.
<figures/decomp_hotdog/atlas_flux_level3.png, id=264, 513.92pt x 513.92pt>
File: figures/decomp_hotdog/atlas_flux_level3.png Graphic file (type png)
<use figures/decomp_hotdog/atlas_flux_level3.png>
Package pdftex.def Info: figures/decomp_hotdog/atlas_flux_level3.png  used on input line 42.
(pdftex.def)             Requested size: 25.6034pt x 25.6034pt.
File: figures/decomp_hotdog/atlas_flux_level3.png Graphic file (type png)
<use figures/decomp_hotdog/atlas_flux_level3.png>
Package pdftex.def Info: figures/decomp_hotdog/atlas_flux_level3.png  used on input line 43.
(pdftex.def)             Requested size: 17.63615pt x 17.63615pt.
<figures/decomp_hotdog/visibility.png, id=265, 513.92pt x 513.92pt>
File: figures/decomp_hotdog/visibility.png Graphic file (type png)
<use figures/decomp_hotdog/visibility.png>
Package pdftex.def Info: figures/decomp_hotdog/visibility.png  used on input line 73.
(pdftex.def)             Requested size: 31.86113pt x 31.86113pt.
<figures/decomp_hotdog/transfer.png, id=266, 513.92pt x 513.92pt>
File: figures/decomp_hotdog/transfer.png Graphic file (type png)
<use figures/decomp_hotdog/transfer.png>
Package pdftex.def Info: figures/decomp_hotdog/transfer.png  used on input line 74.
(pdftex.def)             Requested size: 31.86113pt x 31.86113pt.
<figures/decomp_hotdog/local.png, id=267, 513.92pt x 513.92pt>
File: figures/decomp_hotdog/local.png Graphic file (type png)
<use figures/decomp_hotdog/local.png>
Package pdftex.def Info: figures/decomp_hotdog/local.png  used on input line 75.
(pdftex.def)             Requested size: 31.86113pt x 31.86113pt.
<figures/decomp_hotdog/ours.png, id=268, 513.92pt x 513.92pt>
File: figures/decomp_hotdog/ours.png Graphic file (type png)
<use figures/decomp_hotdog/ours.png>
Package pdftex.def Info: figures/decomp_hotdog/ours.png  used on input line 88.
(pdftex.def)             Requested size: 29.86932pt x 29.86932pt.
)) [3]) (./sec/4_optimization.tex [4 <./figures/decomp_hotdog/atlas_depth.png (PNG copy)> <./figures/decomp_hotdog/atlas_flux.png (PNG copy)> <./figures/decomp_hotdog/atlas_flux_level3.png (PNG copy)> <./figures/decomp_hotdog/visibility.png (PNG copy)> <./figures/decomp_hotdog/transfer.png (PNG copy)> <./figures/decomp_hotdog/local.png (PNG copy)> <./figures/decomp_hotdog/ours.png (PNG copy)>]) (./sec/5_experiments.tex (./tables/main.tex) [5] (./fig/comparison.tex
<figures/comparison/translucent/full.png, id=382, 513.92pt x 513.92pt>
File: figures/comparison/translucent/full.png Graphic file (type png)
<use figures/comparison/translucent/full.png>
Package pdftex.def Info: figures/comparison/translucent/full.png  used on input line 8.
(pdftex.def)             Requested size: 65.08652pt x 65.08675pt.
<figures/comparison/translucent/GT.png, id=383, 256.96pt x 256.96pt>
File: figures/comparison/translucent/GT.png Graphic file (type png)
<use figures/comparison/translucent/GT.png>
Package pdftex.def Info: figures/comparison/translucent/GT.png  used on input line 8.
(pdftex.def)             Requested size: 65.08652pt x 65.08675pt.
<figures/comparison/translucent/LiSA-staged.png, id=384, 256.96pt x 256.96pt>
File: figures/comparison/translucent/LiSA-staged.png Graphic file (type png)
<use figures/comparison/translucent/LiSA-staged.png>
Package pdftex.def Info: figures/comparison/translucent/LiSA-staged.png  used on input line 8.
(pdftex.def)             Requested size: 65.08652pt x 65.08675pt.
<figures/comparison/translucent/SSD-GS.png, id=385, 256.96pt x 256.96pt>
File: figures/comparison/translucent/SSD-GS.png Graphic file (type png)
<use figures/comparison/translucent/SSD-GS.png>
Package pdftex.def Info: figures/comparison/translucent/SSD-GS.png  used on input line 8.
(pdftex.def)             Requested size: 65.08652pt x 65.08675pt.
<figures/comparison/translucent/GS3.png, id=386, 256.96pt x 256.96pt>
File: figures/comparison/translucent/GS3.png Graphic file (type png)
<use figures/comparison/translucent/GS3.png>
Package pdftex.def Info: figures/comparison/translucent/GS3.png  used on input line 8.
(pdftex.def)             Requested size: 65.08652pt x 65.08675pt.
<figures/comparison/translucent/OLAT-Gaussians.png, id=387, 256.96pt x 256.96pt>
File: figures/comparison/translucent/OLAT-Gaussians.png Graphic file (type png)
<use figures/comparison/translucent/OLAT-Gaussians.png>
Package pdftex.def Info: figures/comparison/translucent/OLAT-Gaussians.png  used on input line 8.
(pdftex.def)             Requested size: 65.08652pt x 65.08675pt.
<figures/comparison/translucent/RNG.png, id=388, 256.96pt x 256.96pt>
File: figures/comparison/translucent/RNG.png Graphic file (type png)
<use figures/comparison/translucent/RNG.png>
Package pdftex.def Info: figures/comparison/translucent/RNG.png  used on input line 8.
(pdftex.def)             Requested size: 65.08652pt x 65.08675pt.
<figures/comparison/hotdog/full.png, id=389, 513.92pt x 513.92pt>
File: figures/comparison/hotdog/full.png Graphic file (type png)
<use figures/comparison/hotdog/full.png>
Package pdftex.def Info: figures/comparison/hotdog/full.png  used on input line 10.
(pdftex.def)             Requested size: 65.08652pt x 65.08675pt.
<figures/comparison/hotdog/GT.png, id=390, 256.96pt x 256.96pt>
File: figures/comparison/hotdog/GT.png Graphic file (type png)
<use figures/comparison/hotdog/GT.png>
Package pdftex.def Info: figures/comparison/hotdog/GT.png  used on input line 10.
(pdftex.def)             Requested size: 65.08652pt x 65.08675pt.
<figures/comparison/hotdog/LiSA-staged.png, id=391, 256.96pt x 256.96pt>
File: figures/comparison/hotdog/LiSA-staged.png Graphic file (type png)
<use figures/comparison/hotdog/LiSA-staged.png>
Package pdftex.def Info: figures/comparison/hotdog/LiSA-staged.png  used on input line 10.
(pdftex.def)             Requested size: 65.08652pt x 65.08675pt.
<figures/comparison/hotdog/SSD-GS.png, id=392, 256.96pt x 256.96pt>
File: figures/comparison/hotdog/SSD-GS.png Graphic file (type png)
<use figures/comparison/hotdog/SSD-GS.png>
Package pdftex.def Info: figures/comparison/hotdog/SSD-GS.png  used on input line 10.
(pdftex.def)             Requested size: 65.08652pt x 65.08675pt.
<figures/comparison/hotdog/GS3.png, id=393, 256.96pt x 256.96pt>
File: figures/comparison/hotdog/GS3.png Graphic file (type png)
<use figures/comparison/hotdog/GS3.png>
Package pdftex.def Info: figures/comparison/hotdog/GS3.png  used on input line 10.
(pdftex.def)             Requested size: 65.08652pt x 65.08675pt.
<figures/comparison/hotdog/OLAT-Gaussians.png, id=394, 256.96pt x 256.96pt>
File: figures/comparison/hotdog/OLAT-Gaussians.png Graphic file (type png)
<use figures/comparison/hotdog/OLAT-Gaussians.png>
Package pdftex.def Info: figures/comparison/hotdog/OLAT-Gaussians.png  used on input line 10.
(pdftex.def)             Requested size: 65.08652pt x 65.08675pt.
<figures/comparison/hotdog/RNG.png, id=395, 256.96pt x 256.96pt>
File: figures/comparison/hotdog/RNG.png Graphic file (type png)
<use figures/comparison/hotdog/RNG.png>
Package pdftex.def Info: figures/comparison/hotdog/RNG.png  used on input line 10.
(pdftex.def)             Requested size: 65.08652pt x 65.08675pt.
<figures/comparison/pikachu/full.png, id=396, 513.92pt x 513.92pt>
File: figures/comparison/pikachu/full.png Graphic file (type png)
<use figures/comparison/pikachu/full.png>
Package pdftex.def Info: figures/comparison/pikachu/full.png  used on input line 12.
(pdftex.def)             Requested size: 65.08652pt x 65.08675pt.
<figures/comparison/pikachu/GT.png, id=397, 256.96pt x 256.96pt>
File: figures/comparison/pikachu/GT.png Graphic file (type png)
<use figures/comparison/pikachu/GT.png>
Package pdftex.def Info: figures/comparison/pikachu/GT.png  used on input line 12.
(pdftex.def)             Requested size: 65.08652pt x 65.08675pt.
<figures/comparison/pikachu/LiSA-staged.png, id=398, 256.96pt x 256.96pt>
File: figures/comparison/pikachu/LiSA-staged.png Graphic file (type png)
<use figures/comparison/pikachu/LiSA-staged.png>
Package pdftex.def Info: figures/comparison/pikachu/LiSA-staged.png  used on input line 12.
(pdftex.def)             Requested size: 65.08652pt x 65.08675pt.
<figures/comparison/pikachu/SSD-GS.png, id=399, 256.96pt x 256.96pt>
File: figures/comparison/pikachu/SSD-GS.png Graphic file (type png)
<use figures/comparison/pikachu/SSD-GS.png>
Package pdftex.def Info: figures/comparison/pikachu/SSD-GS.png  used on input line 12.
(pdftex.def)             Requested size: 65.08652pt x 65.08675pt.
<figures/comparison/pikachu/GS3.png, id=400, 256.96pt x 256.96pt>
File: figures/comparison/pikachu/GS3.png Graphic file (type png)
<use figures/comparison/pikachu/GS3.png>
Package pdftex.def Info: figures/comparison/pikachu/GS3.png  used on input line 12.
(pdftex.def)             Requested size: 65.08652pt x 65.08675pt.
<figures/comparison/pikachu/OLAT-Gaussians.png, id=401, 256.96pt x 256.96pt>
File: figures/comparison/pikachu/OLAT-Gaussians.png Graphic file (type png)
<use figures/comparison/pikachu/OLAT-Gaussians.png>
Package pdftex.def Info: figures/comparison/pikachu/OLAT-Gaussians.png  used on input line 12.
(pdftex.def)             Requested size: 65.08652pt x 65.08675pt.
<figures/comparison/pikachu/RNG.png, id=402, 256.96pt x 256.96pt>
File: figures/comparison/pikachu/RNG.png Graphic file (type png)
<use figures/comparison/pikachu/RNG.png>
Package pdftex.def Info: figures/comparison/pikachu/RNG.png  used on input line 12.
(pdftex.def)             Requested size: 65.08652pt x 65.08675pt.
<figures/comparison/fail_drums/full.png, id=403, 513.92pt x 513.92pt>
File: figures/comparison/fail_drums/full.png Graphic file (type png)
<use figures/comparison/fail_drums/full.png>
Package pdftex.def Info: figures/comparison/fail_drums/full.png  used on input line 14.
(pdftex.def)             Requested size: 65.08652pt x 65.08675pt.
<figures/comparison/fail_drums/GT.png, id=404, 256.96pt x 256.96pt>
File: figures/comparison/fail_drums/GT.png Graphic file (type png)
<use figures/comparison/fail_drums/GT.png>
Package pdftex.def Info: figures/comparison/fail_drums/GT.png  used on input line 14.
(pdftex.def)             Requested size: 65.08652pt x 65.08675pt.
<figures/comparison/fail_drums/LiSA-staged.png, id=405, 256.96pt x 256.96pt>
File: figures/comparison/fail_drums/LiSA-staged.png Graphic file (type png)
<use figures/comparison/fail_drums/LiSA-staged.png>
Package pdftex.def Info: figures/comparison/fail_drums/LiSA-staged.png  used on input line 14.
(pdftex.def)             Requested size: 65.08652pt x 65.08675pt.
<figures/comparison/fail_drums/SSD-GS.png, id=406, 256.96pt x 256.96pt>
File: figures/comparison/fail_drums/SSD-GS.png Graphic file (type png)
<use figures/comparison/fail_drums/SSD-GS.png>
Package pdftex.def Info: figures/comparison/fail_drums/SSD-GS.png  used on input line 14.
(pdftex.def)             Requested size: 65.08652pt x 65.08675pt.
<figures/comparison/fail_drums/GS3.png, id=407, 256.96pt x 256.96pt>
File: figures/comparison/fail_drums/GS3.png Graphic file (type png)
<use figures/comparison/fail_drums/GS3.png>
Package pdftex.def Info: figures/comparison/fail_drums/GS3.png  used on input line 14.
(pdftex.def)             Requested size: 65.08652pt x 65.08675pt.
<figures/comparison/fail_drums/OLAT-Gaussians.png, id=408, 256.96pt x 256.96pt>
File: figures/comparison/fail_drums/OLAT-Gaussians.png Graphic file (type png)
<use figures/comparison/fail_drums/OLAT-Gaussians.png>
Package pdftex.def Info: figures/comparison/fail_drums/OLAT-Gaussians.png  used on input line 14.
(pdftex.def)             Requested size: 65.08652pt x 65.08675pt.
<figures/comparison/fail_drums/RNG.png, id=409, 256.96pt x 256.96pt>
File: figures/comparison/fail_drums/RNG.png Graphic file (type png)
<use figures/comparison/fail_drums/RNG.png>
Package pdftex.def Info: figures/comparison/fail_drums/RNG.png  used on input line 14.
(pdftex.def)             Requested size: 65.08652pt x 65.08675pt.
) (./tables/ablation.tex) (./tables/paired.tex) [6]

LaTeX Warning: Text page 7 contains only floats.

[7 <./figures/comparison/translucent/full.png (PNG copy)> <./figures/comparison/translucent/GT.png (PNG copy)> <./figures/comparison/translucent/LiSA-staged.png (PNG copy)> <./figures/comparison/translucent/SSD-GS.png (PNG copy)> <./figures/comparison/translucent/GS3.png (PNG copy)> <./figures/comparison/translucent/OLAT-Gaussians.png (PNG copy)> <./figures/comparison/translucent/RNG.png (PNG copy)> <./figures/comparison/hotdog/full.png (PNG copy)> <./figures/comparison/hotdog/GT.png (PNG copy)> <./figures/comparison/hotdog/LiSA-staged.png (PNG copy)> <./figures/comparison/hotdog/SSD-GS.png (PNG copy)> <./figures/comparison/hotdog/GS3.png (PNG copy)> <./figures/comparison/hotdog/OLAT-Gaussians.png (PNG copy)> <./figures/comparison/hotdog/RNG.png (PNG copy)> <./figures/comparison/pikachu/full.png (PNG copy)> <./figures/comparison/pikachu/GT.png (PNG copy)> <./figures/comparison/pikachu/LiSA-staged.png (PNG copy)> <./figures/comparison/pikachu/SSD-GS.png (PNG copy)> <./figures/comparison/pikachu/GS3.png (PNG copy)> <./figures/comparison/pikachu/OLAT-Gaussians.png (PNG copy)> <./figures/comparison/pikachu/RNG.png (PNG copy)> <./figures/comparison/fail_drums/full.png (PNG copy)> <./figures/comparison/fail_drums/GT.png (PNG copy)> <./figures/comparison/fail_drums/LiSA-staged.png (PNG copy)> <./figures/comparison/fail_drums/SSD-GS.png (PNG copy)> <./figures/comparison/fail_drums/GS3.png (PNG copy)> <./figures/comparison/fail_drums/OLAT-Gaussians.png (PNG copy)> <./figures/comparison/fail_drums/RNG.png (PNG copy)>] (./tables/holdout.tex) (./fig/loss_domain.tex
<figures/loss_domain/lego/control_crop.png, id=432, 256.96pt x 256.96pt>
File: figures/loss_domain/lego/control_crop.png Graphic file (type png)
<use figures/loss_domain/lego/control_crop.png>
Package pdftex.def Info: figures/loss_domain/lego/control_crop.png  used on input line 8.
(pdftex.def)             Requested size: 76.35924pt x 76.3593pt.
<figures/loss_domain/lego/ours_crop.png, id=433, 256.96pt x 256.96pt>
File: figures/loss_domain/lego/ours_crop.png Graphic file (type png)
<use figures/loss_domain/lego/ours_crop.png>
Package pdftex.def Info: figures/loss_domain/lego/ours_crop.png  used on input line 8.
(pdftex.def)             Requested size: 76.35924pt x 76.3593pt.
<figures/loss_domain/lego/gt_crop.png, id=434, 256.96pt x 256.96pt>
File: figures/loss_domain/lego/gt_crop.png Graphic file (type png)
<use figures/loss_domain/lego/gt_crop.png>
Package pdftex.def Info: figures/loss_domain/lego/gt_crop.png  used on input line 8.
(pdftex.def)             Requested size: 76.35924pt x 76.3593pt.
<figures/loss_domain/drums/control_crop.png, id=435, 256.96pt x 256.96pt>
File: figures/loss_domain/drums/control_crop.png Graphic file (type png)
<use figures/loss_domain/drums/control_crop.png>
Package pdftex.def Info: figures/loss_domain/drums/control_crop.png  used on input line 10.
(pdftex.def)             Requested size: 76.35924pt x 76.3593pt.
<figures/loss_domain/drums/ours_crop.png, id=436, 256.96pt x 256.96pt>
File: figures/loss_domain/drums/ours_crop.png Graphic file (type png)
<use figures/loss_domain/drums/ours_crop.png>
Package pdftex.def Info: figures/loss_domain/drums/ours_crop.png  used on input line 10.
(pdftex.def)             Requested size: 76.35924pt x 76.3593pt.
<figures/loss_domain/drums/gt_crop.png, id=437, 256.96pt x 256.96pt>
File: figures/loss_domain/drums/gt_crop.png Graphic file (type png)
<use figures/loss_domain/drums/gt_crop.png>
Package pdftex.def Info: figures/loss_domain/drums/gt_crop.png  used on input line 10.
(pdftex.def)             Requested size: 76.35924pt x 76.3593pt.
)) (./sec/6_conclusion.tex) (/workspace/ubuntu2004_cuda12_1/projects/3dgs_relighting/PORT-GS/paper/build/main.bbl (/workspace/ubuntu2004_cuda12_1/projects/3dgs_relighting/PORT-GS/paper/build/main.brf)
\tf@brf=\write5
\openout5 = `main.brf'.

 [8 <./figures/loss_domain/lego/control_crop.png (PNG copy)> <./figures/loss_domain/lego/ours_crop.png (PNG copy)> <./figures/loss_domain/lego/gt_crop.png (PNG copy)> <./figures/loss_domain/drums/control_crop.png (PNG copy)> <./figures/loss_domain/drums/ours_crop.png (PNG copy)> <./figures/loss_domain/drums/gt_crop.png (PNG copy)>] [9] [10]) [11

] (/workspace/ubuntu2004_cuda12_1/projects/3dgs_relighting/PORT-GS/paper/build/main.aux)
 ***********
LaTeX2e <2026-06-01>
L3 programming layer <2026-09-09>
 ***********


LaTeX Font Warning: Size substitutions with differences
(Font)              up to 1.3pt have occurred.

Package rerunfilecheck Info: File `main.out' has not changed.
(rerunfilecheck)             Checksum: 7683D3EEEEB0A8BA9E47C79D5C8FA245;3026.
Package rerunfilecheck Info: File `main.brf' has not changed.
(rerunfilecheck)             Checksum: 01535CA82B92B0A9AA38AC15F22736C1;6080.
 ) 
Here is how much of TeX's memory you used:
 29728 strings out of 469040
 579140 string characters out of 5457102
 1026908 words of memory out of 5000000
 57687 multiletter control sequences out of 15000+600000
 704459 words of font info for 467 fonts, out of 8000000 for 9000
 14 hyphenation exceptions out of 8191
 100i,13n,98p,1001b,960s stack positions out of 10000i,1000n,20000p,200000b,200000s
</workspace/ubuntu2004_cuda12_1/utils/tinytex/.TinyTeX/texmf-dist/fonts/type1/public/amsfonts/cm/cmbx10.pfb></workspace/ubuntu2004_cuda12_1/utils/tinytex/.TinyTeX/texmf-dist/fonts/type1/public/amsfonts/cm/cmbx7.pfb></workspace/ubuntu2004_cuda12_1/utils/tinytex/.TinyTeX/texmf-dist/fonts/type1/public/amsfonts/cm/cmbx8.pfb></workspace/ubuntu2004_cuda12_1/utils/tinytex/.TinyTeX/texmf-dist/fonts/type1/public/amsfonts/cm/cmbx9.pfb></workspace/ubuntu2004_cuda12_1/utils/tinytex/.TinyTeX/texmf-dist/fonts/type1/public/amsfonts/cm/cmex10.pfb></workspace/ubuntu2004_cuda12_1/utils/tinytex/.TinyTeX/texmf-dist/fonts/type1/public/amsfonts/cmextra/cmex7.pfb></workspace/ubuntu2004_cuda12_1/utils/tinytex/.TinyTeX/texmf-dist/fonts/type1/public/amsfonts/cm/cmmi10.pfb></workspace/ubuntu2004_cuda12_1/utils/tinytex/.TinyTeX/texmf-dist/fonts/type1/public/amsfonts/cm/cmmi5.pfb></workspace/ubuntu2004_cuda12_1/utils/tinytex/.TinyTeX/texmf-dist/fonts/type1/public/amsfonts/cm/cmmi6.pfb></workspace/ubuntu2004_cuda12_1/utils/tinytex/.TinyTeX/texmf-dist/fonts/type1/public/amsfonts/cm/cmmi7.pfb></workspace/ubuntu2004_cuda12_1/utils/tinytex/.TinyTeX/texmf-dist/fonts/type1/public/amsfonts/cm/cmmi9.pfb></workspace/ubuntu2004_cuda12_1/utils/tinytex/.TinyTeX/texmf-dist/fonts/type1/public/amsfonts/cm/cmmib10.pfb></workspace/ubuntu2004_cuda12_1/utils/tinytex/.TinyTeX/texmf-dist/fonts/type1/public/amsfonts/cmextra/cmmib7.pfb></workspace/ubuntu2004_cuda12_1/utils/tinytex/.TinyTeX/texmf-dist/fonts/type1/public/amsfonts/cmextra/cmmib9.pfb></workspace/ubuntu2004_cuda12_1/utils/tinytex/.TinyTeX/texmf-dist/fonts/type1/public/amsfonts/cm/cmr10.pfb></workspace/ubuntu2004_cuda12_1/utils/tinytex/.TinyTeX/texmf-dist/fonts/type1/public/amsfonts/cm/cmr5.pfb></workspace/ubuntu2004_cuda12_1/utils/tinytex/.TinyTeX/texmf-dist/fonts/type1/public/amsfonts/cm/cmr6.pfb></workspace/ubuntu2004_cuda12_1/utils/tinytex/.TinyTeX/texmf-dist/fonts/type1/public/amsfonts/cm/cmr7.pfb></workspace/ubuntu2004_cuda12_1/utils/tinytex/.TinyTeX/texmf-dist/fonts/type1/public/amsfonts/cm/cmr9.pfb></workspace/ubuntu2004_cuda12_1/utils/tinytex/.TinyTeX/texmf-dist/fonts/type1/public/amsfonts/cm/cmsy10.pfb></workspace/ubuntu2004_cuda12_1/utils/tinytex/.TinyTeX/texmf-dist/fonts/type1/public/amsfonts/cm/cmsy5.pfb></workspace/ubuntu2004_cuda12_1/utils/tinytex/.TinyTeX/texmf-dist/fonts/type1/public/amsfonts/cm/cmsy6.pfb></workspace/ubuntu2004_cuda12_1/utils/tinytex/.TinyTeX/texmf-dist/fonts/type1/public/amsfonts/cm/cmsy7.pfb></workspace/ubuntu2004_cuda12_1/utils/tinytex/.TinyTeX/texmf-dist/fonts/type1/public/amsfonts/cm/cmsy8.pfb></workspace/ubuntu2004_cuda12_1/utils/tinytex/.TinyTeX/texmf-dist/fonts/type1/public/amsfonts/cm/cmsy9.pfb></workspace/ubuntu2004_cuda12_1/utils/tinytex/.TinyTeX/texmf-dist/fonts/type1/public/amsfonts/symbols/msbm10.pfb></workspace/ubuntu2004_cuda12_1/utils/tinytex/.TinyTeX/texmf-dist/fonts/type1/urw/helvetic/uhvb8a.pfb></workspace/ubuntu2004_cuda12_1/utils/tinytex/.TinyTeX/texmf-dist/fonts/type1/urw/helvetic/uhvr8a.pfb></workspace/ubuntu2004_cuda12_1/utils/tinytex/.TinyTeX/texmf-dist/fonts/type1/urw/times/utmb8a.pfb></workspace/ubuntu2004_cuda12_1/utils/tinytex/.TinyTeX/texmf-dist/fonts/type1/urw/times/utmr8a.pfb></workspace/ubuntu2004_cuda12_1/utils/tinytex/.TinyTeX/texmf-dist/fonts/type1/urw/times/utmri8a.pfb>
Output written on /workspace/ubuntu2004_cuda12_1/projects/3dgs_relighting/PORT-GS/paper/build/main.pdf (11 pages, 4753865 bytes).
PDF statistics:
 718 PDF objects out of 1000 (max. 8388607)
 587 compressed objects within 6 object streams
 130 named destinations out of 1000 (max. 500000)
 95637 words of extra memory for PDF output out of 106986 (max. 10000000)

